#####

beginning of 'journalctl -b0'

#####
-- Logs begin at Sun 2018-08-12 19:02:11 EEST, end at Fri 2019-03-29 23:44:37 EET. --
Mar 29 23:29:10 utku2 kernel: Linux version 4.14.107-1-MANJARO (builduser@development) (gcc version 8.2.1 20181127 (GCC)) #1 SMP PREEMPT Tue Mar 19 17:45:48 UTC 2019
Mar 29 23:29:10 utku2 kernel: Command line: BOOT_IMAGE=/boot/vmlinuz-4.14-x86_64 root=UUID=e304eb4f-379d-4872-a185-c1b0dacf4666 rw quiet
Mar 29 23:29:10 utku2 kernel: [Firmware Info]: CPU: Re-enabling disabled Topology Extensions Support.
Mar 29 23:29:10 utku2 kernel: x86/fpu: Supporting XSAVE feature 0x001: 'x87 floating point registers'
Mar 29 23:29:10 utku2 kernel: x86/fpu: Supporting XSAVE feature 0x002: 'SSE registers'
Mar 29 23:29:10 utku2 kernel: x86/fpu: Supporting XSAVE feature 0x004: 'AVX registers'
Mar 29 23:29:10 utku2 kernel: x86/fpu: xstate_offset[2]:  576, xstate_sizes[2]:  256
Mar 29 23:29:10 utku2 kernel: x86/fpu: Enabled xstate features 0x7, context size is 832 bytes, using 'standard' format.
Mar 29 23:29:10 utku2 kernel: e820: BIOS-provided physical RAM map:
Mar 29 23:29:10 utku2 kernel: BIOS-e820: [mem 0x0000000000000000-0x000000000009f7ff] usable
Mar 29 23:29:10 utku2 kernel: BIOS-e820: [mem 0x000000000009f800-0x000000000009ffff] reserved
Mar 29 23:29:10 utku2 kernel: BIOS-e820: [mem 0x00000000000e0000-0x00000000000fffff] reserved
Mar 29 23:29:10 utku2 kernel: BIOS-e820: [mem 0x0000000000100000-0x00000000b93b4fff] usable
Mar 29 23:29:10 utku2 kernel: BIOS-e820: [mem 0x00000000b93b5000-0x00000000b9db4fff] ACPI NVS
Mar 29 23:29:10 utku2 kernel: BIOS-e820: [mem 0x00000000b9db5000-0x00000000befbdfff] usable
Mar 29 23:29:10 utku2 kernel: BIOS-e820: [mem 0x00000000befbe000-0x00000000bf8bdfff] reserved
Mar 29 23:29:10 utku2 kernel: BIOS-e820: [mem 0x00000000bf8be000-0x00000000bfbbdfff] ACPI NVS
Mar 29 23:29:10 utku2 kernel: BIOS-e820: [mem 0x00000000bfbbe000-0x00000000bfbfefff] ACPI data
Mar 29 23:29:10 utku2 kernel: BIOS-e820: [mem 0x00000000bfbff000-0x00000000bfbfffff] usable
Mar 29 23:29:10 utku2 kernel: BIOS-e820: [mem 0x00000000bfc00000-0x00000000bfffffff] reserved
Mar 29 23:29:10 utku2 kernel: BIOS-e820: [mem 0x00000000d1000000-0x00000000d10fffff] reserved
Mar 29 23:29:10 utku2 kernel: BIOS-e820: [mem 0x00000000f8000000-0x00000000fbffffff] reserved
Mar 29 23:29:10 utku2 kernel: BIOS-e820: [mem 0x00000000fec00000-0x00000000fec00fff] reserved
Mar 29 23:29:10 utku2 kernel: BIOS-e820: [mem 0x00000000fec10000-0x00000000fec10fff] reserved
Mar 29 23:29:10 utku2 kernel: BIOS-e820: [mem 0x00000000fed80000-0x00000000fed80fff] reserved
Mar 29 23:29:10 utku2 kernel: BIOS-e820: [mem 0x00000000fee00000-0x00000000fee00fff] reserved
Mar 29 23:29:10 utku2 kernel: BIOS-e820: [mem 0x00000000ff800000-0x00000000ffffffff] reserved
Mar 29 23:29:10 utku2 kernel: BIOS-e820: [mem 0x0000000100000000-0x00000001feffffff] usable
Mar 29 23:29:10 utku2 kernel: BIOS-e820: [mem 0x00000001ff000000-0x000000023effffff] reserved
Mar 29 23:29:10 utku2 kernel: NX (Execute Disable) protection: active
Mar 29 23:29:10 utku2 kernel: SMBIOS 3.0 present.
Mar 29 23:29:10 utku2 kernel: DMI: Acer Aspire A515-41G/Wartortle_BS, BIOS V1.09 06/27/2018
Mar 29 23:29:10 utku2 kernel: tsc: Fast TSC calibration using PIT
Mar 29 23:29:10 utku2 kernel: e820: update [mem 0x00000000-0x00000fff] usable ==> reserved
Mar 29 23:29:10 utku2 kernel: e820: remove [mem 0x000a0000-0x000fffff] usable
Mar 29 23:29:10 utku2 kernel: e820: last_pfn = 0x1ff000 max_arch_pfn = 0x400000000
Mar 29 23:29:10 utku2 kernel: MTRR default type: uncachable
Mar 29 23:29:10 utku2 kernel: MTRR fixed ranges enabled:
Mar 29 23:29:10 utku2 kernel:   00000-9FFFF write-back
Mar 29 23:29:10 utku2 kernel:   A0000-BFFFF uncachable
Mar 29 23:29:10 utku2 kernel:   C0000-FFFFF write-through
Mar 29 23:29:10 utku2 kernel: MTRR variable ranges enabled:
Mar 29 23:29:10 utku2 kernel:   0 base 000000000000 mask FFFF80000000 write-back
Mar 29 23:29:10 utku2 kernel:   1 base 000080000000 mask FFFFC0000000 write-back
Mar 29 23:29:10 utku2 kernel:   2 base 0000FF800000 mask FFFFFF800000 write-protect
Mar 29 23:29:10 utku2 kernel:   3 disabled
Mar 29 23:29:10 utku2 kernel:   4 disabled
Mar 29 23:29:10 utku2 kernel:   5 disabled
Mar 29 23:29:10 utku2 kernel:   6 disabled
Mar 29 23:29:10 utku2 kernel:   7 disabled
Mar 29 23:29:10 utku2 kernel: TOM2: 000000023f000000 aka 9200M
Mar 29 23:29:10 utku2 kernel: x86/PAT: Configuration [0-7]: WB  WC  UC- UC  WB  WP  UC- WT  
Mar 29 23:29:10 utku2 kernel: e820: last_pfn = 0xbfc00 max_arch_pfn = 0x400000000
Mar 29 23:29:10 utku2 kernel: Scanning 1 areas for low memory corruption
Mar 29 23:29:10 utku2 kernel: Base memory trampoline at [ffff937ec0099000] 99000 size 24576
Mar 29 23:29:10 utku2 kernel: Using GB pages for direct mapping
Mar 29 23:29:10 utku2 kernel: BRK [0x12b63c000, 0x12b63cfff] PGTABLE
Mar 29 23:29:10 utku2 kernel: BRK [0x12b63d000, 0x12b63dfff] PGTABLE
Mar 29 23:29:10 utku2 kernel: BRK [0x12b63e000, 0x12b63efff] PGTABLE
Mar 29 23:29:10 utku2 kernel: BRK [0x12b63f000, 0x12b63ffff] PGTABLE
Mar 29 23:29:10 utku2 kernel: BRK [0x12b640000, 0x12b640fff] PGTABLE
Mar 29 23:29:10 utku2 kernel: BRK [0x12b641000, 0x12b641fff] PGTABLE
Mar 29 23:29:10 utku2 kernel: BRK [0x12b642000, 0x12b642fff] PGTABLE
Mar 29 23:29:10 utku2 kernel: BRK [0x12b643000, 0x12b643fff] PGTABLE
Mar 29 23:29:10 utku2 kernel: BRK [0x12b644000, 0x12b644fff] PGTABLE
Mar 29 23:29:10 utku2 kernel: BRK [0x12b645000, 0x12b645fff] PGTABLE
Mar 29 23:29:10 utku2 kernel: BRK [0x12b646000, 0x12b646fff] PGTABLE
Mar 29 23:29:10 utku2 kernel: RAMDISK: [mem 0x36ab5000-0x37551fff]
Mar 29 23:29:10 utku2 kernel: ACPI: Early table checksum verification disabled
Mar 29 23:29:10 utku2 kernel: ACPI: RSDP 0x00000000000FE020 000024 (v02 ACRSYS)
Mar 29 23:29:10 utku2 kernel: ACPI: XSDT 0x00000000BFBD2188 0000D4 (v01 ACRSYS ACRPRDCT 00000001      01000013)
Mar 29 23:29:10 utku2 kernel: ACPI: FACP 0x00000000BFBF9000 00010C (v05 ACRSYS ACRPRDCT 00000001 1025 00040000)
Mar 29 23:29:10 utku2 kernel: ACPI: DSDT 0x00000000BFBEB000 00800B (v01 ACRSYS ACRPRDCT 00040000 1025 00040000)
Mar 29 23:29:10 utku2 kernel: ACPI: FACS 0x00000000BFB85000 000040
Mar 29 23:29:10 utku2 kernel: ACPI: UEFI 0x00000000BFBFD000 000236 (v01 ACRSYS ACRPRDCT 00000001 1025 00040000)
Mar 29 23:29:10 utku2 kernel: ACPI: MSDM 0x00000000BFBFC000 000055 (v03 ACRSYS ACRPRDCT 00000001 1025 00040000)
Mar 29 23:29:10 utku2 kernel: ACPI: ASF! 0x00000000BFBFB000 0000A5 (v32 ACRSYS ACRPRDCT 00000001 1025 00040000)
Mar 29 23:29:10 utku2 kernel: ACPI: BOOT 0x00000000BFBFA000 000028 (v01 ACRSYS ACRPRDCT 00000001 1025 00040000)
Mar 29 23:29:10 utku2 kernel: ACPI: HPET 0x00000000BFBF8000 000038 (v01 ACRSYS ACRPRDCT 00000001 1025 00040000)
Mar 29 23:29:10 utku2 kernel: ACPI: APIC 0x00000000BFBF7000 000090 (v03 ACRSYS ACRPRDCT 00000001 1025 00040000)
Mar 29 23:29:10 utku2 kernel: ACPI: MCFG 0x00000000BFBF6000 00003C (v01 ACRSYS ACRPRDCT 00000001 1025 00040000)
Mar 29 23:29:10 utku2 kernel: ACPI: SPCR 0x00000000BFBF4000 000050 (v01 ACRSYS ACRPRDCT 00000001 1025 00040000)
Mar 29 23:29:10 utku2 kernel: ACPI: UEFI 0x00000000BFBEA000 000042 (v01 ACRSYS ACRPRDCT 00000000 1025 00040000)
Mar 29 23:29:10 utku2 kernel: ACPI: SSDT 0x00000000BFBE4000 0054D0 (v01 ACRSYS ACRPRDCT 00001000 1025 00040000)
Mar 29 23:29:10 utku2 kernel: ACPI: SSDT 0x00000000BFBF5000 0009F8 (v01 ACRSYS ACRPRDCT 00000001 1025 00040000)
Mar 29 23:29:10 utku2 kernel: ACPI: SSDT 0x00000000BFBDB000 00888F (v02 ACRSYS ACRPRDCT 00000002 1025 00040000)
Mar 29 23:29:10 utku2 kernel: ACPI: IVRS 0x00000000BFBDA000 0000D0 (v02 ACRSYS ACRPRDCT 00000001 1025 00040000)
Mar 29 23:29:10 utku2 kernel: ACPI: CRAT 0x00000000BFBD9000 000528 (v01 ACRSYS ACRPRDCT 00000001 1025 00040000)
Mar 29 23:29:10 utku2 kernel: ACPI: SSDT 0x00000000BFBD8000 000482 (v01 ACRSYS ACRPRDCT 00001000 1025 00040000)
Mar 29 23:29:10 utku2 kernel: ACPI: TPM2 0x00000000BFBD7000 000034 (v03 ACRSYS ACRPRDCT 00000002 1025 00040000)
Mar 29 23:29:10 utku2 kernel: ACPI: SSDT 0x00000000BFBD5000 0015EA (v01 ACRSYS ACRPRDCT 00000001 1025 00040000)
Mar 29 23:29:10 utku2 kernel: ACPI: SSDT 0x00000000BFBD4000 000B5E (v01 ACRSYS ACRPRDCT 00000001 1025 00040000)
Mar 29 23:29:10 utku2 kernel: ACPI: SSDT 0x00000000BFBD3000 000454 (v01 ACRSYS ACRPRDCT 00000001 1025 00040000)
Mar 29 23:29:10 utku2 kernel: ACPI: SSDT 0x00000000BFBD0000 00165E (v01 ACRSYS ACRPRDCT 00000001 1025 00040000)
Mar 29 23:29:10 utku2 kernel: ACPI: FPDT 0x00000000BFBCF000 000044 (v01 ACRSYS ACRPRDCT 00000002 1025 00040000)
Mar 29 23:29:10 utku2 kernel: ACPI: Local APIC address 0xfee00000
Mar 29 23:29:10 utku2 kernel: No NUMA configuration found
Mar 29 23:29:10 utku2 kernel: Faking a node at [mem 0x0000000000000000-0x00000001feffffff]
Mar 29 23:29:10 utku2 kernel: NODE_DATA(0) allocated [mem 0x1feffc000-0x1feffffff]
Mar 29 23:29:10 utku2 kernel: Zone ranges:
Mar 29 23:29:10 utku2 kernel:   DMA      [mem 0x0000000000001000-0x0000000000ffffff]
Mar 29 23:29:10 utku2 kernel:   DMA32    [mem 0x0000000001000000-0x00000000ffffffff]
Mar 29 23:29:10 utku2 kernel:   Normal   [mem 0x0000000100000000-0x00000001feffffff]
Mar 29 23:29:10 utku2 kernel:   Device   empty
Mar 29 23:29:10 utku2 kernel: Movable zone start for each node
Mar 29 23:29:10 utku2 kernel: Early memory node ranges
Mar 29 23:29:10 utku2 kernel:   node   0: [mem 0x0000000000001000-0x000000000009efff]
Mar 29 23:29:10 utku2 kernel:   node   0: [mem 0x0000000000100000-0x00000000b93b4fff]
Mar 29 23:29:10 utku2 kernel:   node   0: [mem 0x00000000b9db5000-0x00000000befbdfff]
Mar 29 23:29:10 utku2 kernel:   node   0: [mem 0x00000000bfbff000-0x00000000bfbfffff]
Mar 29 23:29:10 utku2 kernel:   node   0: [mem 0x0000000100000000-0x00000001feffffff]
Mar 29 23:29:10 utku2 kernel: Initmem setup node 0 [mem 0x0000000000001000-0x00000001feffffff]
Mar 29 23:29:10 utku2 kernel: On node 0 totalpages: 1824093
Mar 29 23:29:10 utku2 kernel:   DMA zone: 64 pages used for memmap
Mar 29 23:29:10 utku2 kernel:   DMA zone: 21 pages reserved
Mar 29 23:29:10 utku2 kernel:   DMA zone: 3998 pages, LIFO batch:0
Mar 29 23:29:10 utku2 kernel:   DMA32 zone: 12119 pages used for memmap
Mar 29 23:29:10 utku2 kernel:   DMA32 zone: 775615 pages, LIFO batch:31
Mar 29 23:29:10 utku2 kernel:   Normal zone: 16320 pages used for memmap
Mar 29 23:29:10 utku2 kernel:   Normal zone: 1044480 pages, LIFO batch:31
Mar 29 23:29:10 utku2 kernel: ACPI: PM-Timer IO Port: 0x408
Mar 29 23:29:10 utku2 kernel: ACPI: Local APIC address 0xfee00000
Mar 29 23:29:10 utku2 kernel: ACPI: LAPIC_NMI (acpi_id[0x00] high edge lint[0x1])
Mar 29 23:29:10 utku2 kernel: ACPI: LAPIC_NMI (acpi_id[0x01] high edge lint[0x1])
Mar 29 23:29:10 utku2 kernel: ACPI: LAPIC_NMI (acpi_id[0x02] high edge lint[0x1])
Mar 29 23:29:10 utku2 kernel: ACPI: LAPIC_NMI (acpi_id[0x03] high edge lint[0x1])
Mar 29 23:29:10 utku2 kernel: IOAPIC[0]: apic_id 4, version 33, address 0xfec00000, GSI 0-23
Mar 29 23:29:10 utku2 kernel: IOAPIC[1]: apic_id 5, version 33, address 0xfec01000, GSI 24-55
Mar 29 23:29:10 utku2 kernel: ACPI: INT_SRC_OVR (bus 0 bus_irq 0 global_irq 2 dfl dfl)
Mar 29 23:29:10 utku2 kernel: ACPI: INT_SRC_OVR (bus 0 bus_irq 9 global_irq 9 low level)
Mar 29 23:29:10 utku2 kernel: ACPI: IRQ0 used by override.
Mar 29 23:29:10 utku2 kernel: ACPI: IRQ9 used by override.
Mar 29 23:29:10 utku2 kernel: Using ACPI (MADT) for SMP configuration information
Mar 29 23:29:10 utku2 kernel: ACPI: HPET id: 0x10228210 base: 0xfed00000
Mar 29 23:29:10 utku2 kernel: smpboot: Allowing 4 CPUs, 0 hotplug CPUs
Mar 29 23:29:10 utku2 kernel: PM: Registered nosave memory: [mem 0x00000000-0x00000fff]
Mar 29 23:29:10 utku2 kernel: PM: Registered nosave memory: [mem 0x0009f000-0x0009ffff]
Mar 29 23:29:10 utku2 kernel: PM: Registered nosave memory: [mem 0x000a0000-0x000dffff]
Mar 29 23:29:10 utku2 kernel: PM: Registered nosave memory: [mem 0x000e0000-0x000fffff]
Mar 29 23:29:10 utku2 kernel: PM: Registered nosave memory: [mem 0xb93b5000-0xb9db4fff]
Mar 29 23:29:10 utku2 kernel: PM: Registered nosave memory: [mem 0xbefbe000-0xbf8bdfff]
Mar 29 23:29:10 utku2 kernel: PM: Registered nosave memory: [mem 0xbf8be000-0xbfbbdfff]
Mar 29 23:29:10 utku2 kernel: PM: Registered nosave memory: [mem 0xbfbbe000-0xbfbfefff]
Mar 29 23:29:10 utku2 kernel: PM: Registered nosave memory: [mem 0xbfc00000-0xbfffffff]
Mar 29 23:29:10 utku2 kernel: PM: Registered nosave memory: [mem 0xc0000000-0xd0ffffff]
Mar 29 23:29:10 utku2 kernel: PM: Registered nosave memory: [mem 0xd1000000-0xd10fffff]
Mar 29 23:29:10 utku2 kernel: PM: Registered nosave memory: [mem 0xd1100000-0xf7ffffff]
Mar 29 23:29:10 utku2 kernel: PM: Registered nosave memory: [mem 0xf8000000-0xfbffffff]
Mar 29 23:29:10 utku2 kernel: PM: Registered nosave memory: [mem 0xfc000000-0xfebfffff]
Mar 29 23:29:10 utku2 kernel: PM: Registered nosave memory: [mem 0xfec00000-0xfec00fff]
Mar 29 23:29:10 utku2 kernel: PM: Registered nosave memory: [mem 0xfec01000-0xfec0ffff]
Mar 29 23:29:10 utku2 kernel: PM: Registered nosave memory: [mem 0xfec10000-0xfec10fff]
Mar 29 23:29:10 utku2 kernel: PM: Registered nosave memory: [mem 0xfec11000-0xfed7ffff]
Mar 29 23:29:10 utku2 kernel: PM: Registered nosave memory: [mem 0xfed80000-0xfed80fff]
Mar 29 23:29:10 utku2 kernel: PM: Registered nosave memory: [mem 0xfed81000-0xfedfffff]
Mar 29 23:29:10 utku2 kernel: PM: Registered nosave memory: [mem 0xfee00000-0xfee00fff]
Mar 29 23:29:10 utku2 kernel: PM: Registered nosave memory: [mem 0xfee01000-0xff7fffff]
Mar 29 23:29:10 utku2 kernel: PM: Registered nosave memory: [mem 0xff800000-0xffffffff]
Mar 29 23:29:10 utku2 kernel: e820: [mem 0xd1100000-0xf7ffffff] available for PCI devices
Mar 29 23:29:10 utku2 kernel: Booting paravirtualized kernel on bare hardware
Mar 29 23:29:10 utku2 kernel: clocksource: refined-jiffies: mask: 0xffffffff max_cycles: 0xffffffff, max_idle_ns: 6370452778343963 ns
Mar 29 23:29:10 utku2 kernel: random: get_random_bytes called from start_kernel+0x93/0x4d3 with crng_init=0
Mar 29 23:29:10 utku2 kernel: setup_percpu: NR_CPUS:128 nr_cpumask_bits:128 nr_cpu_ids:4 nr_node_ids:1
Mar 29 23:29:10 utku2 kernel: percpu: Embedded 42 pages/cpu @ffff9380bec00000 s134296 r8192 d29544 u524288
Mar 29 23:29:10 utku2 kernel: pcpu-alloc: s134296 r8192 d29544 u524288 alloc=1*2097152
Mar 29 23:29:10 utku2 kernel: pcpu-alloc: [0] 0 1 2 3 
Mar 29 23:29:10 utku2 kernel: Built 1 zonelists, mobility grouping on.  Total pages: 1795569
Mar 29 23:29:10 utku2 kernel: Policy zone: Normal
Mar 29 23:29:10 utku2 kernel: Kernel command line: BOOT_IMAGE=/boot/vmlinuz-4.14-x86_64 root=UUID=e304eb4f-379d-4872-a185-c1b0dacf4666 rw quiet
Mar 29 23:29:10 utku2 kernel: PID hash table entries: 4096 (order: 3, 32768 bytes)
Mar 29 23:29:10 utku2 kernel: Calgary: detecting Calgary via BIOS EBDA area
Mar 29 23:29:10 utku2 kernel: Calgary: Unable to locate Rio Grande table in EBDA - bailing!
Mar 29 23:29:10 utku2 kernel: Memory: 7081184K/7296372K available (10252K kernel code, 1172K rwdata, 2884K rodata, 1384K init, 956K bss, 215188K reserved, 0K cma-reserved)
Mar 29 23:29:10 utku2 kernel: SLUB: HWalign=64, Order=0-3, MinObjects=0, CPUs=4, Nodes=1
Mar 29 23:29:10 utku2 kernel: ftrace: allocating 29559 entries in 116 pages
Mar 29 23:29:10 utku2 kernel: Preemptible hierarchical RCU implementation.
Mar 29 23:29:10 utku2 kernel:         RCU restricting CPUs from NR_CPUS=128 to nr_cpu_ids=4.
Mar 29 23:29:10 utku2 kernel:         Tasks RCU enabled.
Mar 29 23:29:10 utku2 kernel: RCU: Adjusting geometry for rcu_fanout_leaf=16, nr_cpu_ids=4
Mar 29 23:29:10 utku2 kernel: NR_IRQS: 8448, nr_irqs: 1000, preallocated irqs: 16
Mar 29 23:29:10 utku2 kernel: spurious 8259A interrupt: IRQ7.
Mar 29 23:29:10 utku2 kernel: Console: colour dummy device 80x25
Mar 29 23:29:10 utku2 kernel: console [tty0] enabled
Mar 29 23:29:10 utku2 kernel: clocksource: hpet: mask: 0xffffffff max_cycles: 0xffffffff, max_idle_ns: 133484873504 ns
Mar 29 23:29:10 utku2 kernel: hpet clockevent registered
Mar 29 23:29:10 utku2 kernel: tsc: Fast TSC calibration using PIT
Mar 29 23:29:10 utku2 kernel: tsc: Detected 2495.108 MHz processor
Mar 29 23:29:10 utku2 kernel: Calibrating delay loop (skipped), value calculated using timer frequency.. 4992.14 BogoMIPS (lpj=8317026)
Mar 29 23:29:10 utku2 kernel: pid_max: default: 32768 minimum: 301
Mar 29 23:29:10 utku2 kernel: ACPI: Core revision 20170728
Mar 29 23:29:10 utku2 kernel: ACPI: 9 ACPI AML tables successfully acquired and loaded
Mar 29 23:29:10 utku2 kernel: Security Framework initialized
Mar 29 23:29:10 utku2 kernel: Yama: becoming mindful.
Mar 29 23:29:10 utku2 kernel: Dentry cache hash table entries: 1048576 (order: 11, 8388608 bytes)
Mar 29 23:29:10 utku2 kernel: Inode-cache hash table entries: 524288 (order: 10, 4194304 bytes)
Mar 29 23:29:10 utku2 kernel: Mount-cache hash table entries: 16384 (order: 5, 131072 bytes)
Mar 29 23:29:10 utku2 kernel: Mountpoint-cache hash table entries: 16384 (order: 5, 131072 bytes)
Mar 29 23:29:10 utku2 kernel: mce: CPU supports 7 MCE banks
Mar 29 23:29:10 utku2 kernel: LVT offset 1 assigned for vector 0xf9
Mar 29 23:29:10 utku2 kernel: Last level iTLB entries: 4KB 512, 2MB 1024, 4MB 512
Mar 29 23:29:10 utku2 kernel: Last level dTLB entries: 4KB 1024, 2MB 1024, 4MB 512, 1GB 0
Mar 29 23:29:10 utku2 kernel: Spectre V2 : Mitigation: Full AMD retpoline
Mar 29 23:29:10 utku2 kernel: Spectre V2 : Spectre v2 / SpectreRSB mitigation: Filling RSB on context switch
Mar 29 23:29:10 utku2 kernel: Spectre V2 : mitigation: Enabling conditional Indirect Branch Prediction Barrier
Mar 29 23:29:10 utku2 kernel: Spectre V2 : User space: Vulnerable
Mar 29 23:29:10 utku2 kernel: Speculative Store Bypass: Mitigation: Speculative Store Bypass disabled via prctl and seccomp
Mar 29 23:29:10 utku2 kernel: Freeing SMP alternatives memory: 24K
Mar 29 23:29:10 utku2 kernel: smpboot: Max logical packages: 1
Mar 29 23:29:10 utku2 kernel: ..TIMER: vector=0x30 apic1=0 pin1=2 apic2=-1 pin2=-1
Mar 29 23:29:10 utku2 kernel: smpboot: CPU0: AMD A10-9620P RADEON R5, 10 COMPUTE CORES 4C+6G (family: 0x15, model: 0x65, stepping: 0x1)
Mar 29 23:29:10 utku2 kernel: Performance Events: Fam15h core perfctr, AMD PMU driver.
Mar 29 23:29:10 utku2 kernel: ... version:                0
Mar 29 23:29:10 utku2 kernel: ... bit width:              48
Mar 29 23:29:10 utku2 kernel: ... generic registers:      6
Mar 29 23:29:10 utku2 kernel: ... value mask:             0000ffffffffffff
Mar 29 23:29:10 utku2 kernel: ... max period:             00007fffffffffff
Mar 29 23:29:10 utku2 kernel: ... fixed-purpose events:   0
Mar 29 23:29:10 utku2 kernel: ... event mask:             000000000000003f
Mar 29 23:29:10 utku2 kernel: Hierarchical SRCU implementation.
Mar 29 23:29:10 utku2 kernel: NMI watchdog: Enabled. Permanently consumes one hw-PMU counter.
Mar 29 23:29:10 utku2 kernel: smp: Bringing up secondary CPUs ...
Mar 29 23:29:10 utku2 kernel: x86: Booting SMP configuration:
Mar 29 23:29:10 utku2 kernel: .... node  #0, CPUs:      #1 #2 #3
Mar 29 23:29:10 utku2 kernel: smp: Brought up 1 node, 4 CPUs
Mar 29 23:29:10 utku2 kernel: smpboot: Total of 4 processors activated (19968.56 BogoMIPS)
Mar 29 23:29:10 utku2 kernel: devtmpfs: initialized
Mar 29 23:29:10 utku2 kernel: x86/mm: Memory block size: 128MB
Mar 29 23:29:10 utku2 kernel: PM: Registering ACPI NVS region [mem 0xb93b5000-0xb9db4fff] (10485760 bytes)
Mar 29 23:29:10 utku2 kernel: PM: Registering ACPI NVS region [mem 0xbf8be000-0xbfbbdfff] (3145728 bytes)
Mar 29 23:29:10 utku2 kernel: clocksource: jiffies: mask: 0xffffffff max_cycles: 0xffffffff, max_idle_ns: 6370867519511994 ns
Mar 29 23:29:10 utku2 kernel: futex hash table entries: 1024 (order: 4, 65536 bytes)
Mar 29 23:29:10 utku2 kernel: pinctrl core: initialized pinctrl subsystem
Mar 29 23:29:10 utku2 kernel: RTC time: 21:28:58, date: 03/29/19
Mar 29 23:29:10 utku2 kernel: NET: Registered protocol family 16
Mar 29 23:29:10 utku2 kernel: cpuidle: using governor ladder
Mar 29 23:29:10 utku2 kernel: cpuidle: using governor menu
Mar 29 23:29:10 utku2 kernel: Simple Boot Flag at 0x44 set to 0x1
Mar 29 23:29:10 utku2 kernel: ACPI FADT declares the system doesn't support PCIe ASPM, so disable it
Mar 29 23:29:10 utku2 kernel: ACPI: bus type PCI registered
Mar 29 23:29:10 utku2 kernel: acpiphp: ACPI Hot Plug PCI Controller Driver version: 0.5
Mar 29 23:29:10 utku2 kernel: PCI: MMCONFIG for domain 0000 [bus 00-3f] at [mem 0xf8000000-0xfbffffff] (base 0xf8000000)
Mar 29 23:29:10 utku2 kernel: PCI: MMCONFIG at [mem 0xf8000000-0xfbffffff] reserved in E820
Mar 29 23:29:10 utku2 kernel: PCI: Using configuration type 1 for base access
Mar 29 23:29:10 utku2 kernel: mtrr: your CPUs had inconsistent variable MTRR settings
Mar 29 23:29:10 utku2 kernel: mtrr: probably your BIOS does not setup all CPUs.
Mar 29 23:29:10 utku2 kernel: mtrr: corrected configuration.
Mar 29 23:29:10 utku2 kernel: HugeTLB registered 1.00 GiB page size, pre-allocated 0 pages
Mar 29 23:29:10 utku2 kernel: HugeTLB registered 2.00 MiB page size, pre-allocated 0 pages
Mar 29 23:29:10 utku2 kernel: ACPI: Added _OSI(Module Device)
Mar 29 23:29:10 utku2 kernel: ACPI: Added _OSI(Processor Device)
Mar 29 23:29:10 utku2 kernel: ACPI: Added _OSI(3.0 _SCP Extensions)
Mar 29 23:29:10 utku2 kernel: ACPI: Added _OSI(Processor Aggregator Device)
Mar 29 23:29:10 utku2 kernel: ACPI: Executed 1 blocks of module-level executable AML code
Mar 29 23:29:10 utku2 kernel: ACPI: [Firmware Bug]: BIOS _OSI(Linux) query ignored
Mar 29 23:29:10 utku2 kernel: ACPI: EC: EC started
Mar 29 23:29:10 utku2 kernel: ACPI: EC: interrupt blocked
Mar 29 23:29:10 utku2 kernel: ACPI: \_SB_.PCI0.LPC0.EC0_: Used as first EC
Mar 29 23:29:10 utku2 kernel: ACPI: \_SB_.PCI0.LPC0.EC0_: GPE=0x3, EC_CMD/EC_SC=0x66, EC_DATA=0x62
Mar 29 23:29:10 utku2 kernel: ACPI: \_SB_.PCI0.LPC0.EC0_: Used as boot DSDT EC to handle transactions
Mar 29 23:29:10 utku2 kernel: ACPI: Interpreter enabled
Mar 29 23:29:10 utku2 kernel: ACPI: (supports S0 S3 S4 S5)
Mar 29 23:29:10 utku2 kernel: ACPI: Using IOAPIC for interrupt routing
Mar 29 23:29:10 utku2 kernel: PCI: Using host bridge windows from ACPI; if necessary, use "pci=nocrs" and report a bug
Mar 29 23:29:10 utku2 kernel: ACPI: Enabled 4 GPEs in block 00 to 1F
Mar 29 23:29:10 utku2 kernel: ACPI: Power Resource [M237] (on)
Mar 29 23:29:10 utku2 kernel: ACPI: Power Resource [P0U2] (off)
Mar 29 23:29:10 utku2 kernel: ACPI: Power Resource [P3U2] (off)
Mar 29 23:29:10 utku2 kernel: ACPI: Power Resource [P0U3] (off)
Mar 29 23:29:10 utku2 kernel: ACPI: Power Resource [P3U3] (off)
Mar 29 23:29:10 utku2 kernel: ACPI: Power Resource [P0ST] (on)
Mar 29 23:29:10 utku2 kernel: ACPI: Power Resource [P3ST] (on)
Mar 29 23:29:10 utku2 kernel: ACPI: Power Resource [P0SD] (off)
Mar 29 23:29:10 utku2 kernel: ACPI: Power Resource [P3SD] (off)
Mar 29 23:29:10 utku2 kernel: ACPI: PCI Root Bridge [PCI0] (domain 0000 [bus 00-ff])
Mar 29 23:29:10 utku2 kernel: acpi PNP0A08:00: _OSC: OS supports [ExtendedConfig ASPM ClockPM Segments MSI]
Mar 29 23:29:10 utku2 kernel: acpi PNP0A08:00: _OSC: platform does not support [AER]
Mar 29 23:29:10 utku2 kernel: acpi PNP0A08:00: _OSC: OS now controls [PCIeHotplug PME PCIeCapability]
Mar 29 23:29:10 utku2 kernel: acpi PNP0A08:00: FADT indicates ASPM is unsupported, using BIOS configuration
Mar 29 23:29:10 utku2 kernel: acpi PNP0A08:00: [Firmware Info]: MMCONFIG for domain 0000 [bus 00-3f] only partially covers this bridge
Mar 29 23:29:10 utku2 kernel: acpi PNP0A08:00: ignoring host bridge window [mem 0x000cc000-0x000cffff window] (conflicts with Video ROM [mem 0x000c0000-0x000cfbff])
Mar 29 23:29:10 utku2 kernel: PCI host bridge to bus 0000:00
Mar 29 23:29:10 utku2 kernel: pci_bus 0000:00: root bus resource [io  0x0000-0x0cf7 window]
Mar 29 23:29:10 utku2 kernel: pci_bus 0000:00: root bus resource [io  0x0d00-0xffff window]
Mar 29 23:29:10 utku2 kernel: pci_bus 0000:00: root bus resource [mem 0x000a0000-0x000bffff window]
Mar 29 23:29:10 utku2 kernel: pci_bus 0000:00: root bus resource [mem 0x000c0000-0x000c3fff window]
Mar 29 23:29:10 utku2 kernel: pci_bus 0000:00: root bus resource [mem 0x000c4000-0x000c7fff window]
Mar 29 23:29:10 utku2 kernel: pci_bus 0000:00: root bus resource [mem 0x000c8000-0x000cbfff window]
Mar 29 23:29:10 utku2 kernel: pci_bus 0000:00: root bus resource [mem 0x000d0000-0x000d3fff window]
Mar 29 23:29:10 utku2 kernel: pci_bus 0000:00: root bus resource [mem 0x000d4000-0x000d7fff window]
Mar 29 23:29:10 utku2 kernel: pci_bus 0000:00: root bus resource [mem 0x000d8000-0x000dbfff window]
Mar 29 23:29:10 utku2 kernel: pci_bus 0000:00: root bus resource [mem 0x000dc000-0x000dffff window]
Mar 29 23:29:10 utku2 kernel: pci_bus 0000:00: root bus resource [mem 0x000e0000-0x000e3fff window]
Mar 29 23:29:10 utku2 kernel: pci_bus 0000:00: root bus resource [mem 0x000e4000-0x000e7fff window]
Mar 29 23:29:10 utku2 kernel: pci_bus 0000:00: root bus resource [mem 0x000e8000-0x000ebfff window]
Mar 29 23:29:10 utku2 kernel: pci_bus 0000:00: root bus resource [mem 0x000ec000-0x000effff window]
Mar 29 23:29:10 utku2 kernel: pci_bus 0000:00: root bus resource [mem 0xc0000000-0xf7ffffff window]
Mar 29 23:29:10 utku2 kernel: pci_bus 0000:00: root bus resource [mem 0xfc000000-0xfed3ffff window]
Mar 29 23:29:10 utku2 kernel: pci_bus 0000:00: root bus resource [bus 00-ff]
Mar 29 23:29:10 utku2 kernel: pci 0000:00:00.0: [1022:1576] type 00 class 0x060000
Mar 29 23:29:10 utku2 kernel: pci 0000:00:00.2: [1022:1577] type 00 class 0x080600
Mar 29 23:29:10 utku2 kernel: pci 0000:00:01.0: [1002:9874] type 00 class 0x030000
Mar 29 23:29:10 utku2 kernel: pci 0000:00:01.0: reg 0x10: [mem 0xe0000000-0xefffffff 64bit pref]
Mar 29 23:29:10 utku2 kernel: pci 0000:00:01.0: reg 0x18: [mem 0xd0800000-0xd0ffffff 64bit pref]
Mar 29 23:29:10 utku2 kernel: pci 0000:00:01.0: reg 0x20: [io  0x4000-0x40ff]
Mar 29 23:29:10 utku2 kernel: pci 0000:00:01.0: reg 0x24: [mem 0xd1500000-0xd153ffff]
Mar 29 23:29:10 utku2 kernel: pci 0000:00:01.0: reg 0x30: [mem 0xfffe0000-0xffffffff pref]
Mar 29 23:29:10 utku2 kernel: pci 0000:00:01.0: enabling Extended Tags
Mar 29 23:29:10 utku2 kernel: pci 0000:00:01.0: supports D1 D2
Mar 29 23:29:10 utku2 kernel: pci 0000:00:01.0: PME# supported from D1 D2 D3hot
Mar 29 23:29:10 utku2 kernel: pci 0000:00:01.1: [1002:9840] type 00 class 0x040300
Mar 29 23:29:10 utku2 kernel: pci 0000:00:01.1: reg 0x10: [mem 0xd1560000-0xd1563fff 64bit]
Mar 29 23:29:10 utku2 kernel: pci 0000:00:01.1: enabling Extended Tags
Mar 29 23:29:10 utku2 kernel: pci 0000:00:01.1: supports D1 D2
Mar 29 23:29:10 utku2 kernel: pci 0000:00:02.0: [1022:157b] type 00 class 0x060000
Mar 29 23:29:10 utku2 kernel: pci 0000:00:02.2: [1022:157c] type 01 class 0x060400
Mar 29 23:29:10 utku2 kernel: pci 0000:00:02.2: enabling Extended Tags
Mar 29 23:29:10 utku2 kernel: pci 0000:00:02.2: PME# supported from D0 D3hot D3cold
Mar 29 23:29:10 utku2 kernel: pci 0000:00:02.3: [1022:157c] type 01 class 0x060400
Mar 29 23:29:10 utku2 kernel: pci 0000:00:02.3: enabling Extended Tags
Mar 29 23:29:10 utku2 kernel: pci 0000:00:02.3: PME# supported from D0 D3hot D3cold
Mar 29 23:29:10 utku2 kernel: pci 0000:00:03.0: [1022:157b] type 00 class 0x060000
Mar 29 23:29:10 utku2 kernel: pci 0000:00:03.1: [1022:157c] type 01 class 0x060400
Mar 29 23:29:10 utku2 kernel: pci 0000:00:03.1: enabling Extended Tags
Mar 29 23:29:10 utku2 kernel: pci 0000:00:03.1: PME# supported from D0 D3hot D3cold
Mar 29 23:29:10 utku2 kernel: pci 0000:00:08.0: [1022:1578] type 00 class 0x108000
Mar 29 23:29:10 utku2 kernel: pci 0000:00:08.0: reg 0x10: [mem 0xd1540000-0xd155ffff 64bit pref]
Mar 29 23:29:10 utku2 kernel: pci 0000:00:08.0: reg 0x18: [mem 0xd1100000-0xd11fffff]
Mar 29 23:29:10 utku2 kernel: pci 0000:00:08.0: reg 0x1c: [mem 0xd156f000-0xd156ffff]
Mar 29 23:29:10 utku2 kernel: pci 0000:00:08.0: reg 0x24: [mem 0xd156a000-0xd156bfff]
Mar 29 23:29:10 utku2 kernel: pci 0000:00:09.0: [1022:157d] type 00 class 0x060000
Mar 29 23:29:10 utku2 kernel: pci 0000:00:09.2: [1022:157a] type 00 class 0x040300
Mar 29 23:29:10 utku2 kernel: pci 0000:00:09.2: reg 0x10: [mem 0xd1564000-0xd1567fff]
Mar 29 23:29:10 utku2 kernel: pci 0000:00:09.2: PME# supported from D0 D3hot D3cold
Mar 29 23:29:10 utku2 kernel: pci 0000:00:10.0: [1022:7914] type 00 class 0x0c0330
Mar 29 23:29:10 utku2 kernel: pci 0000:00:10.0: reg 0x10: [mem 0xd1568000-0xd1569fff 64bit]
Mar 29 23:29:10 utku2 kernel: pci 0000:00:10.0: PME# supported from D0 D3hot D3cold
Mar 29 23:29:10 utku2 kernel: pci 0000:00:11.0: [1022:7901] type 00 class 0x010601
Mar 29 23:29:10 utku2 kernel: pci 0000:00:11.0: reg 0x10: [io  0x4118-0x411f]
Mar 29 23:29:10 utku2 kernel: pci 0000:00:11.0: reg 0x14: [io  0x4124-0x4127]
Mar 29 23:29:10 utku2 kernel: pci 0000:00:11.0: reg 0x18: [io  0x4110-0x4117]
Mar 29 23:29:10 utku2 kernel: pci 0000:00:11.0: reg 0x1c: [io  0x4120-0x4123]
Mar 29 23:29:10 utku2 kernel: pci 0000:00:11.0: reg 0x20: [io  0x4100-0x410f]
Mar 29 23:29:10 utku2 kernel: pci 0000:00:11.0: reg 0x24: [mem 0xd156c000-0xd156c3ff]
Mar 29 23:29:10 utku2 kernel: pci 0000:00:11.0: PME# supported from D3hot
Mar 29 23:29:10 utku2 kernel: pci 0000:00:12.0: [1022:7908] type 00 class 0x0c0320
Mar 29 23:29:10 utku2 kernel: pci 0000:00:12.0: reg 0x10: [mem 0xd156d000-0xd156d0ff]
Mar 29 23:29:10 utku2 kernel: pci 0000:00:12.0: supports D1 D2
Mar 29 23:29:10 utku2 kernel: pci 0000:00:12.0: PME# supported from D0 D1 D2 D3hot D3cold
Mar 29 23:29:10 utku2 kernel: pci 0000:00:14.0: [1022:790b] type 00 class 0x0c0500
Mar 29 23:29:10 utku2 kernel: pci 0000:00:14.3: [1022:790e] type 00 class 0x060100
Mar 29 23:29:10 utku2 kernel: pci 0000:00:18.0: [1022:1570] type 00 class 0x060000
Mar 29 23:29:10 utku2 kernel: pci 0000:00:18.1: [1022:1571] type 00 class 0x060000
Mar 29 23:29:10 utku2 kernel: pci 0000:00:18.2: [1022:1572] type 00 class 0x060000
Mar 29 23:29:10 utku2 kernel: pci 0000:00:18.3: [1022:1573] type 00 class 0x060000
Mar 29 23:29:10 utku2 kernel: pci 0000:00:18.4: [1022:1574] type 00 class 0x060000
Mar 29 23:29:10 utku2 kernel: pci 0000:00:18.5: [1022:1575] type 00 class 0x060000
Mar 29 23:29:10 utku2 kernel: pci 0000:01:00.0: [10ec:5287] type 00 class 0xff0000
Mar 29 23:29:10 utku2 kernel: pci 0000:01:00.0: reg 0x10: [mem 0xd1405000-0xd1405fff]
Mar 29 23:29:10 utku2 kernel: pci 0000:01:00.0: reg 0x30: [mem 0xffff0000-0xffffffff pref]
Mar 29 23:29:10 utku2 kernel: pci 0000:01:00.0: supports D1 D2
Mar 29 23:29:10 utku2 kernel: pci 0000:01:00.0: PME# supported from D1 D2 D3hot D3cold
Mar 29 23:29:10 utku2 kernel: pci 0000:01:00.1: [10ec:8168] type 00 class 0x020000
Mar 29 23:29:10 utku2 kernel: pci 0000:01:00.1: reg 0x10: [io  0x3000-0x30ff]
Mar 29 23:29:10 utku2 kernel: pci 0000:01:00.1: reg 0x18: [mem 0xd1404000-0xd1404fff 64bit]
Mar 29 23:29:10 utku2 kernel: pci 0000:01:00.1: reg 0x20: [mem 0xd1400000-0xd1403fff 64bit]
Mar 29 23:29:10 utku2 kernel: pci 0000:01:00.1: supports D1 D2
Mar 29 23:29:10 utku2 kernel: pci 0000:01:00.1: PME# supported from D0 D1 D2 D3hot D3cold
Mar 29 23:29:10 utku2 kernel: pci 0000:00:02.2: PCI bridge to [bus 01]
Mar 29 23:29:10 utku2 kernel: pci 0000:00:02.2:   bridge window [io  0x3000-0x3fff]
Mar 29 23:29:10 utku2 kernel: pci 0000:00:02.2:   bridge window [mem 0xd1400000-0xd14fffff]
Mar 29 23:29:10 utku2 kernel: pci 0000:02:00.0: [8086:24fb] type 00 class 0x028000
Mar 29 23:29:10 utku2 kernel: pci 0000:02:00.0: reg 0x10: [mem 0xd1300000-0xd1301fff 64bit]
Mar 29 23:29:10 utku2 kernel: pci 0000:02:00.0: PME# supported from D0 D3hot D3cold
Mar 29 23:29:10 utku2 kernel: pci 0000:00:02.3: PCI bridge to [bus 02]
Mar 29 23:29:10 utku2 kernel: pci 0000:00:02.3:   bridge window [mem 0xd1300000-0xd13fffff]
Mar 29 23:29:10 utku2 kernel: pci 0000:03:00.0: [1002:699f] type 00 class 0x038000
Mar 29 23:29:10 utku2 kernel: pci 0000:03:00.0: reg 0x10: [mem 0xc0000000-0xcfffffff 64bit pref]
Mar 29 23:29:10 utku2 kernel: pci 0000:03:00.0: reg 0x18: [mem 0xd0000000-0xd01fffff 64bit pref]
Mar 29 23:29:10 utku2 kernel: pci 0000:03:00.0: reg 0x20: [io  0x2000-0x20ff]
Mar 29 23:29:10 utku2 kernel: pci 0000:03:00.0: reg 0x24: [mem 0xd1200000-0xd123ffff]
Mar 29 23:29:10 utku2 kernel: pci 0000:03:00.0: reg 0x30: [mem 0xfffe0000-0xffffffff pref]
Mar 29 23:29:10 utku2 kernel: pci 0000:03:00.0: enabling Extended Tags
Mar 29 23:29:10 utku2 kernel: pci 0000:03:00.0: supports D1 D2
Mar 29 23:29:10 utku2 kernel: pci 0000:00:03.1: PCI bridge to [bus 03]
Mar 29 23:29:10 utku2 kernel: pci 0000:00:03.1:   bridge window [io  0x2000-0x2fff]
Mar 29 23:29:10 utku2 kernel: pci 0000:00:03.1:   bridge window [mem 0xd1200000-0xd12fffff]
Mar 29 23:29:10 utku2 kernel: pci 0000:00:03.1:   bridge window [mem 0xc0000000-0xd01fffff 64bit pref]
Mar 29 23:29:10 utku2 kernel: ACPI: PCI Interrupt Link [LNKA] (IRQs 3 5 6 10 11) *0, disabled.
Mar 29 23:29:10 utku2 kernel: ACPI: PCI Interrupt Link [LNKB] (IRQs 3 5 6 10 11) *0, disabled.
Mar 29 23:29:10 utku2 kernel: ACPI: PCI Interrupt Link [LNKC] (IRQs 3 5 6 10 11) *0, disabled.
Mar 29 23:29:10 utku2 kernel: ACPI: PCI Interrupt Link [LNKD] (IRQs 3 5 6 10 11) *0, disabled.
Mar 29 23:29:10 utku2 kernel: ACPI: PCI Interrupt Link [LNKE] (IRQs 3 5 6 10 11) *0, disabled.
Mar 29 23:29:10 utku2 kernel: ACPI: PCI Interrupt Link [LNKF] (IRQs 3 5 6 10 11) *0, disabled.
Mar 29 23:29:10 utku2 kernel: ACPI: PCI Interrupt Link [LNKG] (IRQs 3 5 6 10 11) *0, disabled.
Mar 29 23:29:10 utku2 kernel: ACPI: PCI Interrupt Link [LNKH] (IRQs 3 5 6 10 11) *0, disabled.
Mar 29 23:29:10 utku2 kernel: ACPI: EC: interrupt unblocked
Mar 29 23:29:10 utku2 kernel: ACPI: EC: event unblocked
Mar 29 23:29:10 utku2 kernel: ACPI: \_SB_.PCI0.LPC0.EC0_: GPE=0x3, EC_CMD/EC_SC=0x66, EC_DATA=0x62
Mar 29 23:29:10 utku2 kernel: ACPI: \_SB_.PCI0.LPC0.EC0_: Used as boot DSDT EC to handle transactions and events
Mar 29 23:29:10 utku2 kernel: pci 0000:00:01.0: vgaarb: setting as boot VGA device
Mar 29 23:29:10 utku2 kernel: pci 0000:00:01.0: vgaarb: VGA device added: decodes=io+mem,owns=io+mem,locks=none
Mar 29 23:29:10 utku2 kernel: pci 0000:00:01.0: vgaarb: bridge control possible
Mar 29 23:29:10 utku2 kernel: vgaarb: loaded
Mar 29 23:29:10 utku2 kernel: EDAC MC: Ver: 3.0.0
Mar 29 23:29:10 utku2 kernel: PCI: Using ACPI for IRQ routing
Mar 29 23:29:10 utku2 kernel: PCI: pci_cache_line_size set to 64 bytes
Mar 29 23:29:10 utku2 kernel: e820: reserve RAM buffer [mem 0x0009f800-0x0009ffff]
Mar 29 23:29:10 utku2 kernel: e820: reserve RAM buffer [mem 0xb93b5000-0xbbffffff]
Mar 29 23:29:10 utku2 kernel: e820: reserve RAM buffer [mem 0xbefbe000-0xbfffffff]
Mar 29 23:29:10 utku2 kernel: e820: reserve RAM buffer [mem 0xbfc00000-0xbfffffff]
Mar 29 23:29:10 utku2 kernel: e820: reserve RAM buffer [mem 0x1ff000000-0x1ffffffff]
Mar 29 23:29:10 utku2 kernel: NetLabel: Initializing
Mar 29 23:29:10 utku2 kernel: NetLabel:  domain hash size = 128
Mar 29 23:29:10 utku2 kernel: NetLabel:  protocols = UNLABELED CIPSOv4 CALIPSO
Mar 29 23:29:10 utku2 kernel: NetLabel:  unlabeled traffic allowed by default
Mar 29 23:29:10 utku2 kernel: hpet0: at MMIO 0xfed00000, IRQs 2, 8, 0
Mar 29 23:29:10 utku2 kernel: hpet0: 3 comparators, 32-bit 14.318180 MHz counter
Mar 29 23:29:10 utku2 kernel: clocksource: Switched to clocksource hpet
Mar 29 23:29:10 utku2 kernel: VFS: Disk quotas dquot_6.6.0
Mar 29 23:29:10 utku2 kernel: VFS: Dquot-cache hash table entries: 512 (order 0, 4096 bytes)
Mar 29 23:29:10 utku2 kernel: pnp: PnP ACPI init
Mar 29 23:29:10 utku2 kernel: system 00:00: [mem 0xfec00000-0xfec01fff] could not be reserved
Mar 29 23:29:10 utku2 kernel: system 00:00: [mem 0xfee00000-0xfee00fff] has been reserved
Mar 29 23:29:10 utku2 kernel: system 00:00: [mem 0xd1000000-0xd10fffff] has been reserved
Mar 29 23:29:10 utku2 kernel: system 00:00: Plug and Play ACPI device, IDs PNP0c02 (active)
Mar 29 23:29:10 utku2 kernel: pnp 00:01: Plug and Play ACPI device, IDs PNP0b00 (active)
Mar 29 23:29:10 utku2 kernel: pnp 00:02: Plug and Play ACPI device, IDs FUJ7401 PNP0303 (active)
Mar 29 23:29:10 utku2 kernel: system 00:03: [io  0x0400-0x04cf] has been reserved
Mar 29 23:29:10 utku2 kernel: system 00:03: [io  0x04d0-0x04d1] has been reserved
Mar 29 23:29:10 utku2 kernel: system 00:03: [io  0x04d6] has been reserved
Mar 29 23:29:10 utku2 kernel: system 00:03: [io  0x0c00-0x0c01] has been reserved
Mar 29 23:29:10 utku2 kernel: system 00:03: [io  0x0c14] has been reserved
Mar 29 23:29:10 utku2 kernel: system 00:03: [io  0x0c50-0x0c52] has been reserved
Mar 29 23:29:10 utku2 kernel: system 00:03: [io  0x0c6c] has been reserved
Mar 29 23:29:10 utku2 kernel: system 00:03: [io  0x0c6f] has been reserved
Mar 29 23:29:10 utku2 kernel: system 00:03: [io  0x0cd0-0x0cdb] has been reserved
Mar 29 23:29:10 utku2 kernel: system 00:03: Plug and Play ACPI device, IDs PNP0c02 (active)
Mar 29 23:29:10 utku2 kernel: system 00:04: [mem 0x000e0000-0x000fffff] could not be reserved
Mar 29 23:29:10 utku2 kernel: system 00:04: [mem 0xff800000-0xffffffff] has been reserved
Mar 29 23:29:10 utku2 kernel: system 00:04: Plug and Play ACPI device, IDs PNP0c01 (active)
Mar 29 23:29:10 utku2 kernel: pnp: PnP ACPI: found 5 devices
Mar 29 23:29:10 utku2 kernel: clocksource: acpi_pm: mask: 0xffffff max_cycles: 0xffffff, max_idle_ns: 2085701024 ns
Mar 29 23:29:10 utku2 kernel: pci 0000:00:01.0: can't claim BAR 6 [mem 0xfffe0000-0xffffffff pref]: no compatible bridge window
Mar 29 23:29:10 utku2 kernel: pci 0000:01:00.0: can't claim BAR 6 [mem 0xffff0000-0xffffffff pref]: no compatible bridge window
Mar 29 23:29:10 utku2 kernel: pci 0000:03:00.0: can't claim BAR 6 [mem 0xfffe0000-0xffffffff pref]: no compatible bridge window
Mar 29 23:29:10 utku2 kernel: pci 0000:00:01.0: BAR 6: assigned [mem 0xd0200000-0xd021ffff pref]
Mar 29 23:29:10 utku2 kernel: pci 0000:01:00.0: BAR 6: assigned [mem 0xd1410000-0xd141ffff pref]
Mar 29 23:29:10 utku2 kernel: pci 0000:00:02.2: PCI bridge to [bus 01]
Mar 29 23:29:10 utku2 kernel: pci 0000:00:02.2:   bridge window [io  0x3000-0x3fff]
Mar 29 23:29:10 utku2 kernel: pci 0000:00:02.2:   bridge window [mem 0xd1400000-0xd14fffff]
Mar 29 23:29:10 utku2 kernel: pci 0000:00:02.3: PCI bridge to [bus 02]
Mar 29 23:29:10 utku2 kernel: pci 0000:00:02.3:   bridge window [mem 0xd1300000-0xd13fffff]
Mar 29 23:29:10 utku2 kernel: pci 0000:03:00.0: BAR 6: assigned [mem 0xd1240000-0xd125ffff pref]
Mar 29 23:29:10 utku2 kernel: pci 0000:00:03.1: PCI bridge to [bus 03]
Mar 29 23:29:10 utku2 kernel: pci 0000:00:03.1:   bridge window [io  0x2000-0x2fff]
Mar 29 23:29:10 utku2 kernel: pci 0000:00:03.1:   bridge window [mem 0xd1200000-0xd12fffff]
Mar 29 23:29:10 utku2 kernel: pci 0000:00:03.1:   bridge window [mem 0xc0000000-0xd01fffff 64bit pref]
Mar 29 23:29:10 utku2 kernel: pci_bus 0000:00: resource 4 [io  0x0000-0x0cf7 window]
Mar 29 23:29:10 utku2 kernel: pci_bus 0000:00: resource 5 [io  0x0d00-0xffff window]
Mar 29 23:29:10 utku2 kernel: pci_bus 0000:00: resource 6 [mem 0x000a0000-0x000bffff window]
Mar 29 23:29:10 utku2 kernel: pci_bus 0000:00: resource 7 [mem 0x000c0000-0x000c3fff window]
Mar 29 23:29:10 utku2 kernel: pci_bus 0000:00: resource 8 [mem 0x000c4000-0x000c7fff window]
Mar 29 23:29:10 utku2 kernel: pci_bus 0000:00: resource 9 [mem 0x000c8000-0x000cbfff window]
Mar 29 23:29:10 utku2 kernel: pci_bus 0000:00: resource 10 [mem 0x000d0000-0x000d3fff window]
Mar 29 23:29:10 utku2 kernel: pci_bus 0000:00: resource 11 [mem 0x000d4000-0x000d7fff window]
Mar 29 23:29:10 utku2 kernel: pci_bus 0000:00: resource 12 [mem 0x000d8000-0x000dbfff window]
Mar 29 23:29:10 utku2 kernel: pci_bus 0000:00: resource 13 [mem 0x000dc000-0x000dffff window]
Mar 29 23:29:10 utku2 kernel: pci_bus 0000:00: resource 14 [mem 0x000e0000-0x000e3fff window]
Mar 29 23:29:10 utku2 kernel: pci_bus 0000:00: resource 15 [mem 0x000e4000-0x000e7fff window]
Mar 29 23:29:10 utku2 kernel: pci_bus 0000:00: resource 16 [mem 0x000e8000-0x000ebfff window]
Mar 29 23:29:10 utku2 kernel: pci_bus 0000:00: resource 17 [mem 0x000ec000-0x000effff window]
Mar 29 23:29:10 utku2 kernel: pci_bus 0000:00: resource 18 [mem 0xc0000000-0xf7ffffff window]
Mar 29 23:29:10 utku2 kernel: pci_bus 0000:00: resource 19 [mem 0xfc000000-0xfed3ffff window]
Mar 29 23:29:10 utku2 kernel: pci_bus 0000:01: resource 0 [io  0x3000-0x3fff]
Mar 29 23:29:10 utku2 kernel: pci_bus 0000:01: resource 1 [mem 0xd1400000-0xd14fffff]
Mar 29 23:29:10 utku2 kernel: pci_bus 0000:02: resource 1 [mem 0xd1300000-0xd13fffff]
Mar 29 23:29:10 utku2 kernel: pci_bus 0000:03: resource 0 [io  0x2000-0x2fff]
Mar 29 23:29:10 utku2 kernel: pci_bus 0000:03: resource 1 [mem 0xd1200000-0xd12fffff]
Mar 29 23:29:10 utku2 kernel: pci_bus 0000:03: resource 2 [mem 0xc0000000-0xd01fffff 64bit pref]
Mar 29 23:29:10 utku2 kernel: NET: Registered protocol family 2
Mar 29 23:29:10 utku2 kernel: TCP established hash table entries: 65536 (order: 7, 524288 bytes)
Mar 29 23:29:10 utku2 kernel: TCP bind hash table entries: 65536 (order: 8, 1048576 bytes)
Mar 29 23:29:10 utku2 kernel: TCP: Hash tables configured (established 65536 bind 65536)
Mar 29 23:29:10 utku2 kernel: UDP hash table entries: 4096 (order: 5, 131072 bytes)
Mar 29 23:29:10 utku2 kernel: UDP-Lite hash table entries: 4096 (order: 5, 131072 bytes)
Mar 29 23:29:10 utku2 kernel: NET: Registered protocol family 1
Mar 29 23:29:10 utku2 kernel: pci 0000:00:01.0: Video device with shadowed ROM at [mem 0x000c0000-0x000dffff]
Mar 29 23:29:10 utku2 kernel: PCI: CLS 64 bytes, default 64
Mar 29 23:29:10 utku2 kernel: Unpacking initramfs...
Mar 29 23:29:10 utku2 kernel: Freeing initrd memory: 10868K
Mar 29 23:29:10 utku2 kernel: AMD-Vi: IOMMU performance counters supported
Mar 29 23:29:10 utku2 kernel: pci 0000:00:00.2: can't derive routing for PCI INT A
Mar 29 23:29:10 utku2 kernel: pci 0000:00:00.2: PCI INT A: not connected
Mar 29 23:29:10 utku2 kernel: iommu: Adding device 0000:00:01.0 to group 0
Mar 29 23:29:10 utku2 kernel: iommu: Using direct mapping for device 0000:00:01.0
Mar 29 23:29:10 utku2 kernel: iommu: Adding device 0000:00:01.1 to group 0
Mar 29 23:29:10 utku2 kernel: iommu: Adding device 0000:00:02.0 to group 1
Mar 29 23:29:10 utku2 kernel: iommu: Adding device 0000:00:02.2 to group 1
Mar 29 23:29:10 utku2 kernel: iommu: Adding device 0000:00:02.3 to group 1
Mar 29 23:29:10 utku2 kernel: iommu: Adding device 0000:00:03.0 to group 2
Mar 29 23:29:10 utku2 kernel: iommu: Adding device 0000:00:03.1 to group 2
Mar 29 23:29:10 utku2 kernel: iommu: Adding device 0000:00:08.0 to group 3
Mar 29 23:29:10 utku2 kernel: iommu: Adding device 0000:00:09.0 to group 4
Mar 29 23:29:10 utku2 kernel: iommu: Adding device 0000:00:09.2 to group 4
Mar 29 23:29:10 utku2 kernel: iommu: Adding device 0000:00:10.0 to group 5
Mar 29 23:29:10 utku2 kernel: iommu: Adding device 0000:00:11.0 to group 6
Mar 29 23:29:10 utku2 kernel: iommu: Adding device 0000:00:12.0 to group 7
Mar 29 23:29:10 utku2 kernel: iommu: Adding device 0000:00:14.0 to group 8
Mar 29 23:29:10 utku2 kernel: iommu: Adding device 0000:00:14.3 to group 8
Mar 29 23:29:10 utku2 kernel: iommu: Adding device 0000:00:18.0 to group 9
Mar 29 23:29:10 utku2 kernel: iommu: Adding device 0000:00:18.1 to group 9
Mar 29 23:29:10 utku2 kernel: iommu: Adding device 0000:00:18.2 to group 9
Mar 29 23:29:10 utku2 kernel: iommu: Adding device 0000:00:18.3 to group 9
Mar 29 23:29:10 utku2 kernel: iommu: Adding device 0000:00:18.4 to group 9
Mar 29 23:29:10 utku2 kernel: iommu: Adding device 0000:00:18.5 to group 9
Mar 29 23:29:10 utku2 kernel: iommu: Adding device 0000:01:00.0 to group 1
Mar 29 23:29:10 utku2 kernel: iommu: Adding device 0000:01:00.1 to group 1
Mar 29 23:29:10 utku2 kernel: iommu: Adding device 0000:02:00.0 to group 1
Mar 29 23:29:10 utku2 kernel: iommu: Adding device 0000:03:00.0 to group 2
Mar 29 23:29:10 utku2 kernel: AMD-Vi: Found IOMMU at 0000:00:00.2 cap 0x40
Mar 29 23:29:10 utku2 kernel: AMD-Vi: Extended features (0x37ef22294ada):
Mar 29 23:29:10 utku2 kernel:  PPR NX GT IA GA PC GA_vAPIC
Mar 29 23:29:10 utku2 kernel: AMD-Vi: Interrupt remapping enabled
Mar 29 23:29:10 utku2 kernel: AMD-Vi: virtual APIC enabled
Mar 29 23:29:10 utku2 kernel: AMD-Vi: Lazy IO/TLB flushing enabled
Mar 29 23:29:10 utku2 kernel: amd_uncore: AMD NB counters detected
Mar 29 23:29:10 utku2 kernel: LVT offset 0 assigned for vector 0x400
Mar 29 23:29:10 utku2 kernel: perf: AMD IBS detected (0x000007ff)
Mar 29 23:29:10 utku2 kernel: perf/amd_iommu: Detected AMD IOMMU #0 (2 banks, 4 counters/bank).
Mar 29 23:29:10 utku2 kernel: Scanning for low memory corruption every 60 seconds
Mar 29 23:29:10 utku2 kernel: Initialise system trusted keyrings
Mar 29 23:29:10 utku2 kernel: Key type blacklist registered
Mar 29 23:29:10 utku2 kernel: workingset: timestamp_bits=41 max_order=21 bucket_order=0
Mar 29 23:29:10 utku2 kernel: zbud: loaded
Mar 29 23:29:10 utku2 kernel: Key type asymmetric registered
Mar 29 23:29:10 utku2 kernel: Block layer SCSI generic (bsg) driver version 0.4 loaded (major 247)
Mar 29 23:29:10 utku2 kernel: io scheduler noop registered
Mar 29 23:29:10 utku2 kernel: io scheduler deadline registered
Mar 29 23:29:10 utku2 kernel: io scheduler cfq registered
Mar 29 23:29:10 utku2 kernel: io scheduler mq-deadline registered
Mar 29 23:29:10 utku2 kernel: io scheduler kyber registered
Mar 29 23:29:10 utku2 kernel: io scheduler bfq registered
Mar 29 23:29:10 utku2 kernel: io scheduler bfq-sq registered (default)
Mar 29 23:29:10 utku2 kernel: BFQ I/O-scheduler: v8r12 (with cgroups support)
Mar 29 23:29:10 utku2 kernel: io scheduler bfq-mq registered
Mar 29 23:29:10 utku2 kernel: BFQ I/O-scheduler: v8r12 (with cgroups support)
Mar 29 23:29:10 utku2 kernel: pcieport 0000:00:02.2: Signaling PME with IRQ 26
Mar 29 23:29:10 utku2 kernel: pcieport 0000:00:02.3: Signaling PME with IRQ 27
Mar 29 23:29:10 utku2 kernel: pcieport 0000:00:03.1: Signaling PME with IRQ 29
Mar 29 23:29:10 utku2 kernel: pciehp 0000:00:03.1:pcie004: Slot #0 AttnBtn- PwrCtrl- MRL- AttnInd- PwrInd- HotPlug+ Surprise- Interlock- NoCompl+ LLActRep+
Mar 29 23:29:10 utku2 kernel: vesafb: mode is 1366x768x32, linelength=5632, pages=0
Mar 29 23:29:10 utku2 kernel: vesafb: scrolling: redraw
Mar 29 23:29:10 utku2 kernel: vesafb: Truecolor: size=0:8:8:8, shift=0:16:8:0
Mar 29 23:29:10 utku2 kernel: vesafb: framebuffer at 0xe0000000, mapped to 0xffffa1cf01800000, using 4224k, total 4224k
Mar 29 23:29:10 utku2 kernel: Console: switching to colour frame buffer device 170x48
Mar 29 23:29:10 utku2 kernel: fb0: VESA VGA frame buffer device
Mar 29 23:29:10 utku2 kernel: Serial: 8250/16550 driver, 4 ports, IRQ sharing enabled
Mar 29 23:29:10 utku2 kernel: rtc_cmos 00:01: RTC can wake from S4
Mar 29 23:29:10 utku2 kernel: rtc_cmos 00:01: rtc core: registered rtc_cmos as rtc0
Mar 29 23:29:10 utku2 kernel: rtc_cmos 00:01: alarms up to one month, 114 bytes nvram, hpet irqs
Mar 29 23:29:10 utku2 kernel: ledtrig-cpu: registered to indicate activity on CPUs
Mar 29 23:29:10 utku2 kernel: vlv2_plat_clk vlv2_plat_clk: vlv2_plat_clk initialized
Mar 29 23:29:10 utku2 kernel: NET: Registered protocol family 10
Mar 29 23:29:10 utku2 kernel: Segment Routing with IPv6
Mar 29 23:29:10 utku2 kernel: NET: Registered protocol family 17
Mar 29 23:29:10 utku2 kernel: RAS: Correctable Errors collector initialized.
Mar 29 23:29:10 utku2 kernel: microcode: CPU0: patch_level=0x0600611a
Mar 29 23:29:10 utku2 kernel: microcode: CPU1: patch_level=0x0600611a
Mar 29 23:29:10 utku2 kernel: microcode: CPU2: patch_level=0x0600611a
Mar 29 23:29:10 utku2 kernel: microcode: CPU3: patch_level=0x0600611a
Mar 29 23:29:10 utku2 kernel: microcode: Microcode Update Driver: v2.2.
Mar 29 23:29:10 utku2 kernel: sched_clock: Marking stable (819509773, 0)->(954295840, -134786067)
Mar 29 23:29:10 utku2 kernel: registered taskstats version 1
Mar 29 23:29:10 utku2 kernel: Loading compiled-in X.509 certificates
Mar 29 23:29:10 utku2 kernel: zswap: loaded using pool lzo/zbud
Mar 29 23:29:10 utku2 kernel: Key type big_key registered
Mar 29 23:29:10 utku2 kernel:   Magic number: 11:316:501
Mar 29 23:29:10 utku2 kernel: rtc_cmos 00:01: setting system clock to 2019-03-29 21:28:59 UTC (1553894939)
Mar 29 23:29:10 utku2 kernel: Freeing unused kernel memory: 1384K
Mar 29 23:29:10 utku2 kernel: Write protecting the kernel read-only data: 16384k
Mar 29 23:29:10 utku2 kernel: Freeing unused kernel memory: 2016K
Mar 29 23:29:10 utku2 kernel: Freeing unused kernel memory: 1212K
Mar 29 23:29:10 utku2 kernel: i8042: PNP: PS/2 Controller [PNP0303:KBC0] at 0x60,0x64 irq 1
Mar 29 23:29:10 utku2 kernel: i8042: PNP: PS/2 appears to have AUX port disabled, if this is incorrect please boot with i8042.nopnp
Mar 29 23:29:10 utku2 kernel: serio: i8042 KBD port at 0x60,0x64 irq 1
Mar 29 23:29:10 utku2 kernel: SCSI subsystem initialized
Mar 29 23:29:10 utku2 kernel: ACPI: bus type USB registered
Mar 29 23:29:10 utku2 kernel: usbcore: registered new interface driver usbfs
Mar 29 23:29:10 utku2 kernel: usbcore: registered new interface driver hub
Mar 29 23:29:10 utku2 kernel: usbcore: registered new device driver usb
Mar 29 23:29:10 utku2 kernel: ehci_hcd: USB 2.0 'Enhanced' Host Controller (EHCI) Driver
Mar 29 23:29:10 utku2 kernel: libata version 3.00 loaded.
Mar 29 23:29:10 utku2 kernel: ehci-pci: EHCI PCI platform driver
Mar 29 23:29:10 utku2 kernel: ehci-pci 0000:00:12.0: EHCI Host Controller
Mar 29 23:29:10 utku2 kernel: ehci-pci 0000:00:12.0: new USB bus registered, assigned bus number 1
Mar 29 23:29:10 utku2 kernel: ehci-pci 0000:00:12.0: debug port 2
Mar 29 23:29:10 utku2 kernel: ehci-pci 0000:00:12.0: irq 18, io mem 0xd156d000
Mar 29 23:29:10 utku2 kernel: ehci-pci 0000:00:12.0: USB 2.0 started, EHCI 1.00
Mar 29 23:29:10 utku2 kernel: hub 1-0:1.0: USB hub found
Mar 29 23:29:10 utku2 kernel: hub 1-0:1.0: 2 ports detected
Mar 29 23:29:10 utku2 kernel: ahci 0000:00:11.0: version 3.0
Mar 29 23:29:10 utku2 kernel: ahci 0000:00:11.0: AHCI 0001.0300 32 slots 1 ports 6 Gbps 0x1 impl SATA mode
Mar 29 23:29:10 utku2 kernel: ahci 0000:00:11.0: flags: 64bit ncq sntf ilck pm led clo pmp fbs pio slum part 
Mar 29 23:29:10 utku2 kernel: scsi host0: ahci
Mar 29 23:29:10 utku2 kernel: ata1: SATA max UDMA/133 abar m1024@0xd156c000 port 0xd156c100 irq 19
Mar 29 23:29:10 utku2 kernel: xhci_hcd 0000:00:10.0: xHCI Host Controller
Mar 29 23:29:10 utku2 kernel: xhci_hcd 0000:00:10.0: new USB bus registered, assigned bus number 2
Mar 29 23:29:10 utku2 kernel: xhci_hcd 0000:00:10.0: hcc params 0x014040c3 hci version 0x100 quirks 0x0000000000000410
Mar 29 23:29:10 utku2 kernel: hub 2-0:1.0: USB hub found
Mar 29 23:29:10 utku2 kernel: hub 2-0:1.0: 4 ports detected
Mar 29 23:29:10 utku2 kernel: xhci_hcd 0000:00:10.0: xHCI Host Controller
Mar 29 23:29:10 utku2 kernel: xhci_hcd 0000:00:10.0: new USB bus registered, assigned bus number 3
Mar 29 23:29:10 utku2 kernel: xhci_hcd 0000:00:10.0: Host supports USB 3.0  SuperSpeed
Mar 29 23:29:10 utku2 kernel: usb usb3: We don't know the algorithms for LPM for this host, disabling LPM.
Mar 29 23:29:10 utku2 kernel: hub 3-0:1.0: USB hub found
Mar 29 23:29:10 utku2 kernel: hub 3-0:1.0: 4 ports detected
Mar 29 23:29:10 utku2 kernel: usb: port power management may be unreliable
Mar 29 23:29:10 utku2 kernel: input: AT Translated Set 2 keyboard as /devices/platform/i8042/serio0/input/input0
Mar 29 23:29:10 utku2 kernel: usb 1-1: new high-speed USB device number 2 using ehci-pci
Mar 29 23:29:10 utku2 kernel: hub 1-1:1.0: USB hub found
Mar 29 23:29:10 utku2 kernel: hub 1-1:1.0: 4 ports detected
Mar 29 23:29:10 utku2 kernel: tsc: Refined TSC clocksource calibration: 2495.317 MHz
Mar 29 23:29:10 utku2 kernel: clocksource: tsc: mask: 0xffffffffffffffff max_cycles: 0x23f7f206bf1, max_idle_ns: 440795322908 ns
Mar 29 23:29:10 utku2 kernel: usb 1-1.1: new high-speed USB device number 3 using ehci-pci
Mar 29 23:29:10 utku2 kernel: usb-storage 1-1.1:1.0: USB Mass Storage device detected
Mar 29 23:29:10 utku2 kernel: scsi host1: usb-storage 1-1.1:1.0
Mar 29 23:29:10 utku2 kernel: usbcore: registered new interface driver usb-storage
Mar 29 23:29:10 utku2 kernel: usb 1-1.2: new low-speed USB device number 4 using ehci-pci
Mar 29 23:29:10 utku2 kernel: hidraw: raw HID events driver (C) Jiri Kosina
Mar 29 23:29:10 utku2 kernel: usbcore: registered new interface driver usbhid
Mar 29 23:29:10 utku2 kernel: usbhid: USB HID core driver
Mar 29 23:29:10 utku2 kernel: input:  USB OPTICAL MOUSE as /devices/pci0000:00/0000:00:12.0/usb1/1-1/1-1.2/1-1.2:1.0/0003:0000:3825.0001/input/input1
Mar 29 23:29:10 utku2 kernel: hid-generic 0003:0000:3825.0001: input,hidraw0: USB HID v1.11 Mouse [ USB OPTICAL MOUSE] on usb-0000:00:12.0-1.2/input0
Mar 29 23:29:10 utku2 kernel: ata1: SATA link up 6.0 Gbps (SStatus 133 SControl 300)
Mar 29 23:29:10 utku2 kernel: ata1.00: ATA-10: WDC WD10SPZX-21Z10T0, 02.01A02, max UDMA/133
Mar 29 23:29:10 utku2 kernel: ata1.00: 1953525168 sectors, multi 16: LBA48 NCQ (depth 31/32), AA
Mar 29 23:29:10 utku2 kernel: ata1.00: configured for UDMA/133
Mar 29 23:29:10 utku2 kernel: scsi 0:0:0:0: Direct-Access     ATA      WDC WD10SPZX-21Z 1A02 PQ: 0 ANSI: 5
Mar 29 23:29:10 utku2 kernel: sd 0:0:0:0: [sda] 1953525168 512-byte logical blocks: (1.00 TB/932 GiB)
Mar 29 23:29:10 utku2 kernel: sd 0:0:0:0: [sda] 4096-byte physical blocks
Mar 29 23:29:10 utku2 kernel: sd 0:0:0:0: [sda] Write Protect is off
Mar 29 23:29:10 utku2 kernel: sd 0:0:0:0: [sda] Mode Sense: 00 3a 00 00
Mar 29 23:29:10 utku2 kernel: sd 0:0:0:0: [sda] Write cache: enabled, read cache: enabled, doesn't support DPO or FUA
Mar 29 23:29:10 utku2 kernel: usb 1-1.3: new full-speed USB device number 5 using ehci-pci
Mar 29 23:29:10 utku2 kernel:  sda: sda1 sda2 sda3
Mar 29 23:29:10 utku2 kernel: sd 0:0:0:0: [sda] Attached SCSI disk
Mar 29 23:29:10 utku2 kernel: usb 1-1.4: new high-speed USB device number 6 using ehci-pci
Mar 29 23:29:10 utku2 kernel: clocksource: Switched to clocksource tsc
Mar 29 23:29:10 utku2 kernel: scsi 1:0:0:0: Direct-Access     Generic  Flash Disk       8.07 PQ: 0 ANSI: 4
Mar 29 23:29:10 utku2 kernel: sd 1:0:0:0: [sdb] 15730688 512-byte logical blocks: (8.05 GB/7.50 GiB)
Mar 29 23:29:10 utku2 kernel: random: fast init done
Mar 29 23:29:10 utku2 kernel: sd 1:0:0:0: [sdb] Write Protect is off
Mar 29 23:29:10 utku2 kernel: sd 1:0:0:0: [sdb] Mode Sense: 23 00 00 00
Mar 29 23:29:10 utku2 kernel: sd 1:0:0:0: [sdb] Write cache: disabled, read cache: enabled, doesn't support DPO or FUA
Mar 29 23:29:10 utku2 kernel:  sdb: sdb1
Mar 29 23:29:10 utku2 kernel: sd 1:0:0:0: [sdb] Attached SCSI removable disk
Mar 29 23:29:10 utku2 kernel: EXT4-fs (sda3): mounted filesystem with ordered data mode. Opts: (null)
Mar 29 23:29:10 utku2 kernel: random: crng init done
Mar 29 23:29:10 utku2 kernel: ip_tables: (C) 2000-2006 Netfilter Core Team
Mar 29 23:29:10 utku2 systemd[1]: systemd 241.607-1-manjaro running in system mode. (+PAM +AUDIT -SELINUX -IMA -APPARMOR +SMACK -SYSVINIT +UTMP +LIBCRYPTSETUP +GCRYPT +GNUTLS +ACL +XZ +LZ4 +SECCOMP +BLKID +ELFUTILS +KMOD +IDN2 -IDN +PCRE2 default-hierarchy=hybrid)
Mar 29 23:29:10 utku2 systemd[1]: Detected architecture x86-64.
Mar 29 23:29:10 utku2 systemd[1]: Set hostname to <utku2>.
Mar 29 23:29:10 utku2 systemd[1]: /usr/lib/systemd/system/teamviewerd.service:8: PIDFile= references path below legacy directory /var/run/, updating /var/run/teamviewerd.pid  /run/teamviewerd.pid; please update the unit file accordingly.
Mar 29 23:29:10 utku2 systemd[1]: /usr/lib/systemd/system/smb.service:9: PIDFile= references path below legacy directory /var/run/, updating /var/run/smbd.pid  /run/smbd.pid; please update the unit file accordingly.
Mar 29 23:29:10 utku2 systemd[1]: /usr/lib/systemd/system/winbind.service:8: PIDFile= references path below legacy directory /var/run/, updating /var/run/winbindd.pid  /run/winbindd.pid; please update the unit file accordingly.
Mar 29 23:29:10 utku2 systemd[1]: /usr/lib/systemd/system/nmb.service:9: PIDFile= references path below legacy directory /var/run/, updating /var/run/nmbd.pid  /run/nmbd.pid; please update the unit file accordingly.
Mar 29 23:29:10 utku2 systemd[1]: Listening on LVM2 metadata daemon socket.
Mar 29 23:29:10 utku2 systemd[1]: Reached target Login Prompts.
Mar 29 23:29:10 utku2 systemd[1]: Listening on Journal Socket.
Mar 29 23:29:10 utku2 kernel: EXT4-fs (sda3): re-mounted. Opts: (null)
Mar 29 23:29:10 utku2 systemd-journald[192]: Journal started
Mar 29 23:29:10 utku2 systemd-journald[192]: Runtime journal (/run/log/journal/532485b3fd6e468293c927b7e21ba911) is 8.0M, max 349.7M, 341.7M free.
Mar 29 23:29:10 utku2 systemd[1]: Mounted Kernel Debug File System.
Mar 29 23:29:10 utku2 systemd[1]: Started Create list of required static device nodes for the current kernel.
Mar 29 23:29:10 utku2 systemd[1]: Started Remount Root and Kernel File Systems.
Mar 29 23:29:10 utku2 systemd[1]: Mounted POSIX Message Queue File System.
Mar 29 23:29:10 utku2 systemd[1]: Mounted Huge Pages File System.
Mar 29 23:29:10 utku2 systemd[1]: proc-sys-fs-binfmt_misc.automount: Got automount request for /proc/sys/fs/binfmt_misc, triggered by 189 (systemd-binfmt)
Mar 29 23:29:10 utku2 systemd[1]: Mounting Arbitrary Executable File Formats File System...
Mar 29 23:29:10 utku2 systemd[1]: Condition check resulted in First Boot Wizard being skipped.
Mar 29 23:29:10 utku2 systemd[1]: Condition check resulted in Create System Users being skipped.
Mar 29 23:29:10 utku2 systemd[1]: Condition check resulted in Rebuild Hardware Database being skipped.
Mar 29 23:29:10 utku2 systemd[1]: Starting Load/Save Random Seed...
Mar 29 23:29:10 utku2 systemd[1]: Starting Create Static Device Nodes in /dev...
Mar 29 23:29:10 utku2 systemd[1]: Starting Flush Journal to Persistent Storage...
Mar 29 23:29:10 utku2 systemd[1]: Mounted Arbitrary Executable File Formats File System.
Mar 29 23:29:10 utku2 systemd[1]: Started Set Up Additional Binary Formats.
Mar 29 23:29:10 utku2 systemd[1]: Started Load/Save Random Seed.
Mar 29 23:29:11 utku2 systemd-journald[192]: Time spent on flushing to /var is 2.586244s for 688 entries.
Mar 29 23:29:11 utku2 systemd-journald[192]: System journal (/var/log/journal/532485b3fd6e468293c927b7e21ba911) is 3.0G, max 4.0G, 991.6M free.
Mar 29 23:29:20 utku2 kernel: sd 0:0:0:0: Attached scsi generic sg0 type 0
Mar 29 23:29:20 utku2 kernel: sd 1:0:0:0: Attached scsi generic sg1 type 0
Mar 29 23:29:20 utku2 kernel: vboxguest: loading out-of-tree module taints kernel.
Mar 29 23:29:20 utku2 kernel: vboxguest: PCI device not found, probably running on physical hardware.
Mar 29 23:29:20 utku2 kernel: vboxguest: PCI device not found, probably running on physical hardware.
Mar 29 23:29:20 utku2 kernel: Linux agpgart interface v0.103
Mar 29 23:29:20 utku2 kernel: vboxguest: PCI device not found, probably running on physical hardware.
Mar 29 23:29:20 utku2 kernel: vboxguest: PCI device not found, probably running on physical hardware.
Mar 29 23:29:20 utku2 kernel: vboxdrv: Found 4 processor cores
Mar 29 23:29:20 utku2 kernel: vboxdrv: TSC mode is Invariant, tentative frequency 2495318508 Hz
Mar 29 23:29:20 utku2 kernel: vboxdrv: Successfully loaded version 6.0.4 (interface 0x00290008)
Mar 29 23:29:20 utku2 kernel: VBoxNetAdp: Successfully started.
Mar 29 23:29:20 utku2 kernel: VBoxNetFlt: Successfully started.
Mar 29 23:29:20 utku2 kernel: VBoxPciLinuxInit
Mar 29 23:29:20 utku2 kernel: vboxpci: IOMMU found
Mar 29 23:29:20 utku2 kernel: vboxguest: PCI device not found, probably running on physical hardware.
Mar 29 23:29:20 utku2 kernel: vboxguest: PCI device not found, probably running on physical hardware.
Mar 29 23:29:20 utku2 kernel: vboxguest: PCI device not found, probably running on physical hardware.
Mar 29 23:29:20 utku2 kernel: input: PC Speaker as /devices/platform/pcspkr/input/input2
Mar 29 23:29:20 utku2 kernel: acpi_cpufreq: overriding BIOS provided _PSD data
Mar 29 23:29:20 utku2 kernel: input: Power Button as /devices/LNXSYSTM:00/LNXSYBUS:00/PNP0C0C:00/input/input3
Mar 29 23:29:20 utku2 kernel: ACPI: Power Button [PWRB]
Mar 29 23:29:20 utku2 kernel: input: Sleep Button as /devices/LNXSYSTM:00/LNXSYBUS:00/PNP0C0E:00/input/input4
Mar 29 23:29:20 utku2 kernel: ACPI: Sleep Button [SLPB]
Mar 29 23:29:20 utku2 kernel: input: Lid Switch as /devices/LNXSYSTM:00/LNXSYBUS:00/PNP0C0D:00/input/input5
Mar 29 23:29:20 utku2 kernel: ACPI: Lid Switch [LID]
Mar 29 23:29:20 utku2 kernel: input: Power Button as /devices/LNXSYSTM:00/LNXPWRBN:00/input/input6
Mar 29 23:29:20 utku2 kernel: ACPI: Power Button [PWRF]
Mar 29 23:29:20 utku2 kernel: ACPI: Video Device [VGA] (multi-head: yes  rom: no  post: no)
Mar 29 23:29:20 utku2 kernel: acpi device:00: registered as cooling_device4
Mar 29 23:29:20 utku2 kernel: input: Video Bus as /devices/LNXSYSTM:00/LNXSYBUS:00/PNP0A08:00/LNXVIDEO:00/input/input7
Mar 29 23:29:20 utku2 kernel: ACPI: Video Device [VGA2] (multi-head: yes  rom: no  post: no)
Mar 29 23:29:20 utku2 kernel: acpi device:0a: registered as cooling_device5
Mar 29 23:29:20 utku2 kernel: input: Video Bus as /devices/LNXSYSTM:00/LNXSYBUS:00/PNP0A08:00/device:09/LNXVIDEO:02/input/input8
Mar 29 23:29:20 utku2 kernel: ACPI: Battery Slot [BAT1] (battery present)
Mar 29 23:29:20 utku2 kernel: ACPI: AC Adapter [ACAD] (off-line)
Mar 29 23:29:20 utku2 kernel: AVX2 version of gcm_enc/dec engaged.
Mar 29 23:29:20 utku2 kernel: AES CTR mode by8 optimization enabled
Mar 29 23:29:11 utku2 systemd-modules-load[199]: Inserted module 'crypto_user'
Mar 29 23:29:12 utku2 systemd-modules-load[199]: Inserted module 'sg'
Mar 29 23:29:12 utku2 systemd-modules-load[199]: Failed to insert module 'vboxguest': No such device
Mar 29 23:29:12 utku2 systemd-modules-load[199]: Failed to insert module 'vboxsf': No such device
Mar 29 23:29:12 utku2 systemd[1]: Started Create Static Device Nodes in /dev.
Mar 29 23:29:12 utku2 systemd[1]: Starting udev Kernel Device Manager...
Mar 29 23:29:12 utku2 systemd[1]: Started udev Coldplug all Devices.
Mar 29 23:29:12 utku2 systemd-modules-load[199]: Inserted module 'vboxvideo'
Mar 29 23:29:12 utku2 systemd-modules-load[199]: Failed to insert module 'vboxguest': No such device
Mar 29 23:29:12 utku2 systemd-modules-load[199]: Failed to insert module 'vboxsf': No such device
Mar 29 23:29:13 utku2 systemd-modules-load[199]: Inserted module 'vboxdrv'
Mar 29 23:29:13 utku2 systemd-modules-load[199]: Inserted module 'vboxnetadp'
Mar 29 23:29:13 utku2 systemd-modules-load[199]: Inserted module 'vboxnetflt'
Mar 29 23:29:13 utku2 systemd[1]: Started LVM2 metadata daemon.
Mar 29 23:29:13 utku2 systemd-modules-load[199]: Inserted module 'vboxpci'
Mar 29 23:29:13 utku2 systemd-modules-load[199]: Failed to insert module 'vboxsf': No such device
Mar 29 23:29:14 utku2 systemd[1]: Started udev Kernel Device Manager.
Mar 29 23:29:14 utku2 systemd-modules-load[199]: Inserted module 'uinput'
Mar 29 23:29:14 utku2 systemd-modules-load[199]: Failed to insert module 'vboxguest': No such device
Mar 29 23:29:14 utku2 systemd-modules-load[199]: Failed to insert module 'vboxsf': No such device
Mar 29 23:29:14 utku2 systemd[1]: Started Load Kernel Modules.
Mar 29 23:29:14 utku2 systemd[1]: Starting Apply Kernel Variables...
Mar 29 23:29:14 utku2 systemd[1]: Condition check resulted in FUSE Control File System being skipped.
Mar 29 23:29:14 utku2 systemd[1]: Mounting Kernel Configuration File System...
Mar 29 23:29:14 utku2 systemd[1]: Mounted Kernel Configuration File System.
Mar 29 23:29:20 utku2 systemd[1]: Started Flush Journal to Persistent Storage.
Mar 29 23:29:20 utku2 systemd[1]: Started Apply Kernel Variables.
Mar 29 23:29:20 utku2 systemd-udevd[243]: link_config: autonegotiation is unset or enabled, the speed and duplex are not writable.
Mar 29 23:29:21 utku2 systemd[1]: Starting CLI Netfilter Manager...
Mar 29 23:29:21 utku2 kernel: shpchp: Standard Hot Plug PCI Controller Driver version: 0.4
Mar 29 23:29:21 utku2 kernel: tpm_crb MSFT0101:00: can't request region for resource [mem 0xbfbb9000-0xbfbbcfff]
Mar 29 23:29:21 utku2 kernel: tpm_crb: probe of MSFT0101:00 failed with error -16
Mar 29 23:29:21 utku2 kernel: kvm: Nested Virtualization enabled
Mar 29 23:29:21 utku2 kernel: kvm: Nested Paging enabled
Mar 29 23:29:21 utku2 kernel: SVM: Virtual GIF supported
Mar 29 23:29:21 utku2 kernel: MCE: In-kernel MCE decoding enabled.
Mar 29 23:29:21 utku2 systemd[1]: Listening on Load/Save RF Kill Switch Status /dev/rfkill Watch.
Mar 29 23:29:21 utku2 kernel: acer_wmi: Acer Laptop ACPI-WMI Extras
Mar 29 23:29:21 utku2 kernel: acer_wmi: Function bitmap for Communication Button: 0x801
Mar 29 23:29:21 utku2 kernel: input: Acer WMI hotkeys as /devices/virtual/input/input9
Mar 29 23:29:21 utku2 systemd[1]: Starting Load/Save RF Kill Switch Status...
Mar 29 23:29:21 utku2 kernel: EDAC amd64: Node 0: DRAM ECC disabled.
Mar 29 23:29:21 utku2 kernel: EDAC amd64: ECC disabled in the BIOS or no ECC capability, module will not load.
                               Either enable ECC checking or force module loading by setting 'ecc_enable_override'.
                               (Note that use of the override may cause unknown side effects.)
Mar 29 23:29:21 utku2 kernel: piix4_smbus 0000:00:14.0: SMBus Host Controller at 0xb00, revision 0
Mar 29 23:29:21 utku2 kernel: piix4_smbus 0000:00:14.0: Using register 0x02 for SMBus port selection
Mar 29 23:29:22 utku2 systemd[1]: Started Load/Save RF Kill Switch Status.
Mar 29 23:29:22 utku2 ufw-init[296]: Skip starting firewall: ufw (not enabled)
Mar 29 23:29:22 utku2 systemd[1]: Started CLI Netfilter Manager.
Mar 29 23:29:23 utku2 kernel: r8168 Gigabit Ethernet driver 8.045.08-NAPI loaded
Mar 29 23:29:23 utku2 kernel: r8168 0000:01:00.1: can't disable ASPM; OS doesn't have ASPM control
Mar 29 23:29:23 utku2 kernel: r8168: This product is covered by one or more of the following patents: US6,570,884, US6,115,776, and US6,327,625.
Mar 29 23:29:23 utku2 kernel: r8168  Copyright (C) 2017  Realtek NIC software team <nicfae@realtek.com> 
                               This program comes with ABSOLUTELY NO WARRANTY; for details, please see <http://www.gnu.org/licenses/>. 
                               This is free software, and you are welcome to redistribute it under certain conditions; see <http://www.gnu.org/licenses/>. 
Mar 29 23:29:23 utku2 systemd-udevd[220]: Using default interface naming scheme 'v240'.
Mar 29 23:29:23 utku2 kernel: sp5100_tco: SP5100/SB800 TCO WatchDog Timer Driver v0.05
Mar 29 23:29:23 utku2 kernel: sp5100_tco: PCI Vendor ID: 0x1022, Device ID: 0x790b, Revision ID: 0x4a
Mar 29 23:29:23 utku2 kernel: sp5100_tco: I/O address 0x0cd6 already in use
Mar 29 23:29:23 utku2 systemd-udevd[220]: link_config: autonegotiation is unset or enabled, the speed and duplex are not writable.
Mar 29 23:29:23 utku2 kernel: r8168 0000:01:00.1 enp1s0f1: renamed from eth0
Mar 29 23:29:23 utku2 systemd-udevd[237]: Using default interface naming scheme 'v240'.
Mar 29 23:29:23 utku2 kernel: [drm] amdgpu kernel modesetting enabled.
Mar 29 23:29:23 utku2 kernel: vga_switcheroo: detected switching method \_SB_.PCI0.VGA_.ATPX handle
Mar 29 23:29:23 utku2 kernel: ATPX version 1, functions 0x00000003
Mar 29 23:29:23 utku2 kernel: ATPX Hybrid Graphics
Mar 29 23:29:23 utku2 kernel: AMD IOMMUv2 driver by Joerg Roedel <jroedel@suse.de>
Mar 29 23:29:23 utku2 mtp-probe[385]: checking bus 1, device 3: "/sys/devices/pci0000:00/0000:00:12.0/usb1/1-1/1-1.1"
Mar 29 23:29:24 utku2 kernel: Found CRAT image with size=1320
Mar 29 23:29:24 utku2 kernel: Parsing CRAT table with 1 nodes
Mar 29 23:29:24 utku2 kernel: Found CU entry in CRAT table with proximity_domain=0 caps=0
Mar 29 23:29:24 utku2 kernel: CU CPU: cores=4 id_base=16
Mar 29 23:29:24 utku2 kernel: Found CU entry in CRAT table with proximity_domain=0 caps=0
Mar 29 23:29:24 utku2 kernel: CU GPU: simds=40 id_base=-2147483648
Mar 29 23:29:24 utku2 kernel: Found memory entry in CRAT table with proximity_domain=0
Mar 29 23:29:24 utku2 kernel: Found cache entry in CRAT table with processor_id=16
Mar 29 23:29:24 utku2 kernel: Found cache entry in CRAT table with processor_id=16
Mar 29 23:29:24 utku2 kernel: Found cache entry in CRAT table with processor_id=16
Mar 29 23:29:24 utku2 kernel: Found cache entry in CRAT table with processor_id=17
Mar 29 23:29:24 utku2 kernel: Found cache entry in CRAT table with processor_id=18
Mar 29 23:29:24 utku2 kernel: Found cache entry in CRAT table with processor_id=18
Mar 29 23:29:24 utku2 kernel: Found cache entry in CRAT table with processor_id=18
Mar 29 23:29:24 utku2 kernel: Found cache entry in CRAT table with processor_id=19
Mar 29 23:29:24 utku2 kernel: Found TLB entry in CRAT table (not processing)
Mar 29 23:29:24 utku2 kernel: Found TLB entry in CRAT table (not processing)
Mar 29 23:29:24 utku2 kernel: Found TLB entry in CRAT table (not processing)
Mar 29 23:29:24 utku2 kernel: Found TLB entry in CRAT table (not processing)
Mar 29 23:29:24 utku2 kernel: Found TLB entry in CRAT table (not processing)
Mar 29 23:29:24 utku2 kernel: Found TLB entry in CRAT table (not processing)
Mar 29 23:29:24 utku2 kernel: Found TLB entry in CRAT table (not processing)
Mar 29 23:29:24 utku2 kernel: Found TLB entry in CRAT table (not processing)
Mar 29 23:29:24 utku2 kernel: Found TLB entry in CRAT table (not processing)
Mar 29 23:29:24 utku2 kernel: Found TLB entry in CRAT table (not processing)
Mar 29 23:29:24 utku2 kernel: Creating topology SYSFS entries
Mar 29 23:29:24 utku2 kernel: Finished initializing topology ret=0
Mar 29 23:29:24 utku2 kernel: kfd kfd: Initialized module
Mar 29 23:29:24 utku2 kernel: checking generic (e0000000 420000) vs hw (e0000000 10000000)
Mar 29 23:29:24 utku2 kernel: fb: switching to amdgpudrmfb from VESA VGA
Mar 29 23:29:24 utku2 kernel: Console: switching to colour dummy device 80x25
Mar 29 23:29:24 utku2 kernel: [drm] initializing kernel modesetting (CARRIZO 0x1002:0x9874 0x1025:0x1201 0xCA).
Mar 29 23:29:24 utku2 kernel: [drm] register mmio base: 0xD1500000
Mar 29 23:29:24 utku2 kernel: [drm] register mmio size: 262144
Mar 29 23:29:24 utku2 kernel: [drm] UVD is enabled in physical mode
Mar 29 23:29:24 utku2 kernel: [drm] VCE enabled in physical mode
Mar 29 23:29:24 utku2 kernel: [drm] BIOS signature incorrect 0 0
Mar 29 23:29:24 utku2 kernel: resource sanity check: requesting [mem 0x000c0000-0x000dffff], which spans more than PCI Bus 0000:00 [mem 0x000c0000-0x000c3fff window]
Mar 29 23:29:24 utku2 kernel: caller pci_map_rom+0x54/0xc0 mapping multiple BARs
Mar 29 23:29:24 utku2 kernel: ATOM BIOS: 113-C91400-007
Mar 29 23:29:24 utku2 kernel: [drm] GPU post is not needed
Mar 29 23:29:24 utku2 kernel: [drm] vm size is 64 GB, block size is 13-bit, fragment size is 4-bit
Mar 29 23:29:24 utku2 kernel: amdgpu 0000:00:01.0: VRAM: 1024M 0x000000F400000000 - 0x000000F43FFFFFFF (1024M used)
Mar 29 23:29:24 utku2 kernel: amdgpu 0000:00:01.0: GTT: 1024M 0x0000000000000000 - 0x000000003FFFFFFF
Mar 29 23:29:24 utku2 kernel: [drm] Detected VRAM RAM=1024M, BAR=1024M
Mar 29 23:29:24 utku2 kernel: [drm] RAM width 64bits UNKNOWN
Mar 29 23:29:24 utku2 kernel: [TTM] Zone  kernel: Available graphics memory: 3581320 kiB
Mar 29 23:29:24 utku2 kernel: [TTM] Zone   dma32: Available graphics memory: 2097152 kiB
Mar 29 23:29:24 utku2 kernel: [TTM] Initializing pool allocator
Mar 29 23:29:24 utku2 kernel: [TTM] Initializing DMA pool allocator
Mar 29 23:29:24 utku2 kernel: [drm] amdgpu: 1024M of VRAM memory ready
Mar 29 23:29:24 utku2 kernel: [drm] amdgpu: 3072M of GTT memory ready.
Mar 29 23:29:24 utku2 kernel: [drm] GART: num cpu pages 262144, num gpu pages 262144
Mar 29 23:29:24 utku2 kernel: [drm] PCIE GART of 1024M enabled (table at 0x000000F400040000).
Mar 29 23:29:24 utku2 kernel: [drm] Supports vblank timestamp caching Rev 2 (21.10.2013).
Mar 29 23:29:24 utku2 kernel: [drm] Driver supports precise vblank timestamp query.
Mar 29 23:29:24 utku2 kernel: amdgpu 0000:00:01.0: amdgpu: using MSI.
Mar 29 23:29:24 utku2 kernel: [drm] amdgpu: irq initialized.
Mar 29 23:29:24 utku2 kernel: amdgpu: [powerplay] amdgpu: powerplay sw initialized
Mar 29 23:29:24 utku2 kernel: [drm] amdgpu atom DIG backlight initialized
Mar 29 23:29:24 utku2 kernel: [drm] AMDGPU Display Connectors
Mar 29 23:29:24 utku2 kernel: [drm] Connector 0:
Mar 29 23:29:24 utku2 kernel: [drm]   eDP-1
Mar 29 23:29:24 utku2 kernel: [drm]   HPD1
Mar 29 23:29:24 utku2 kernel: [drm]   DDC: 0x4868 0x4868 0x4869 0x4869 0x486a 0x486a 0x486b 0x486b
Mar 29 23:29:24 utku2 kernel: [drm]   Encoders:
Mar 29 23:29:24 utku2 kernel: [drm]     LCD1: INTERNAL_UNIPHY
Mar 29 23:29:24 utku2 kernel: [drm] Connector 1:
Mar 29 23:29:24 utku2 kernel: [drm]   HDMI-A-1
Mar 29 23:29:24 utku2 kernel: [drm]   HPD2
Mar 29 23:29:24 utku2 kernel: [drm]   DDC: 0x486c 0x486c 0x486d 0x486d 0x486e 0x486e 0x486f 0x486f
Mar 29 23:29:24 utku2 kernel: [drm]   Encoders:
Mar 29 23:29:24 utku2 kernel: [drm]     DFP1: INTERNAL_UNIPHY
Mar 29 23:29:24 utku2 systemd[1]: Found device WDC_WD10SPZX-21Z10T0 1.
Mar 29 23:29:23 utku2 mtp-probe[367]: checking bus 1, device 6: "/sys/devices/pci0000:00/0000:00:12.0/usb1/1-1/1-1.4"
Mar 29 23:29:23 utku2 mtp-probe[385]: bus: 1, device: 3 was not an MTP device
Mar 29 23:29:23 utku2 mtp-probe[365]: checking bus 1, device 4: "/sys/devices/pci0000:00/0000:00:12.0/usb1/1-1/1-1.2"
Mar 29 23:29:23 utku2 mtp-probe[367]: bus: 1, device: 6 was not an MTP device
Mar 29 23:29:23 utku2 mtp-probe[365]: bus: 1, device: 4 was not an MTP device
Mar 29 23:29:24 utku2 systemd-udevd[237]: Process '/usr/bin/set-wireless-regdom' failed with exit code 1.
Mar 29 23:29:24 utku2 kernel: Intel(R) Wireless WiFi driver for Linux
Mar 29 23:29:24 utku2 kernel: Copyright(c) 2003- 2015 Intel Corporation
Mar 29 23:29:24 utku2 kernel: amdgpu 0000:00:01.0: fence driver on ring 0 use gpu addr 0x0000000000400080, cpu addr 0xffffa1cf01335080
Mar 29 23:29:24 utku2 kernel: amdgpu 0000:00:01.0: fence driver on ring 1 use gpu addr 0x0000000000400100, cpu addr 0xffffa1cf01335100
Mar 29 23:29:24 utku2 kernel: amdgpu 0000:00:01.0: fence driver on ring 2 use gpu addr 0x0000000000400180, cpu addr 0xffffa1cf01335180
Mar 29 23:29:24 utku2 kernel: amdgpu 0000:00:01.0: fence driver on ring 3 use gpu addr 0x0000000000400200, cpu addr 0xffffa1cf01335200
Mar 29 23:29:24 utku2 kernel: amdgpu 0000:00:01.0: fence driver on ring 4 use gpu addr 0x0000000000400280, cpu addr 0xffffa1cf01335280
Mar 29 23:29:24 utku2 kernel: amdgpu 0000:00:01.0: fence driver on ring 5 use gpu addr 0x0000000000400300, cpu addr 0xffffa1cf01335300
Mar 29 23:29:24 utku2 kernel: amdgpu 0000:00:01.0: fence driver on ring 6 use gpu addr 0x0000000000400380, cpu addr 0xffffa1cf01335380
Mar 29 23:29:24 utku2 kernel: amdgpu 0000:00:01.0: fence driver on ring 7 use gpu addr 0x0000000000400400, cpu addr 0xffffa1cf01335400
Mar 29 23:29:24 utku2 kernel: amdgpu 0000:00:01.0: fence driver on ring 8 use gpu addr 0x0000000000400480, cpu addr 0xffffa1cf01335480
Mar 29 23:29:24 utku2 kernel: amdgpu 0000:00:01.0: fence driver on ring 9 use gpu addr 0x0000000000400520, cpu addr 0xffffa1cf01335520
Mar 29 23:29:24 utku2 kernel: amdgpu 0000:00:01.0: fence driver on ring 10 use gpu addr 0x00000000004005a0, cpu addr 0xffffa1cf013355a0
Mar 29 23:29:24 utku2 kernel: amdgpu 0000:00:01.0: fence driver on ring 11 use gpu addr 0x0000000000400620, cpu addr 0xffffa1cf01335620
Mar 29 23:29:24 utku2 kernel: [drm] Found UVD firmware Version: 1.91 Family ID: 11
Mar 29 23:29:24 utku2 kernel: amdgpu 0000:00:01.0: fence driver on ring 12 use gpu addr 0x000000f400295560, cpu addr 0xffffa1cf01842560
Mar 29 23:29:24 utku2 kernel: [drm] Found VCE firmware Version: 52.4 Binary ID: 3
Mar 29 23:29:24 utku2 kernel: amdgpu 0000:00:01.0: fence driver on ring 13 use gpu addr 0x0000000000400720, cpu addr 0xffffa1cf01335720
Mar 29 23:29:24 utku2 kernel: amdgpu 0000:00:01.0: fence driver on ring 14 use gpu addr 0x00000000004007a0, cpu addr 0xffffa1cf013357a0
Mar 29 23:29:24 utku2 kernel: [drm] ring test on 0 succeeded in 8 usecs
Mar 29 23:29:24 utku2 kernel: [drm] ring test on 9 succeeded in 6 usecs
Mar 29 23:29:24 utku2 kernel: [drm] ring test on 1 succeeded in 6 usecs
Mar 29 23:29:24 utku2 kernel: [drm] ring test on 2 succeeded in 13 usecs
Mar 29 23:29:24 utku2 kernel: [drm] ring test on 3 succeeded in 9 usecs
Mar 29 23:29:24 utku2 kernel: [drm] ring test on 4 succeeded in 10 usecs
Mar 29 23:29:24 utku2 kernel: [drm] ring test on 5 succeeded in 9 usecs
Mar 29 23:29:24 utku2 kernel: [drm] ring test on 6 succeeded in 10 usecs
Mar 29 23:29:24 utku2 kernel: [drm] ring test on 7 succeeded in 10 usecs
Mar 29 23:29:24 utku2 kernel: [drm] ring test on 8 succeeded in 10 usecs
Mar 29 23:29:24 utku2 kernel: [drm] ring test on 10 succeeded in 2 usecs
Mar 29 23:29:24 utku2 kernel: [drm] ring test on 11 succeeded in 2 usecs
Mar 29 23:29:24 utku2 systemd-udevd[238]: Process '/usr/bin/tlp auto' failed with exit code 4.
Mar 29 23:29:24 utku2 kernel: [drm] ring test on 12 succeeded in 0 usecs
Mar 29 23:29:24 utku2 kernel: [drm] UVD initialized successfully.
Mar 29 23:29:24 utku2 kernel: iwlwifi 0000:02:00.0: loaded firmware version 29.1044073957.0 op_mode iwlmvm
Mar 29 23:29:24 utku2 kernel: mousedev: PS/2 mouse device common for all mice
Mar 29 23:29:24 utku2 kernel: usbcore: registered new interface driver uas
Mar 29 23:29:24 utku2 kernel: [drm] ring test on 13 succeeded in 6 usecs
Mar 29 23:29:24 utku2 kernel: [drm] ring test on 14 succeeded in 1 usecs
Mar 29 23:29:24 utku2 kernel: [drm] VCE initialized successfully.
Mar 29 23:29:24 utku2 kernel: [drm] ib test on ring 0 succeeded
Mar 29 23:29:24 utku2 kernel: [drm] ib test on ring 1 succeeded
Mar 29 23:29:24 utku2 kernel: [drm] ib test on ring 2 succeeded
Mar 29 23:29:24 utku2 kernel: [drm] ib test on ring 3 succeeded
Mar 29 23:29:24 utku2 kernel: [drm] ib test on ring 4 succeeded
Mar 29 23:29:24 utku2 kernel: [drm] ib test on ring 5 succeeded
Mar 29 23:29:24 utku2 kernel: [drm] ib test on ring 6 succeeded
Mar 29 23:29:24 utku2 kernel: [drm] ib test on ring 7 succeeded
Mar 29 23:29:24 utku2 kernel: [drm] ib test on ring 8 succeeded
Mar 29 23:29:24 utku2 kernel: [drm] ib test on ring 9 succeeded
Mar 29 23:29:24 utku2 kernel: [drm] ib test on ring 10 succeeded
Mar 29 23:29:24 utku2 kernel: [drm] ib test on ring 11 succeeded
Mar 29 23:29:24 utku2 kernel: [drm] ib test on ring 12 succeeded
Mar 29 23:29:24 utku2 kernel: [drm] ib test on ring 13 succeeded
Mar 29 23:29:24 utku2 kernel: amdgpu: [powerplay] min_core_set_clock not set
Mar 29 23:29:24 utku2 kernel: amdgpu: [powerplay] min_core_set_clock not set
Mar 29 23:29:24 utku2 kernel: amdgpu: [powerplay] min_core_set_clock not set
Mar 29 23:29:24 utku2 systemd[1]: Found device WDC_WD10SPZX-21Z10T0 2.
Mar 29 23:29:24 utku2 kernel: media: Linux media interface: v0.10
Mar 29 23:29:24 utku2 kernel: Linux video capture interface: v2.00
Mar 29 23:29:24 utku2 kernel: Bluetooth: Core ver 2.22
Mar 29 23:29:24 utku2 kernel: NET: Registered protocol family 31
Mar 29 23:29:24 utku2 kernel: Bluetooth: HCI device and connection manager initialized
Mar 29 23:29:24 utku2 kernel: Bluetooth: HCI socket layer initialized
Mar 29 23:29:24 utku2 kernel: Bluetooth: L2CAP socket layer initialized
Mar 29 23:29:24 utku2 kernel: Bluetooth: SCO socket layer initialized
Mar 29 23:29:25 utku2 kernel: iwlwifi 0000:02:00.0: Detected Intel(R) Dual Band Wireless AC 3168, REV=0x220
Mar 29 23:29:25 utku2 kernel: iwlwifi 0000:02:00.0: base HW address: 90:61:ae:30:14:39
Mar 29 23:29:25 utku2 systemd[1]: Started Monitoring of LVM2 mirrors, snapshots etc. using dmeventd or progress polling.
Mar 29 23:29:25 utku2 systemd[1]: Reached target Local File Systems (Pre).
Mar 29 23:29:25 utku2 systemd[1]: Mounting /mnt/sda2...
Mar 29 23:29:25 utku2 kernel: ieee80211 phy0: Selected rate control algorithm 'iwl-mvm-rs'
Mar 29 23:29:25 utku2 kernel: (NULL device *): hwmon_device_register() is deprecated. Please convert the driver to use hwmon_device_register_with_info().
Mar 29 23:29:25 utku2 kernel: thermal thermal_zone0: failed to read out thermal zone (-61)
Mar 29 23:29:25 utku2 kernel: iwlwifi 0000:02:00.0 wlp2s0: renamed from wlan0
Mar 29 23:29:25 utku2 kernel: usbcore: registered new interface driver btusb
Mar 29 23:29:25 utku2 kernel: [drm] fb mappable at 0x1FF616000
Mar 29 23:29:25 utku2 kernel: [drm] vram apper at 0x1FF000000
Mar 29 23:29:25 utku2 kernel: [drm] size 4325376
Mar 29 23:29:25 utku2 kernel: [drm] fb depth is 24
Mar 29 23:29:25 utku2 kernel: [drm]    pitch is 5632
Mar 29 23:29:25 utku2 kernel: Bluetooth: hci0: read Intel version: 370810225019140f00
Mar 29 23:29:25 utku2 kernel: fbcon: amdgpudrmfb (fb0) is primary device
Mar 29 23:29:25 utku2 systemd[1]: Starting File System Check on /dev/disk/by-uuid/63450211-8dcb-4c6e-8bc6-01e4eafa6707...
Mar 29 23:29:25 utku2 systemd[1]: Condition check resulted in Virtual Machine and Container Storage (Compatibility) being skipped.
Mar 29 23:29:25 utku2 systemd-udevd[228]: Using default interface naming scheme 'v240'.
Mar 29 23:29:25 utku2 systemd-udevd[228]: link_config: autonegotiation is unset or enabled, the speed and duplex are not writable.
Mar 29 23:29:25 utku2 systemd-udevd[253]: Using default interface naming scheme 'v240'.
Mar 29 23:29:25 utku2 systemd[1]: Mounted /mnt/sda2.
Mar 29 23:29:26 utku2 systemd-fsck[574]: /dev/sda1: clean, 1202395/44253184 files, 160507528/177008640 blocks
Mar 29 23:29:27 utku2 kernel: Bluetooth: hci0: Intel Bluetooth firmware file: intel/ibt-hw-37.8.10-fw-22.50.19.14.f.bseq
Mar 29 23:29:27 utku2 kernel: EXT4-fs (sda2): mounted filesystem with ordered data mode. Opts: (null)
Mar 29 23:29:27 utku2 kernel: uvcvideo: Found UVC 1.00 device HD WebCam (0408:a060)
Mar 29 23:29:27 utku2 kernel: uvcvideo 1-1.4:1.0: Entity type for entity Extension 4 was not initialized!
Mar 29 23:29:27 utku2 kernel: uvcvideo 1-1.4:1.0: Entity type for entity Processing 2 was not initialized!
Mar 29 23:29:27 utku2 kernel: uvcvideo 1-1.4:1.0: Entity type for entity Camera 1 was not initialized!
Mar 29 23:29:27 utku2 kernel: input: HD WebCam: HD WebCam as /devices/pci0000:00/0000:00:12.0/usb1/1-1/1-1.4/1-1.4:1.0/input/input10
Mar 29 23:29:27 utku2 kernel: usbcore: registered new interface driver uvcvideo
Mar 29 23:29:27 utku2 kernel: USB Video Class driver (1.1.1)
Mar 29 23:29:27 utku2 kernel: Bluetooth: hci0: Intel Bluetooth firmware patch completed and activated
Mar 29 23:29:27 utku2 kernel: amdgpu: [powerplay] min_core_set_clock not set
Mar 29 23:29:27 utku2 kernel: amdgpu: [powerplay] min_core_set_clock not set
Mar 29 23:29:27 utku2 kernel: amdgpu: [powerplay] min_core_set_clock not set
Mar 29 23:29:27 utku2 kernel: amdgpu: [powerplay] min_core_set_clock not set
Mar 29 23:29:27 utku2 kernel: amdgpu: [powerplay] min_core_set_clock not set
Mar 29 23:29:27 utku2 kernel: amdgpu: [powerplay] min_core_set_clock not set
Mar 29 23:29:27 utku2 kernel: amdgpu: [powerplay] min_core_set_clock not set
Mar 29 23:29:27 utku2 kernel: amdgpu: [powerplay] min_core_set_clock not set
Mar 29 23:29:27 utku2 kernel: amdgpu: [powerplay] min_core_set_clock not set
Mar 29 23:29:27 utku2 kernel: amdgpu: [powerplay] min_core_set_clock not set
Mar 29 23:29:27 utku2 kernel: amdgpu: [powerplay] min_core_set_clock not set
Mar 29 23:29:27 utku2 kernel: amdgpu: [powerplay] min_core_set_clock not set
Mar 29 23:29:27 utku2 kernel: Console: switching to colour frame buffer device 170x48
Mar 29 23:29:27 utku2 kernel: amdgpu: [powerplay] min_core_set_clock not set
Mar 29 23:29:27 utku2 kernel: amdgpu: [powerplay] min_core_set_clock not set
Mar 29 23:29:27 utku2 kernel: amdgpu: [powerplay] min_core_set_clock not set
Mar 29 23:29:27 utku2 kernel: amdgpu: [powerplay] min_core_set_clock not set
Mar 29 23:29:27 utku2 kernel: amdgpu 0000:00:01.0: fb0: amdgpudrmfb frame buffer device
Mar 29 23:29:27 utku2 systemd[1]: Started File System Check on /dev/disk/by-uuid/63450211-8dcb-4c6e-8bc6-01e4eafa6707.
Mar 29 23:29:27 utku2 kernel: amdgpu: [powerplay] min_core_set_clock not set
Mar 29 23:29:27 utku2 kernel: kfd kfd: Allocated 3969056 bytes on gart
Mar 29 23:29:27 utku2 kernel: Adding doorbell packet type capability
Mar 29 23:29:27 utku2 kernel: kfd kfd: added device 1002:9874
Mar 29 23:29:27 utku2 kernel: [drm] Initialized amdgpu 3.19.0 20150101 for 0000:00:01.0 on minor 0
Mar 29 23:29:27 utku2 kernel: snd_hda_intel 0000:00:01.1: Force to non-snoop mode
Mar 29 23:29:27 utku2 kernel: [drm] initializing kernel modesetting (POLARIS12 0x1002:0x699F 0x1025:0x1210 0xC3).
Mar 29 23:29:27 utku2 kernel: [drm] register mmio base: 0xD1200000
Mar 29 23:29:27 utku2 kernel: [drm] register mmio size: 262144
Mar 29 23:29:27 utku2 kernel: [drm] probing gen 2 caps for device 1022:157c = 733c81/e
Mar 29 23:29:27 utku2 kernel: [drm] probing mlw for device 1022:157c = 733c81
Mar 29 23:29:27 utku2 kernel: [drm] UVD is enabled in VM mode
Mar 29 23:29:27 utku2 kernel: [drm] VCE enabled in VM mode
Mar 29 23:29:27 utku2 kernel: vga_switcheroo: enabled
Mar 29 23:29:27 utku2 kernel: ATOM BIOS: SWBRT23054.001
Mar 29 23:29:27 utku2 kernel: [drm] GPU posting now...
Mar 29 23:29:27 utku2 kernel: [drm] vm size is 64 GB, block size is 13-bit, fragment size is 4-bit
Mar 29 23:29:27 utku2 systemd[1]: Condition check resulted in FUSE Control File System being skipped.
Mar 29 23:29:27 utku2 systemd[1]: Condition check resulted in Rebuild Hardware Database being skipped.
Mar 29 23:29:27 utku2 systemd[1]: Condition check resulted in First Boot Wizard being skipped.
Mar 29 23:29:27 utku2 systemd[1]: Condition check resulted in Create System Users being skipped.
Mar 29 23:29:27 utku2 systemd[1]: Condition check resulted in File System Check on Root Device being skipped.
Mar 29 23:29:27 utku2 systemd[1]: Mounting /home...
Mar 29 23:29:28 utku2 kernel: amdgpu 0000:03:00.0: VRAM: 2048M 0x000000F400000000 - 0x000000F47FFFFFFF (2048M used)
Mar 29 23:29:28 utku2 kernel: amdgpu 0000:03:00.0: GTT: 256M 0x0000000000000000 - 0x000000000FFFFFFF
Mar 29 23:29:28 utku2 kernel: [drm] Detected VRAM RAM=2048M, BAR=256M
Mar 29 23:29:28 utku2 kernel: [drm] RAM width 128bits GDDR5
Mar 29 23:29:28 utku2 kernel: [drm] amdgpu: 2048M of VRAM memory ready
Mar 29 23:29:28 utku2 kernel: [drm] amdgpu: 3072M of GTT memory ready.
Mar 29 23:29:28 utku2 kernel: [drm] GART: num cpu pages 65536, num gpu pages 65536
Mar 29 23:29:28 utku2 kernel: [drm] PCIE GART of 256M enabled (table at 0x000000F400040000).
Mar 29 23:29:28 utku2 kernel: [drm] Supports vblank timestamp caching Rev 2 (21.10.2013).
Mar 29 23:29:28 utku2 kernel: [drm] Driver supports precise vblank timestamp query.
Mar 29 23:29:28 utku2 kernel: amdgpu 0000:03:00.0: amdgpu: using MSI.
Mar 29 23:29:28 utku2 kernel: [drm] amdgpu: irq initialized.
Mar 29 23:29:28 utku2 kernel: amdgpu: [powerplay] amdgpu: powerplay sw initialized
Mar 29 23:29:28 utku2 kernel: [drm] AMDGPU Display Connectors
Mar 29 23:29:28 utku2 kernel: EXT4-fs (sda1): mounted filesystem with ordered data mode. Opts: (null)
Mar 29 23:29:28 utku2 systemd[1]: Mounted /home.
Mar 29 23:29:28 utku2 systemd[1]: Activating swap /home/swap...
Mar 29 23:29:28 utku2 kernel: [drm] Chained IB support enabled!
Mar 29 23:29:28 utku2 kernel: amdgpu 0000:03:00.0: fence driver on ring 0 use gpu addr 0x0000000000400040, cpu addr 0xffffa1cf02157040
Mar 29 23:29:28 utku2 kernel: amdgpu 0000:03:00.0: fence driver on ring 1 use gpu addr 0x00000000004000c0, cpu addr 0xffffa1cf021570c0
Mar 29 23:29:28 utku2 kernel: amdgpu 0000:03:00.0: fence driver on ring 2 use gpu addr 0x0000000000400140, cpu addr 0xffffa1cf02157140
Mar 29 23:29:28 utku2 kernel: amdgpu 0000:03:00.0: fence driver on ring 3 use gpu addr 0x00000000004001c0, cpu addr 0xffffa1cf021571c0
Mar 29 23:29:28 utku2 kernel: amdgpu 0000:03:00.0: fence driver on ring 4 use gpu addr 0x0000000000400240, cpu addr 0xffffa1cf02157240
Mar 29 23:29:28 utku2 kernel: amdgpu 0000:03:00.0: fence driver on ring 5 use gpu addr 0x00000000004002c0, cpu addr 0xffffa1cf021572c0
Mar 29 23:29:28 utku2 kernel: amdgpu 0000:03:00.0: fence driver on ring 6 use gpu addr 0x0000000000400340, cpu addr 0xffffa1cf02157340
Mar 29 23:29:28 utku2 kernel: amdgpu 0000:03:00.0: fence driver on ring 7 use gpu addr 0x00000000004003c0, cpu addr 0xffffa1cf021573c0
Mar 29 23:29:28 utku2 kernel: amdgpu 0000:03:00.0: fence driver on ring 8 use gpu addr 0x0000000000400440, cpu addr 0xffffa1cf02157440
Mar 29 23:29:28 utku2 kernel: amdgpu 0000:03:00.0: fence driver on ring 9 use gpu addr 0x00000000004004e0, cpu addr 0xffffa1cf021574e0
Mar 29 23:29:28 utku2 kernel: input: HDA ATI HDMI HDMI/DP,pcm=3 as /devices/pci0000:00/0000:00:01.1/sound/card0/input11
Mar 29 23:29:29 utku2 kernel: Adding 4194292k swap on /home/swap.  Priority:-2 extents:9 across:6717428k FS
Mar 29 23:29:29 utku2 systemd[1]: Activated swap /home/swap.
Mar 29 23:29:29 utku2 systemd[1]: Reached target Swap.
Mar 29 23:29:29 utku2 systemd[1]: Condition check resulted in FUSE Control File System being skipped.
Mar 29 23:29:29 utku2 systemd[1]: Condition check resulted in First Boot Wizard being skipped.
Mar 29 23:29:29 utku2 systemd[1]: Condition check resulted in Create System Users being skipped.
Mar 29 23:29:29 utku2 systemd[1]: Mounting Temporary Directory (/tmp)...
Mar 29 23:29:29 utku2 systemd[1]: Condition check resulted in Rebuild Hardware Database being skipped.
Mar 29 23:29:29 utku2 systemd[1]: Condition check resulted in File System Check on Root Device being skipped.
Mar 29 23:29:29 utku2 systemd[1]: Mounted Temporary Directory (/tmp).
Mar 29 23:29:29 utku2 systemd[1]: Reached target Local File Systems.
Mar 29 23:29:29 utku2 systemd[1]: Condition check resulted in Rebuild Journal Catalog being skipped.
Mar 29 23:29:29 utku2 systemd[1]: Starting Create Volatile Files and Directories...
Mar 29 23:29:29 utku2 systemd[1]: Condition check resulted in Commit a transient machine-id on disk being skipped.
Mar 29 23:29:29 utku2 systemd[1]: Condition check resulted in Rebuild Dynamic Linker Cache being skipped.
Mar 29 23:29:29 utku2 systemd[1]: Condition check resulted in Update is Completed being skipped.
Mar 29 23:29:29 utku2 kernel: amdgpu 0000:03:00.0: fence driver on ring 10 use gpu addr 0x0000000000400560, cpu addr 0xffffa1cf02157560
Mar 29 23:29:29 utku2 kernel: amdgpu 0000:03:00.0: fence driver on ring 11 use gpu addr 0x00000000004005e0, cpu addr 0xffffa1cf021575e0
Mar 29 23:29:29 utku2 systemd[1]: Started Create Volatile Files and Directories.
Mar 29 23:29:29 utku2 systemd[1]: Starting Update UTMP about System Boot/Shutdown...
Mar 29 23:29:29 utku2 kernel: snd_hda_codec_realtek hdaudioC1D0: autoconfig for ALC255: line_outs=1 (0x14/0x0/0x0/0x0/0x0) type:speaker
Mar 29 23:29:29 utku2 kernel: snd_hda_codec_realtek hdaudioC1D0:    speaker_outs=0 (0x0/0x0/0x0/0x0/0x0)
Mar 29 23:29:29 utku2 kernel: snd_hda_codec_realtek hdaudioC1D0:    hp_outs=1 (0x21/0x0/0x0/0x0/0x0)
Mar 29 23:29:29 utku2 kernel: snd_hda_codec_realtek hdaudioC1D0:    mono: mono_out=0x0
Mar 29 23:29:29 utku2 kernel: snd_hda_codec_realtek hdaudioC1D0:    inputs:
Mar 29 23:29:29 utku2 kernel: snd_hda_codec_realtek hdaudioC1D0:      Headset Mic=0x19
Mar 29 23:29:29 utku2 kernel: snd_hda_codec_realtek hdaudioC1D0:      Internal Mic=0x12
Mar 29 23:29:29 utku2 systemd[1]: Starting Entropy Harvesting Daemon...
Mar 29 23:29:29 utku2 kernel: dcdbas dcdbas: Dell Systems Management Base Driver (version 5.6.0-3.2)
Mar 29 23:29:29 utku2 kernel: Unable to find dmi tokens
Mar 29 23:29:29 utku2 kernel: snd_hda_codec_realtek hdaudioC1D0: Failed to find dell wmi symbol dell_micmute_led_set
Mar 29 23:29:29 utku2 systemd[1]: Started Update UTMP about System Boot/Shutdown.
Mar 29 23:29:29 utku2 kernel: input: HDA Digital PCBeep as /devices/pci0000:00/0000:00:09.2/sound/card1/input12
Mar 29 23:29:29 utku2 kernel: input: HD-Audio Generic Front Headphone as /devices/pci0000:00/0000:00:09.2/sound/card1/input13
Mar 29 23:29:29 utku2 systemd[1]: Condition check resulted in Rebuild Journal Catalog being skipped.
Mar 29 23:29:29 utku2 systemd[1]: Condition check resulted in Rebuild Dynamic Linker Cache being skipped.
Mar 29 23:29:29 utku2 systemd[1]: Condition check resulted in Commit a transient machine-id on disk being skipped.
Mar 29 23:29:29 utku2 systemd[1]: Condition check resulted in First Boot Wizard being skipped.
Mar 29 23:29:29 utku2 systemd[1]: Condition check resulted in FUSE Control File System being skipped.
Mar 29 23:29:29 utku2 systemd[1]: Condition check resulted in Create System Users being skipped.
Mar 29 23:29:29 utku2 systemd[1]: Condition check resulted in Rebuild Hardware Database being skipped.
Mar 29 23:29:29 utku2 systemd[1]: Condition check resulted in Update is Completed being skipped.
Mar 29 23:29:29 utku2 sysctl[627]: kernel.random.write_wakeup_threshold = 1024
Mar 29 23:29:29 utku2 systemd[1]: Started Entropy Harvesting Daemon.
Mar 29 23:29:29 utku2 systemd[1]: Reached target System Initialization.
Mar 29 23:29:29 utku2 kernel: [drm] Found UVD firmware Version: 1.130 Family ID: 16
Mar 29 23:29:29 utku2 kernel: amdgpu 0000:03:00.0: fence driver on ring 12 use gpu addr 0x000000f4002aea80, cpu addr 0xffffa1cf0845ba80
Mar 29 23:29:29 utku2 systemd[1]: Listening on D-Bus System Message Bus Socket.
Mar 29 23:29:29 utku2 systemd[1]: Started Daily locate database update.
Mar 29 23:29:29 utku2 systemd[1]: Started Generate mirrorlist weekly.
Mar 29 23:29:29 utku2 systemd[1]: Started Daily Cleanup of Temporary Directories.
Mar 29 23:29:29 utku2 systemd[1]: Started Monthly clean packages cache.
Mar 29 23:29:29 utku2 systemd[1]: Started CUPS Scheduler.
Mar 29 23:29:29 utku2 systemd[1]: Reached target Paths.
Mar 29 23:29:29 utku2 systemd[1]: Started Daily man-db regeneration.
Mar 29 23:29:29 utku2 systemd[1]: Started Daily rotation of log files.
Mar 29 23:29:29 utku2 systemd[1]: Starting Mark boot as indeterminate...
Mar 29 23:29:29 utku2 systemd[1]: Listening on Avahi mDNS/DNS-SD Stack Activation Socket.
Mar 29 23:29:29 utku2 systemd[1]: Listening on CUPS Scheduler.
Mar 29 23:29:29 utku2 systemd[1]: Reached target Sockets.
Mar 29 23:29:29 utku2 systemd[1]: Reached target Basic System.
Mar 29 23:29:29 utku2 systemd[1]: Starting Deferred execution scheduler...
Mar 29 23:29:29 utku2 systemd[1]: Starting Login Service...
Mar 29 23:29:29 utku2 systemd[1]: Starting Modem Manager...
Mar 29 23:29:29 utku2 systemd[1]: Condition check resulted in Save/Restore Sound Card State being skipped.
Mar 29 23:29:29 utku2 systemd[1]: Condition check resulted in Manage Sound Card State (restore and store) being skipped.
Mar 29 23:29:29 utku2 systemd[1]: Reached target Sound Card.
Mar 29 23:29:29 utku2 systemd[1]: Started Periodic Command Scheduler.
Mar 29 23:29:29 utku2 systemd[1]: Starting Bluetooth service...
Mar 29 23:29:29 utku2 systemd[1]: Started D-Bus System Message Bus.
Mar 29 23:29:30 utku2 systemd[1]: Starting Network Manager...
Mar 29 23:29:30 utku2 systemd[1]: Starting Avahi mDNS/DNS-SD Stack...
Mar 29 23:29:30 utku2 systemd[1]: Started Daily verification of password and group files.
Mar 29 23:29:30 utku2 systemd[1]: Reached target Timers.
Mar 29 23:29:30 utku2 avahi-daemon[644]: Found user 'avahi' (UID 978) and group 'avahi' (GID 978).
Mar 29 23:29:31 utku2 crond[640]: (CRON) STARTUP (1.5.2)
Mar 29 23:29:31 utku2 crond[640]: (CRON) INFO (Syslog will be used instead of sendmail.)
Mar 29 23:29:31 utku2 crond[640]: (CRON) INFO (RANDOM_DELAY will be scaled with factor 72% if used.)
Mar 29 23:29:31 utku2 crond[640]: (CRON) INFO (running with inotify support)
Mar 29 23:29:31 utku2 haveged[632]: haveged: listening socket at 3
Mar 29 23:29:32 utku2 ModemManager[639]: <info>  ModemManager (version 1.10.0) starting in system bus...
Mar 29 23:29:32 utku2 systemd-logind[638]: Watching system buttons on /dev/input/event6 (Power Button)
Mar 29 23:29:32 utku2 bluetoothd[641]: Bluetooth daemon 5.50
Mar 29 23:29:32 utku2 haveged[632]: haveged: ver: 1.9.4; arch: x86; vend: ; build: (gcc 8.2.0 ITV); collect: 128K
Mar 29 23:29:32 utku2 haveged[632]: haveged: cpu: (VC); data: 32K (V); inst: 96K (V); idx: 39/40; sz: 52825/52825
Mar 29 23:29:32 utku2 haveged[632]: haveged: tot tests(BA8): A:1/1 B:1/1 continuous tests(B):  last entropy estimate 7.99884
Mar 29 23:29:32 utku2 haveged[632]: haveged: fills: 0, generated: 0
Mar 29 23:29:32 utku2 kernel: [drm] Found VCE firmware Version: 53.26 Binary ID: 3
Mar 29 23:29:32 utku2 kernel: amdgpu 0000:03:00.0: fence driver on ring 13 use gpu addr 0x00000000004006e0, cpu addr 0xffffa1cf021576e0
Mar 29 23:29:32 utku2 kernel: amdgpu 0000:03:00.0: fence driver on ring 14 use gpu addr 0x0000000000400760, cpu addr 0xffffa1cf02157760
Mar 29 23:29:32 utku2 kernel: amdgpu 0000:03:00.0: fence driver on ring 15 use gpu addr 0x00000000004007e0, cpu addr 0xffffa1cf021577e0
Mar 29 23:29:32 utku2 systemd-logind[638]: Watching system buttons on /dev/input/event3 (Power Button)
Mar 29 23:29:32 utku2 systemd-logind[638]: Watching system buttons on /dev/input/event5 (Lid Switch)
Mar 29 23:29:32 utku2 systemd-logind[638]: Watching system buttons on /dev/input/event4 (Sleep Button)
Mar 29 23:29:32 utku2 kernel: amdgpu: [powerplay] Voltage value looks like a Leakage ID but it's not patched 
Mar 29 23:29:32 utku2 kernel: amdgpu: [powerplay] Voltage value looks like a Leakage ID but it's not patched 
Mar 29 23:29:32 utku2 kernel: amdgpu: [powerplay] Voltage value looks like a Leakage ID but it's not patched 
Mar 29 23:29:32 utku2 kernel: amdgpu: [powerplay] Voltage value looks like a Leakage ID but it's not patched 
Mar 29 23:29:32 utku2 kernel: amdgpu: [powerplay] Voltage value looks like a Leakage ID but it's not patched 
Mar 29 23:29:32 utku2 kernel: amdgpu: [powerplay] Voltage value looks like a Leakage ID but it's not patched 
Mar 29 23:29:32 utku2 kernel: amdgpu: [powerplay] Voltage value looks like a Leakage ID but it's not patched 
Mar 29 23:29:32 utku2 kernel: [drm] ring test on 0 succeeded in 13 usecs
Mar 29 23:29:32 utku2 kernel: [drm] ring test on 9 succeeded in 10 usecs
Mar 29 23:29:32 utku2 kernel: [drm] ring test on 1 succeeded in 8 usecs
Mar 29 23:29:32 utku2 kernel: [drm] ring test on 2 succeeded in 18 usecs
Mar 29 23:29:32 utku2 kernel: [drm] ring test on 3 succeeded in 12 usecs
Mar 29 23:29:32 utku2 kernel: [drm] ring test on 4 succeeded in 11 usecs
Mar 29 23:29:32 utku2 kernel: [drm] ring test on 5 succeeded in 12 usecs
Mar 29 23:29:32 utku2 kernel: [drm] ring test on 6 succeeded in 11 usecs
Mar 29 23:29:32 utku2 kernel: [drm] ring test on 7 succeeded in 12 usecs
Mar 29 23:29:32 utku2 kernel: [drm] ring test on 8 succeeded in 12 usecs
Mar 29 23:29:32 utku2 kernel: [drm] ring test on 10 succeeded in 6 usecs
Mar 29 23:29:32 utku2 kernel: [drm] ring test on 11 succeeded in 5 usecs
Mar 29 23:29:32 utku2 kernel: [drm] ring test on 12 succeeded in 1 usecs
Mar 29 23:29:32 utku2 kernel: [drm] UVD initialized successfully.
Mar 29 23:29:32 utku2 systemd-udevd[227]: Process '/usr/bin/alsactl restore 0' failed with exit code 99.
Mar 29 23:29:32 utku2 systemd-logind[638]: Watching system buttons on /dev/input/event0 (AT Translated Set 2 keyboard)
Mar 29 23:29:32 utku2 systemd-udevd[237]: Process '/usr/bin/alsactl restore 1' failed with exit code 99.
Mar 29 23:29:32 utku2 kernel: [drm] ring test on 13 succeeded in 5 usecs
Mar 29 23:29:32 utku2 kernel: [drm] ring test on 14 succeeded in 3 usecs
Mar 29 23:29:32 utku2 kernel: [drm] ring test on 15 succeeded in 3 usecs
Mar 29 23:29:32 utku2 kernel: [drm] VCE initialized successfully.
Mar 29 23:29:32 utku2 kernel: [drm] ib test on ring 0 succeeded
Mar 29 23:29:32 utku2 kernel: [drm] ib test on ring 1 succeeded
Mar 29 23:29:32 utku2 kernel: [drm] ib test on ring 2 succeeded
Mar 29 23:29:32 utku2 kernel: [drm] ib test on ring 3 succeeded
Mar 29 23:29:32 utku2 kernel: [drm] ib test on ring 4 succeeded
Mar 29 23:29:32 utku2 kernel: [drm] ib test on ring 5 succeeded
Mar 29 23:29:32 utku2 kernel: [drm] ib test on ring 6 succeeded
Mar 29 23:29:32 utku2 kernel: [drm] ib test on ring 7 succeeded
Mar 29 23:29:32 utku2 kernel: [drm] ib test on ring 8 succeeded
Mar 29 23:29:32 utku2 systemd-logind[638]: New seat seat0.
Mar 29 23:29:32 utku2 kernel: [drm] ib test on ring 9 succeeded
Mar 29 23:29:32 utku2 kernel: [drm] ib test on ring 10 succeeded
Mar 29 23:29:32 utku2 kernel: [drm] ib test on ring 11 succeeded
Mar 29 23:29:32 utku2 kernel: [drm] ib test on ring 12 succeeded
Mar 29 23:29:32 utku2 kernel: [drm] ib test on ring 13 succeeded
