[    0.000000] Linux version 5.1.0-rc5-drm-next-git-1f9a5dce3548+ (utku2@utku2) (gcc version 8.2.1 20181127 (GCC)) #1 SMP PREEMPT Wed Apr 24 14:46:39 EEST 2019
[    0.000000] Command line: BOOT_IMAGE=/boot/vmlinuz-linux-drm-next-git root=UUID=e304eb4f-379d-4872-a185-c1b0dacf4666 rw quiet
[    0.000000] [Firmware Info]: CPU: Re-enabling disabled Topology Extensions Support.
[    0.000000] x86/fpu: Supporting XSAVE feature 0x001: 'x87 floating point registers'
[    0.000000] x86/fpu: Supporting XSAVE feature 0x002: 'SSE registers'
[    0.000000] x86/fpu: Supporting XSAVE feature 0x004: 'AVX registers'
[    0.000000] x86/fpu: xstate_offset[2]:  576, xstate_sizes[2]:  256
[    0.000000] x86/fpu: Enabled xstate features 0x7, context size is 832 bytes, using 'standard' format.
[    0.000000] BIOS-provided physical RAM map:
[    0.000000] BIOS-e820: [mem 0x0000000000000000-0x000000000009f7ff] usable
[    0.000000] BIOS-e820: [mem 0x000000000009f800-0x000000000009ffff] reserved
[    0.000000] BIOS-e820: [mem 0x00000000000e0000-0x00000000000fffff] reserved
[    0.000000] BIOS-e820: [mem 0x0000000000100000-0x00000000b93b4fff] usable
[    0.000000] BIOS-e820: [mem 0x00000000b93b5000-0x00000000b9db4fff] ACPI NVS
[    0.000000] BIOS-e820: [mem 0x00000000b9db5000-0x00000000befbdfff] usable
[    0.000000] BIOS-e820: [mem 0x00000000befbe000-0x00000000bf8bdfff] reserved
[    0.000000] BIOS-e820: [mem 0x00000000bf8be000-0x00000000bfbbdfff] ACPI NVS
[    0.000000] BIOS-e820: [mem 0x00000000bfbbe000-0x00000000bfbfefff] ACPI data
[    0.000000] BIOS-e820: [mem 0x00000000bfbff000-0x00000000bfbfffff] usable
[    0.000000] BIOS-e820: [mem 0x00000000bfc00000-0x00000000bfffffff] reserved
[    0.000000] BIOS-e820: [mem 0x00000000d1000000-0x00000000d10fffff] reserved
[    0.000000] BIOS-e820: [mem 0x00000000f8000000-0x00000000fbffffff] reserved
[    0.000000] BIOS-e820: [mem 0x00000000fec00000-0x00000000fec00fff] reserved
[    0.000000] BIOS-e820: [mem 0x00000000fec10000-0x00000000fec10fff] reserved
[    0.000000] BIOS-e820: [mem 0x00000000fed80000-0x00000000fed80fff] reserved
[    0.000000] BIOS-e820: [mem 0x00000000fee00000-0x00000000fee00fff] reserved
[    0.000000] BIOS-e820: [mem 0x00000000ff800000-0x00000000ffffffff] reserved
[    0.000000] BIOS-e820: [mem 0x0000000100000000-0x00000001feffffff] usable
[    0.000000] BIOS-e820: [mem 0x00000001ff000000-0x000000023effffff] reserved
[    0.000000] NX (Execute Disable) protection: active
[    0.000000] SMBIOS 3.0 present.
[    0.000000] DMI: Acer Aspire A515-41G/Wartortle_BS, BIOS V1.09 06/27/2018
[    0.000000] tsc: Fast TSC calibration using PIT
[    0.000000] tsc: Detected 2495.573 MHz processor
[    0.012718] e820: update [mem 0x00000000-0x00000fff] usable ==> reserved
[    0.012720] e820: remove [mem 0x000a0000-0x000fffff] usable
[    0.012727] last_pfn = 0x1ff000 max_arch_pfn = 0x400000000
[    0.012732] MTRR default type: uncachable
[    0.012733] MTRR fixed ranges enabled:
[    0.012734]   00000-9FFFF write-back
[    0.012735]   A0000-BFFFF uncachable
[    0.012736]   C0000-FFFFF write-through
[    0.012736] MTRR variable ranges enabled:
[    0.012738]   0 base 000000000000 mask FFFF80000000 write-back
[    0.012739]   1 base 000080000000 mask FFFFC0000000 write-back
[    0.012740]   2 base 0000FF800000 mask FFFFFF800000 write-protect
[    0.012740]   3 disabled
[    0.012741]   4 disabled
[    0.012741]   5 disabled
[    0.012742]   6 disabled
[    0.012742]   7 disabled
[    0.012743] TOM2: 000000023f000000 aka 9200M
[    0.013040] x86/PAT: Configuration [0-7]: WB  WC  UC- UC  WB  WP  UC- WT  
[    0.013168] last_pfn = 0xbfc00 max_arch_pfn = 0x400000000
[    0.021977] check: Scanning 1 areas for low memory corruption
[    0.021982] Using GB pages for direct mapping
[    0.021984] BRK [0x23a01000, 0x23a01fff] PGTABLE
[    0.021986] BRK [0x23a02000, 0x23a02fff] PGTABLE
[    0.021987] BRK [0x23a03000, 0x23a03fff] PGTABLE
[    0.022022] BRK [0x23a04000, 0x23a04fff] PGTABLE
[    0.022024] BRK [0x23a05000, 0x23a05fff] PGTABLE
[    0.022261] BRK [0x23a06000, 0x23a06fff] PGTABLE
[    0.022307] BRK [0x23a07000, 0x23a07fff] PGTABLE
[    0.022337] BRK [0x23a08000, 0x23a08fff] PGTABLE
[    0.022383] RAMDISK: [mem 0x369ad000-0x374cdfff]
[    0.022390] ACPI: Early table checksum verification disabled
[    0.022395] ACPI: RSDP 0x00000000000FE020 000024 (v02 ACRSYS)
[    0.022398] ACPI: XSDT 0x00000000BFBD2188 0000D4 (v01 ACRSYS ACRPRDCT 00000001      01000013)
[    0.022404] ACPI: FACP 0x00000000BFBF9000 00010C (v05 ACRSYS ACRPRDCT 00000001 1025 00040000)
[    0.022409] ACPI: DSDT 0x00000000BFBEB000 00800B (v01 ACRSYS ACRPRDCT 00040000 1025 00040000)
[    0.022412] ACPI: FACS 0x00000000BFB85000 000040
[    0.022414] ACPI: UEFI 0x00000000BFBFD000 000236 (v01 ACRSYS ACRPRDCT 00000001 1025 00040000)
[    0.022416] ACPI: MSDM 0x00000000BFBFC000 000055 (v03 ACRSYS ACRPRDCT 00000001 1025 00040000)
[    0.022418] ACPI: ASF! 0x00000000BFBFB000 0000A5 (v32 ACRSYS ACRPRDCT 00000001 1025 00040000)
[    0.022421] ACPI: BOOT 0x00000000BFBFA000 000028 (v01 ACRSYS ACRPRDCT 00000001 1025 00040000)
[    0.022423] ACPI: HPET 0x00000000BFBF8000 000038 (v01 ACRSYS ACRPRDCT 00000001 1025 00040000)
[    0.022425] ACPI: APIC 0x00000000BFBF7000 000090 (v03 ACRSYS ACRPRDCT 00000001 1025 00040000)
[    0.022427] ACPI: MCFG 0x00000000BFBF6000 00003C (v01 ACRSYS ACRPRDCT 00000001 1025 00040000)
[    0.022429] ACPI: SPCR 0x00000000BFBF4000 000050 (v01 ACRSYS ACRPRDCT 00000001 1025 00040000)
[    0.022430] ACPI: UEFI 0x00000000BFBEA000 000042 (v01 ACRSYS ACRPRDCT 00000000 1025 00040000)
[    0.022432] ACPI: SSDT 0x00000000BFBE4000 0054D0 (v01 ACRSYS ACRPRDCT 00001000 1025 00040000)
[    0.022435] ACPI: SSDT 0x00000000BFBF5000 0009F8 (v01 ACRSYS ACRPRDCT 00000001 1025 00040000)
[    0.022437] ACPI: SSDT 0x00000000BFBDB000 00888F (v02 ACRSYS ACRPRDCT 00000002 1025 00040000)
[    0.022438] ACPI: IVRS 0x00000000BFBDA000 0000D0 (v02 ACRSYS ACRPRDCT 00000001 1025 00040000)
[    0.022441] ACPI: CRAT 0x00000000BFBD9000 000528 (v01 ACRSYS ACRPRDCT 00000001 1025 00040000)
[    0.022442] ACPI: SSDT 0x00000000BFBD8000 000482 (v01 ACRSYS ACRPRDCT 00001000 1025 00040000)
[    0.022444] ACPI: TPM2 0x00000000BFBD7000 000034 (v03 ACRSYS ACRPRDCT 00000002 1025 00040000)
[    0.022446] ACPI: SSDT 0x00000000BFBD5000 0015EA (v01 ACRSYS ACRPRDCT 00000001 1025 00040000)
[    0.022448] ACPI: SSDT 0x00000000BFBD4000 000B5E (v01 ACRSYS ACRPRDCT 00000001 1025 00040000)
[    0.022450] ACPI: SSDT 0x00000000BFBD3000 000454 (v01 ACRSYS ACRPRDCT 00000001 1025 00040000)
[    0.022452] ACPI: SSDT 0x00000000BFBD0000 00165E (v01 ACRSYS ACRPRDCT 00000001 1025 00040000)
[    0.022454] ACPI: FPDT 0x00000000BFBCF000 000044 (v01 ACRSYS ACRPRDCT 00000002 1025 00040000)
[    0.022463] ACPI: Local APIC address 0xfee00000
[    0.022553] No NUMA configuration found
[    0.022554] Faking a node at [mem 0x0000000000000000-0x00000001feffffff]
[    0.022557] NODE_DATA(0) allocated [mem 0x1feffa000-0x1feffdfff]
[    0.022578] Zone ranges:
[    0.022579]   DMA      [mem 0x0000000000001000-0x0000000000ffffff]
[    0.022580]   DMA32    [mem 0x0000000001000000-0x00000000ffffffff]
[    0.022581]   Normal   [mem 0x0000000100000000-0x00000001feffffff]
[    0.022582]   Device   empty
[    0.022583] Movable zone start for each node
[    0.022583] Early memory node ranges
[    0.022584]   node   0: [mem 0x0000000000001000-0x000000000009efff]
[    0.022585]   node   0: [mem 0x0000000000100000-0x00000000b93b4fff]
[    0.022585]   node   0: [mem 0x00000000b9db5000-0x00000000befbdfff]
[    0.022586]   node   0: [mem 0x00000000bfbff000-0x00000000bfbfffff]
[    0.022587]   node   0: [mem 0x0000000100000000-0x00000001feffffff]
[    0.022677] Zeroed struct page in unavailable ranges: 6819 pages
[    0.022678] Initmem setup node 0 [mem 0x0000000000001000-0x00000001feffffff]
[    0.022680] On node 0 totalpages: 1824093
[    0.022681]   DMA zone: 64 pages used for memmap
[    0.022681]   DMA zone: 21 pages reserved
[    0.022683]   DMA zone: 3998 pages, LIFO batch:0
[    0.022770]   DMA32 zone: 12119 pages used for memmap
[    0.022771]   DMA32 zone: 775615 pages, LIFO batch:63
[    0.040544]   Normal zone: 16320 pages used for memmap
[    0.040545]   Normal zone: 1044480 pages, LIFO batch:63
[    0.063187] ACPI: PM-Timer IO Port: 0x408
[    0.063188] ACPI: Local APIC address 0xfee00000
[    0.063193] ACPI: LAPIC_NMI (acpi_id[0x00] high edge lint[0x1])
[    0.063194] ACPI: LAPIC_NMI (acpi_id[0x01] high edge lint[0x1])
[    0.063195] ACPI: LAPIC_NMI (acpi_id[0x02] high edge lint[0x1])
[    0.063195] ACPI: LAPIC_NMI (acpi_id[0x03] high edge lint[0x1])
[    0.063203] IOAPIC[0]: apic_id 4, version 33, address 0xfec00000, GSI 0-23
[    0.063207] IOAPIC[1]: apic_id 5, version 33, address 0xfec01000, GSI 24-55
[    0.063208] ACPI: INT_SRC_OVR (bus 0 bus_irq 0 global_irq 2 dfl dfl)
[    0.063210] ACPI: INT_SRC_OVR (bus 0 bus_irq 9 global_irq 9 low level)
[    0.063211] ACPI: IRQ0 used by override.
[    0.063212] ACPI: IRQ9 used by override.
[    0.063213] Using ACPI (MADT) for SMP configuration information
[    0.063215] ACPI: HPET id: 0x10228210 base: 0xfed00000
[    0.063217] ACPI: SPCR: SPCR table version 1
[    0.063219] ACPI: SPCR: console: uart,io,0x3f8,115200
[    0.063221] smpboot: Allowing 4 CPUs, 0 hotplug CPUs
[    0.063241] PM: Registered nosave memory: [mem 0x00000000-0x00000fff]
[    0.063242] PM: Registered nosave memory: [mem 0x0009f000-0x0009ffff]
[    0.063243] PM: Registered nosave memory: [mem 0x000a0000-0x000dffff]
[    0.063243] PM: Registered nosave memory: [mem 0x000e0000-0x000fffff]
[    0.063245] PM: Registered nosave memory: [mem 0xb93b5000-0xb9db4fff]
[    0.063246] PM: Registered nosave memory: [mem 0xbefbe000-0xbf8bdfff]
[    0.063247] PM: Registered nosave memory: [mem 0xbf8be000-0xbfbbdfff]
[    0.063247] PM: Registered nosave memory: [mem 0xbfbbe000-0xbfbfefff]
[    0.063249] PM: Registered nosave memory: [mem 0xbfc00000-0xbfffffff]
[    0.063249] PM: Registered nosave memory: [mem 0xc0000000-0xd0ffffff]
[    0.063250] PM: Registered nosave memory: [mem 0xd1000000-0xd10fffff]
[    0.063250] PM: Registered nosave memory: [mem 0xd1100000-0xf7ffffff]
[    0.063250] PM: Registered nosave memory: [mem 0xf8000000-0xfbffffff]
[    0.063251] PM: Registered nosave memory: [mem 0xfc000000-0xfebfffff]
[    0.063251] PM: Registered nosave memory: [mem 0xfec00000-0xfec00fff]
[    0.063252] PM: Registered nosave memory: [mem 0xfec01000-0xfec0ffff]
[    0.063252] PM: Registered nosave memory: [mem 0xfec10000-0xfec10fff]
[    0.063253] PM: Registered nosave memory: [mem 0xfec11000-0xfed7ffff]
[    0.063253] PM: Registered nosave memory: [mem 0xfed80000-0xfed80fff]
[    0.063254] PM: Registered nosave memory: [mem 0xfed81000-0xfedfffff]
[    0.063254] PM: Registered nosave memory: [mem 0xfee00000-0xfee00fff]
[    0.063255] PM: Registered nosave memory: [mem 0xfee01000-0xff7fffff]
[    0.063255] PM: Registered nosave memory: [mem 0xff800000-0xffffffff]
[    0.063257] [mem 0xd1100000-0xf7ffffff] available for PCI devices
[    0.063258] Booting paravirtualized kernel on bare hardware
[    0.063261] clocksource: refined-jiffies: mask: 0xffffffff max_cycles: 0xffffffff, max_idle_ns: 6370452778343963 ns
[    0.171052] random: get_random_bytes called from start_kernel+0x94/0x508 with crng_init=0
[    0.171061] setup_percpu: NR_CPUS:128 nr_cpumask_bits:128 nr_cpu_ids:4 nr_node_ids:1
[    0.171670] percpu: Embedded 43 pages/cpu @(____ptrval____) s139264 r8192 d28672 u524288
[    0.171677] pcpu-alloc: s139264 r8192 d28672 u524288 alloc=1*2097152
[    0.171678] pcpu-alloc: [0] 0 1 2 3 
[    0.171699] Built 1 zonelists, mobility grouping on.  Total pages: 1795569
[    0.171699] Policy zone: Normal
[    0.171701] Kernel command line: BOOT_IMAGE=/boot/vmlinuz-linux-drm-next-git root=UUID=e304eb4f-379d-4872-a185-c1b0dacf4666 rw quiet
[    0.188221] Calgary: detecting Calgary via BIOS EBDA area
[    0.188227] Calgary: Unable to locate Rio Grande table in EBDA - bailing!
[    0.220793] Memory: 7076796K/7296372K available (10243K kernel code, 1185K rwdata, 3060K rodata, 1520K init, 4416K bss, 219576K reserved, 0K cma-reserved)
[    0.221020] SLUB: HWalign=64, Order=0-3, MinObjects=0, CPUs=4, Nodes=1
[    0.221029] ftrace: allocating 32215 entries in 126 pages
[    0.236392] rcu: Preemptible hierarchical RCU implementation.
[    0.236395] rcu: 	RCU restricting CPUs from NR_CPUS=128 to nr_cpu_ids=4.
[    0.236396] 	Tasks RCU enabled.
[    0.236397] rcu: RCU calculated value of scheduler-enlistment delay is 30 jiffies.
[    0.236397] rcu: Adjusting geometry for rcu_fanout_leaf=16, nr_cpu_ids=4
[    0.239221] NR_IRQS: 8448, nr_irqs: 1000, preallocated irqs: 16
[    0.239414] spurious 8259A interrupt: IRQ7.
[    0.239432] Console: colour dummy device 80x25
[    0.239439] printk: console [tty0] enabled
[    0.239462] ACPI: Core revision 20190215
[    0.239729] clocksource: hpet: mask: 0xffffffff max_cycles: 0xffffffff, max_idle_ns: 133484873504 ns
[    0.239744] hpet clockevent registered
[    0.239748] APIC: Switch to symmetric I/O mode setup
[    0.273578] ..TIMER: vector=0x30 apic1=0 pin1=2 apic2=-1 pin2=-1
[    0.289743] clocksource: tsc-early: mask: 0xffffffffffffffff max_cycles: 0x23f8e3add2a, max_idle_ns: 440795203453 ns
[    0.289760] Calibrating delay loop (skipped), value calculated using timer frequency.. 4993.11 BogoMIPS (lpj=8318576)
[    0.289762] pid_max: default: 32768 minimum: 301
[    0.289830] LSM: Security Framework initializing
[    0.289835] Yama: becoming mindful.
[    0.292061] Dentry cache hash table entries: 1048576 (order: 11, 8388608 bytes)
[    0.293169] Inode-cache hash table entries: 524288 (order: 10, 4194304 bytes)
[    0.293226] Mount-cache hash table entries: 16384 (order: 5, 131072 bytes)
[    0.293268] Mountpoint-cache hash table entries: 16384 (order: 5, 131072 bytes)
[    0.293455] *** VALIDATE proc ***
[    0.293510] *** VALIDATE cgroup1 ***
[    0.293512] *** VALIDATE cgroup2 ***
[    0.293557] mce: CPU supports 7 MCE banks
[    0.293573] LVT offset 1 assigned for vector 0xf9
[    0.293578] Last level iTLB entries: 4KB 512, 2MB 1024, 4MB 512
[    0.293579] Last level dTLB entries: 4KB 1024, 2MB 1024, 4MB 512, 1GB 0
[    0.293581] Spectre V2 : Mitigation: Full AMD retpoline
[    0.293581] Spectre V2 : Spectre v2 / SpectreRSB mitigation: Filling RSB on context switch
[    0.293590] Spectre V2 : mitigation: Enabling conditional Indirect Branch Prediction Barrier
[    0.293590] Spectre V2 : User space: Vulnerable
[    0.293592] Speculative Store Bypass: Mitigation: Speculative Store Bypass disabled via prctl and seccomp
[    0.293775] Freeing SMP alternatives memory: 28K
[    0.299746] smpboot: CPU0: AMD A10-9620P RADEON R5, 10 COMPUTE CORES 4C+6G (family: 0x15, model: 0x65, stepping: 0x1)
[    0.316513] Performance Events: Fam15h core perfctr, AMD PMU driver.
[    0.316520] ... version:                0
[    0.316521] ... bit width:              48
[    0.316522] ... generic registers:      6
[    0.316522] ... value mask:             0000ffffffffffff
[    0.316523] ... max period:             00007fffffffffff
[    0.316523] ... fixed-purpose events:   0
[    0.316524] ... event mask:             000000000000003f
[    0.323172] rcu: Hierarchical SRCU implementation.
[    0.330356] random: crng done (trusting CPU's manufacturer)
[    0.339861] NMI watchdog: Enabled. Permanently consumes one hw-PMU counter.
[    0.346510] smp: Bringing up secondary CPUs ...
[    0.379861] x86: Booting SMP configuration:
[    0.379863] .... node  #0, CPUs:      #1 #2 #3
[    0.448758] smp: Brought up 1 node, 4 CPUs
[    0.448758] smpboot: Max logical packages: 1
[    0.448758] smpboot: Total of 4 processors activated (19972.44 BogoMIPS)
[    0.450197] devtmpfs: initialized
[    0.450197] x86/mm: Memory block size: 128MB
[    0.450523] PM: Registering ACPI NVS region [mem 0xb93b5000-0xb9db4fff] (10485760 bytes)
[    0.450523] PM: Registering ACPI NVS region [mem 0xbf8be000-0xbfbbdfff] (3145728 bytes)
[    0.450523] clocksource: jiffies: mask: 0xffffffff max_cycles: 0xffffffff, max_idle_ns: 6370867519511994 ns
[    0.450523] futex hash table entries: 1024 (order: 4, 65536 bytes)
[    0.450523] pinctrl core: initialized pinctrl subsystem
[    0.450523] regulator-dummy: no parameters

[    0.450523] *************************************************************
[    0.450523] **     NOTICE NOTICE NOTICE NOTICE NOTICE NOTICE NOTICE    **
[    0.450523] **                                                         **
[    0.450523] **  IOMMU DebugFS SUPPORT HAS BEEN ENABLED IN THIS KERNEL  **
[    0.450523] **                                                         **
[    0.450523] ** This means that this kernel is built to expose internal **
[    0.450523] ** IOMMU data structures, which may compromise security on **
[    0.450523] ** your system.                                            **
[    0.450523] **                                                         **
[    0.450523] ** If you see this message and you are not debugging the   **
[    0.450523] ** kernel, report this immediately to your vendor!         **
[    0.450523] **                                                         **
[    0.450523] **     NOTICE NOTICE NOTICE NOTICE NOTICE NOTICE NOTICE    **
[    0.450523] *************************************************************
[    0.450523] PM: RTC time: 14:32:08, date: 2019-04-24
[    0.450523] NET: Registered protocol family 16
[    0.453217] cpuidle: using governor ladder
[    0.453217] cpuidle: using governor menu
[    0.453217] Simple Boot Flag at 0x44 set to 0x1
[    0.453286] ACPI FADT declares the system doesn't support PCIe ASPM, so disable it
[    0.453288] ACPI: bus type PCI registered
[    0.453290] acpiphp: ACPI Hot Plug PCI Controller Driver version: 0.5
[    0.453387] PCI: MMCONFIG for domain 0000 [bus 00-3f] at [mem 0xf8000000-0xfbffffff] (base 0xf8000000)
[    0.456440] PCI: MMCONFIG at [mem 0xf8000000-0xfbffffff] reserved in E820
[    0.456490] PCI: Using configuration type 1 for base access
[    0.456793] mtrr: your CPUs had inconsistent variable MTRR settings
[    0.456793] mtrr: probably your BIOS does not setup all CPUs.
[    0.456794] mtrr: corrected configuration.
[    0.457332] HugeTLB registered 1.00 GiB page size, pre-allocated 0 pages
[    0.457332] HugeTLB registered 2.00 MiB page size, pre-allocated 0 pages
[    0.457332] ACPI: Added _OSI(Module Device)
[    0.457332] ACPI: Added _OSI(Processor Device)
[    0.457332] ACPI: Added _OSI(3.0 _SCP Extensions)
[    0.457332] ACPI: Added _OSI(Processor Aggregator Device)
[    0.457332] ACPI: Added _OSI(Linux-Dell-Video)
[    0.457332] ACPI: Added _OSI(Linux-Lenovo-NV-HDMI-Audio)
[    0.457332] ACPI: Added _OSI(Linux-HPI-Hybrid-Graphics)
[    0.467253] ACPI: 9 ACPI AML tables successfully acquired and loaded
[    0.470204] ACPI: [Firmware Bug]: BIOS _OSI(Linux) query ignored
[    0.472517] ACPI: EC: EC started
[    0.472517] ACPI: EC: interrupt blocked
[    0.473133] ACPI: \_SB_.PCI0.LPC0.EC0_: Used as first EC
[    0.473134] ACPI: \_SB_.PCI0.LPC0.EC0_: GPE=0x3, EC_CMD/EC_SC=0x66, EC_DATA=0x62
[    0.473135] ACPI: \_SB_.PCI0.LPC0.EC0_: Boot DSDT EC used to handle transactions
[    0.473136] ACPI: Interpreter enabled
[    0.473154] ACPI: (supports S0 S3 S4 S5)
[    0.473155] ACPI: Using IOAPIC for interrupt routing
[    0.473279] PCI: Using host bridge windows from ACPI; if necessary, use "pci=nocrs" and report a bug
[    0.473483] ACPI: Enabled 4 GPEs in block 00 to 1F
[    0.474378] ACPI: Power Resource [M237] (on)
[    0.474908] ACPI: Power Resource [P0U2] (off)
[    0.474935] ACPI: Power Resource [P3U2] (off)
[    0.475194] ACPI: Power Resource [P0U3] (off)
[    0.475219] ACPI: Power Resource [P3U3] (off)
[    0.476384] ACPI: Power Resource [P0ST] (on)
[    0.476411] ACPI: Power Resource [P3ST] (on)
[    0.477361] ACPI: Power Resource [P0SD] (off)
[    0.477384] ACPI: Power Resource [P3SD] (off)
[    0.479158] ACPI: PCI Root Bridge [PCI0] (domain 0000 [bus 00-ff])
[    0.479165] acpi PNP0A08:00: _OSC: OS supports [ExtendedConfig ASPM ClockPM Segments MSI]
[    0.479313] acpi PNP0A08:00: _OSC: platform does not support [SHPCHotplug AER LTR]
[    0.479446] acpi PNP0A08:00: _OSC: OS now controls [PCIeHotplug PME PCIeCapability]
[    0.479448] acpi PNP0A08:00: FADT indicates ASPM is unsupported, using BIOS configuration
[    0.479463] acpi PNP0A08:00: [Firmware Info]: MMCONFIG for domain 0000 [bus 00-3f] only partially covers this bridge
[    0.479565] acpi PNP0A08:00: ignoring host bridge window [mem 0x000cc000-0x000cffff window] (conflicts with Video ROM [mem 0x000c0000-0x000cfbff])
[    0.479751] PCI host bridge to bus 0000:00
[    0.479753] pci_bus 0000:00: root bus resource [io  0x0000-0x0cf7 window]
[    0.479754] pci_bus 0000:00: root bus resource [io  0x0d00-0xffff window]
[    0.479755] pci_bus 0000:00: root bus resource [mem 0x000a0000-0x000bffff window]
[    0.479756] pci_bus 0000:00: root bus resource [mem 0x000c0000-0x000c3fff window]
[    0.479757] pci_bus 0000:00: root bus resource [mem 0x000c4000-0x000c7fff window]
[    0.479758] pci_bus 0000:00: root bus resource [mem 0x000c8000-0x000cbfff window]
[    0.479759] pci_bus 0000:00: root bus resource [mem 0x000d0000-0x000d3fff window]
[    0.479763] pci_bus 0000:00: root bus resource [mem 0x000d4000-0x000d7fff window]
[    0.479764] pci_bus 0000:00: root bus resource [mem 0x000d8000-0x000dbfff window]
[    0.479765] pci_bus 0000:00: root bus resource [mem 0x000dc000-0x000dffff window]
[    0.479766] pci_bus 0000:00: root bus resource [mem 0x000e0000-0x000e3fff window]
[    0.479767] pci_bus 0000:00: root bus resource [mem 0x000e4000-0x000e7fff window]
[    0.479768] pci_bus 0000:00: root bus resource [mem 0x000e8000-0x000ebfff window]
[    0.479768] pci_bus 0000:00: root bus resource [mem 0x000ec000-0x000effff window]
[    0.479769] pci_bus 0000:00: root bus resource [mem 0xc0000000-0xf7ffffff window]
[    0.479770] pci_bus 0000:00: root bus resource [mem 0xfc000000-0xfed3ffff window]
[    0.479772] pci_bus 0000:00: root bus resource [bus 00-ff]
[    0.479779] pci 0000:00:00.0: [1022:1576] type 00 class 0x060000
[    0.479869] pci 0000:00:00.2: [1022:1577] type 00 class 0x080600
[    0.479967] pci 0000:00:01.0: [1002:9874] type 00 class 0x030000
[    0.479986] pci 0000:00:01.0: reg 0x10: [mem 0xe0000000-0xefffffff 64bit pref]
[    0.479994] pci 0000:00:01.0: reg 0x18: [mem 0xd0800000-0xd0ffffff 64bit pref]
[    0.479999] pci 0000:00:01.0: reg 0x20: [io  0x4000-0x40ff]
[    0.480005] pci 0000:00:01.0: reg 0x24: [mem 0xd1500000-0xd153ffff]
[    0.480011] pci 0000:00:01.0: reg 0x30: [mem 0xfffe0000-0xffffffff pref]
[    0.480015] pci 0000:00:01.0: enabling Extended Tags
[    0.480054] pci 0000:00:01.0: supports D1 D2
[    0.480055] pci 0000:00:01.0: PME# supported from D1 D2 D3hot
[    0.480138] pci 0000:00:01.1: [1002:9840] type 00 class 0x040300
[    0.480153] pci 0000:00:01.1: reg 0x10: [mem 0xd1560000-0xd1563fff 64bit]
[    0.480179] pci 0000:00:01.1: enabling Extended Tags
[    0.480210] pci 0000:00:01.1: supports D1 D2
[    0.480271] pci 0000:00:02.0: [1022:157b] type 00 class 0x060000
[    0.480348] pci 0000:00:02.2: [1022:157c] type 01 class 0x060400
[    0.480389] pci 0000:00:02.2: enabling Extended Tags
[    0.480431] pci 0000:00:02.2: PME# supported from D0 D3hot D3cold
[    0.480516] pci 0000:00:02.3: [1022:157c] type 01 class 0x060400
[    0.480594] pci 0000:00:02.3: enabling Extended Tags
[    0.480635] pci 0000:00:02.3: PME# supported from D0 D3hot D3cold
[    0.480708] pci 0000:00:03.0: [1022:157b] type 00 class 0x060000
[    0.480783] pci 0000:00:03.1: [1022:157c] type 01 class 0x060400
[    0.480822] pci 0000:00:03.1: enabling Extended Tags
[    0.480881] pci 0000:00:03.1: PME# supported from D0 D3hot D3cold
[    0.480963] pci 0000:00:08.0: [1022:1578] type 00 class 0x108000
[    0.480977] pci 0000:00:08.0: reg 0x10: [mem 0xd1540000-0xd155ffff 64bit pref]
[    0.480981] pci 0000:00:08.0: reg 0x18: [mem 0xd1100000-0xd11fffff]
[    0.480986] pci 0000:00:08.0: reg 0x1c: [mem 0xd156f000-0xd156ffff]
[    0.480993] pci 0000:00:08.0: reg 0x24: [mem 0xd156a000-0xd156bfff]
[    0.481066] pci 0000:00:09.0: [1022:157d] type 00 class 0x060000
[    0.481136] pci 0000:00:09.2: [1022:157a] type 00 class 0x040300
[    0.481146] pci 0000:00:09.2: reg 0x10: [mem 0xd1564000-0xd1567fff]
[    0.481182] pci 0000:00:09.2: PME# supported from D0 D3hot D3cold
[    0.481260] pci 0000:00:10.0: [1022:7914] type 00 class 0x0c0330
[    0.481287] pci 0000:00:10.0: reg 0x10: [mem 0xd1568000-0xd1569fff 64bit]
[    0.481390] pci 0000:00:10.0: PME# supported from D0 D3hot D3cold
[    0.481468] pci 0000:00:11.0: [1022:7901] type 00 class 0x010601
[    0.481487] pci 0000:00:11.0: reg 0x10: [io  0x4118-0x411f]
[    0.481495] pci 0000:00:11.0: reg 0x14: [io  0x4124-0x4127]
[    0.481502] pci 0000:00:11.0: reg 0x18: [io  0x4110-0x4117]
[    0.481510] pci 0000:00:11.0: reg 0x1c: [io  0x4120-0x4123]
[    0.481518] pci 0000:00:11.0: reg 0x20: [io  0x4100-0x410f]
[    0.481526] pci 0000:00:11.0: reg 0x24: [mem 0xd156c000-0xd156c3ff]
[    0.481561] pci 0000:00:11.0: PME# supported from D3hot
[    0.481631] pci 0000:00:12.0: [1022:7908] type 00 class 0x0c0320
[    0.483068] pci 0000:00:12.0: reg 0x10: [mem 0xd156d000-0xd156d0ff]
[    0.486780] pci 0000:00:12.0: supports D1 D2
[    0.486781] pci 0000:00:12.0: PME# supported from D0 D1 D2 D3hot D3cold
[    0.486863] pci 0000:00:14.0: [1022:790b] type 00 class 0x0c0500
[    0.486988] pci 0000:00:14.3: [1022:790e] type 00 class 0x060100
[    0.487129] pci 0000:00:18.0: [1022:1570] type 00 class 0x060000
[    0.487201] pci 0000:00:18.1: [1022:1571] type 00 class 0x060000
[    0.487273] pci 0000:00:18.2: [1022:1572] type 00 class 0x060000
[    0.487352] pci 0000:00:18.3: [1022:1573] type 00 class 0x060000
[    0.487472] pci 0000:00:18.4: [1022:1574] type 00 class 0x060000
[    0.487530] pci 0000:00:18.5: [1022:1575] type 00 class 0x060000
[    0.487645] pci 0000:01:00.0: [10ec:5287] type 00 class 0xff0000
[    0.487672] pci 0000:01:00.0: reg 0x10: [mem 0xd1405000-0xd1405fff]
[    0.487727] pci 0000:01:00.0: reg 0x30: [mem 0xffff0000-0xffffffff pref]
[    0.487812] pci 0000:01:00.0: supports D1 D2
[    0.487813] pci 0000:01:00.0: PME# supported from D1 D2 D3hot D3cold
[    0.487912] pci 0000:01:00.1: [10ec:8168] type 00 class 0x020000
[    0.487938] pci 0000:01:00.1: reg 0x10: [io  0x3000-0x30ff]
[    0.487963] pci 0000:01:00.1: reg 0x18: [mem 0xd1404000-0xd1404fff 64bit]
[    0.487978] pci 0000:01:00.1: reg 0x20: [mem 0xd1400000-0xd1403fff 64bit]
[    0.488066] pci 0000:01:00.1: supports D1 D2
[    0.488067] pci 0000:01:00.1: PME# supported from D0 D1 D2 D3hot D3cold
[    0.488190] pci 0000:00:02.2: PCI bridge to [bus 01]
[    0.488194] pci 0000:00:02.2:   bridge window [io  0x3000-0x3fff]
[    0.488197] pci 0000:00:02.2:   bridge window [mem 0xd1400000-0xd14fffff]
[    0.488325] pci 0000:02:00.0: [8086:24fb] type 00 class 0x028000
[    0.488385] pci 0000:02:00.0: reg 0x10: [mem 0xd1300000-0xd1301fff 64bit]
[    0.488665] pci 0000:02:00.0: PME# supported from D0 D3hot D3cold
[    0.488880] pci 0000:00:02.3: PCI bridge to [bus 02]
[    0.488887] pci 0000:00:02.3:   bridge window [mem 0xd1300000-0xd13fffff]
[    0.488973] pci 0000:03:00.0: [1002:699f] type 00 class 0x038000
[    0.489014] pci 0000:03:00.0: reg 0x10: [mem 0xc0000000-0xcfffffff 64bit pref]
[    0.489033] pci 0000:03:00.0: reg 0x18: [mem 0xd0000000-0xd01fffff 64bit pref]
[    0.489045] pci 0000:03:00.0: reg 0x20: [io  0x2000-0x20ff]
[    0.489058] pci 0000:03:00.0: reg 0x24: [mem 0xd1200000-0xd123ffff]
[    0.489070] pci 0000:03:00.0: reg 0x30: [mem 0xfffe0000-0xffffffff pref]
[    0.489080] pci 0000:03:00.0: enabling Extended Tags
[    0.489169] pci 0000:03:00.0: supports D1 D2
[    0.489211] pci 0000:03:00.0: 16.000 Gb/s available PCIe bandwidth, limited by 2.5 GT/s x8 link at 0000:00:03.1 (capable of 63.008 Gb/s with 8 GT/s x8 link)
[    0.489287] pci 0000:00:03.1: PCI bridge to [bus 03]
[    0.489292] pci 0000:00:03.1:   bridge window [io  0x2000-0x2fff]
[    0.489296] pci 0000:00:03.1:   bridge window [mem 0xd1200000-0xd12fffff]
[    0.489301] pci 0000:00:03.1:   bridge window [mem 0xc0000000-0xd01fffff 64bit pref]
[    0.550240] ACPI: PCI Interrupt Link [LNKA] (IRQs 3 5 6 10 11) *0, disabled.
[    0.550303] ACPI: PCI Interrupt Link [LNKB] (IRQs 3 5 6 10 11) *0, disabled.
[    0.550347] ACPI: PCI Interrupt Link [LNKC] (IRQs 3 5 6 10 11) *0, disabled.
[    0.550404] ACPI: PCI Interrupt Link [LNKD] (IRQs 3 5 6 10 11) *0, disabled.
[    0.550454] ACPI: PCI Interrupt Link [LNKE] (IRQs 3 5 6 10 11) *0, disabled.
[    0.550496] ACPI: PCI Interrupt Link [LNKF] (IRQs 3 5 6 10 11) *0, disabled.
[    0.550576] ACPI: PCI Interrupt Link [LNKG] (IRQs 3 5 6 10 11) *0, disabled.
[    0.550614] ACPI: PCI Interrupt Link [LNKH] (IRQs 3 5 6 10 11) *0, disabled.
[    0.551246] ACPI: EC: interrupt unblocked
[    0.551256] ACPI: EC: event unblocked
[    0.551263] ACPI: \_SB_.PCI0.LPC0.EC0_: GPE=0x3, EC_CMD/EC_SC=0x66, EC_DATA=0x62
[    0.551265] ACPI: \_SB_.PCI0.LPC0.EC0_: Boot DSDT EC used to handle transactions and events
[    0.551370] pci 0000:00:01.0: vgaarb: setting as boot VGA device
[    0.551370] pci 0000:00:01.0: vgaarb: VGA device added: decodes=io+mem,owns=io+mem,locks=none
[    0.551370] pci 0000:00:01.0: vgaarb: bridge control possible
[    0.551370] vgaarb: loaded
[    0.670553] pps_core: LinuxPPS API ver. 1 registered
[    0.670555] pps_core: Software ver. 5.3.6 - Copyright 2005-2007 Rodolfo Giometti <giometti@linux.it>
[    0.670564] PTP clock support registered
[    0.670577] EDAC MC: Ver: 3.0.0
[    0.670717] PCI: Using ACPI for IRQ routing
[    0.673847] PCI: pci_cache_line_size set to 64 bytes
[    0.673928] e820: reserve RAM buffer [mem 0x0009f800-0x0009ffff]
[    0.673929] e820: reserve RAM buffer [mem 0xb93b5000-0xbbffffff]
[    0.673930] e820: reserve RAM buffer [mem 0xbefbe000-0xbfffffff]
[    0.673931] e820: reserve RAM buffer [mem 0xbfc00000-0xbfffffff]
[    0.673932] e820: reserve RAM buffer [mem 0x1ff000000-0x1ffffffff]
[    0.674061] NetLabel: Initializing
[    0.674061] NetLabel:  domain hash size = 128
[    0.674062] NetLabel:  protocols = UNLABELED CIPSOv4 CALIPSO
[    0.674114] NetLabel:  unlabeled traffic allowed by default
[    0.674119] hpet0: at MMIO 0xfed00000, IRQs 2, 8, 0
[    0.674119] hpet0: 3 comparators, 32-bit 14.318180 MHz counter
[    0.674119] clocksource: Switched to clocksource tsc-early
[    0.689574] VFS: Disk quotas dquot_6.6.0
[    0.689596] VFS: Dquot-cache hash table entries: 512 (order 0, 4096 bytes)
[    0.689649] *** VALIDATE hugetlbfs ***
[    0.689727] pnp: PnP ACPI init
[    0.689924] system 00:00: [mem 0xfec00000-0xfec01fff] could not be reserved
[    0.689926] system 00:00: [mem 0xfee00000-0xfee00fff] has been reserved
[    0.689927] system 00:00: [mem 0xd1000000-0xd10fffff] has been reserved
[    0.689932] system 00:00: Plug and Play ACPI device, IDs PNP0c02 (active)
[    0.690107] pnp 00:01: Plug and Play ACPI device, IDs PNP0b00 (active)
[    0.690134] pnp 00:02: Plug and Play ACPI device, IDs FUJ7401 PNP0303 (active)
[    0.690207] system 00:03: [io  0x0400-0x04cf] has been reserved
[    0.690208] system 00:03: [io  0x04d0-0x04d1] has been reserved
[    0.690209] system 00:03: [io  0x04d6] has been reserved
[    0.690211] system 00:03: [io  0x0c00-0x0c01] has been reserved
[    0.690212] system 00:03: [io  0x0c14] has been reserved
[    0.690213] system 00:03: [io  0x0c50-0x0c52] has been reserved
[    0.690213] system 00:03: [io  0x0c6c] has been reserved
[    0.690214] system 00:03: [io  0x0c6f] has been reserved
[    0.690215] system 00:03: [io  0x0cd0-0x0cdb] has been reserved
[    0.690218] system 00:03: Plug and Play ACPI device, IDs PNP0c02 (active)
[    0.690268] system 00:04: [mem 0x000e0000-0x000fffff] could not be reserved
[    0.690269] system 00:04: [mem 0xff800000-0xffffffff] has been reserved
[    0.690272] system 00:04: Plug and Play ACPI device, IDs PNP0c01 (active)
[    0.752880] pnp: PnP ACPI: found 5 devices
[    0.793533] clocksource: acpi_pm: mask: 0xffffff max_cycles: 0xffffff, max_idle_ns: 2085701024 ns
[    0.793543] pci 0000:00:01.0: can't claim BAR 6 [mem 0xfffe0000-0xffffffff pref]: no compatible bridge window
[    0.793546] pci 0000:01:00.0: can't claim BAR 6 [mem 0xffff0000-0xffffffff pref]: no compatible bridge window
[    0.793548] pci 0000:03:00.0: can't claim BAR 6 [mem 0xfffe0000-0xffffffff pref]: no compatible bridge window
[    0.793569] pci 0000:00:01.0: BAR 6: assigned [mem 0xd0200000-0xd021ffff pref]
[    0.793572] pci 0000:01:00.0: BAR 6: assigned [mem 0xd1410000-0xd141ffff pref]
[    0.793574] pci 0000:00:02.2: PCI bridge to [bus 01]
[    0.793577] pci 0000:00:02.2:   bridge window [io  0x3000-0x3fff]
[    0.793581] pci 0000:00:02.2:   bridge window [mem 0xd1400000-0xd14fffff]
[    0.793586] pci 0000:00:02.3: PCI bridge to [bus 02]
[    0.793589] pci 0000:00:02.3:   bridge window [mem 0xd1300000-0xd13fffff]
[    0.793595] pci 0000:03:00.0: BAR 6: assigned [mem 0xd1240000-0xd125ffff pref]
[    0.793597] pci 0000:00:03.1: PCI bridge to [bus 03]
[    0.793598] pci 0000:00:03.1:   bridge window [io  0x2000-0x2fff]
[    0.793601] pci 0000:00:03.1:   bridge window [mem 0xd1200000-0xd12fffff]
[    0.793604] pci 0000:00:03.1:   bridge window [mem 0xc0000000-0xd01fffff 64bit pref]
[    0.793609] pci_bus 0000:00: resource 4 [io  0x0000-0x0cf7 window]
[    0.793610] pci_bus 0000:00: resource 5 [io  0x0d00-0xffff window]
[    0.793611] pci_bus 0000:00: resource 6 [mem 0x000a0000-0x000bffff window]
[    0.793612] pci_bus 0000:00: resource 7 [mem 0x000c0000-0x000c3fff window]
[    0.793613] pci_bus 0000:00: resource 8 [mem 0x000c4000-0x000c7fff window]
[    0.793614] pci_bus 0000:00: resource 9 [mem 0x000c8000-0x000cbfff window]
[    0.793614] pci_bus 0000:00: resource 10 [mem 0x000d0000-0x000d3fff window]
[    0.793615] pci_bus 0000:00: resource 11 [mem 0x000d4000-0x000d7fff window]
[    0.793616] pci_bus 0000:00: resource 12 [mem 0x000d8000-0x000dbfff window]
[    0.793617] pci_bus 0000:00: resource 13 [mem 0x000dc000-0x000dffff window]
[    0.793618] pci_bus 0000:00: resource 14 [mem 0x000e0000-0x000e3fff window]
[    0.793619] pci_bus 0000:00: resource 15 [mem 0x000e4000-0x000e7fff window]
[    0.793620] pci_bus 0000:00: resource 16 [mem 0x000e8000-0x000ebfff window]
[    0.793620] pci_bus 0000:00: resource 17 [mem 0x000ec000-0x000effff window]
[    0.793621] pci_bus 0000:00: resource 18 [mem 0xc0000000-0xf7ffffff window]
[    0.793622] pci_bus 0000:00: resource 19 [mem 0xfc000000-0xfed3ffff window]
[    0.793623] pci_bus 0000:01: resource 0 [io  0x3000-0x3fff]
[    0.793624] pci_bus 0000:01: resource 1 [mem 0xd1400000-0xd14fffff]
[    0.793625] pci_bus 0000:02: resource 1 [mem 0xd1300000-0xd13fffff]
[    0.793626] pci_bus 0000:03: resource 0 [io  0x2000-0x2fff]
[    0.793627] pci_bus 0000:03: resource 1 [mem 0xd1200000-0xd12fffff]
[    0.793628] pci_bus 0000:03: resource 2 [mem 0xc0000000-0xd01fffff 64bit pref]
[    0.793748] NET: Registered protocol family 2
[    0.793977] tcp_listen_portaddr_hash hash table entries: 4096 (order: 4, 65536 bytes)
[    0.794009] TCP established hash table entries: 65536 (order: 7, 524288 bytes)
[    0.794181] TCP bind hash table entries: 65536 (order: 8, 1048576 bytes)
[    0.794475] TCP: Hash tables configured (established 65536 bind 65536)
[    0.794545] UDP hash table entries: 4096 (order: 5, 131072 bytes)
[    0.794585] UDP-Lite hash table entries: 4096 (order: 5, 131072 bytes)
[    0.794695] NET: Registered protocol family 1
[    0.794702] NET: Registered protocol family 44
[    0.794718] pci 0000:00:01.0: Video device with shadowed ROM at [mem 0x000c0000-0x000dffff]
[    0.805935] pci 0000:00:10.0: quirk_usb_early_handoff+0x0/0x645 took 10888 usecs
[    0.822507] pci 0000:00:12.0: quirk_usb_early_handoff+0x0/0x645 took 16128 usecs
[    0.822547] PCI: CLS 64 bytes, default 64
[    0.822598] Unpacking initramfs...
[    0.955338] Freeing initrd memory: 11396K
[    0.955403] pci 0000:00:00.2: AMD-Vi: IOMMU performance counters supported
[    0.955590] pci 0000:00:00.2: can't derive routing for PCI INT A
[    0.955592] pci 0000:00:00.2: PCI INT A: not connected
[    0.955763] pci 0000:00:01.0: Adding to iommu group 0
[    0.955797] pci 0000:00:01.1: Adding to iommu group 0
[    0.955832] pci 0000:00:02.0: Adding to iommu group 1
[    0.955849] pci 0000:00:02.2: Adding to iommu group 1
[    0.955865] pci 0000:00:02.3: Adding to iommu group 1
[    0.955890] pci 0000:00:03.0: Adding to iommu group 2
[    0.955907] pci 0000:00:03.1: Adding to iommu group 2
[    0.955924] pci 0000:00:08.0: Adding to iommu group 3
[    0.955949] pci 0000:00:09.0: Adding to iommu group 4
[    0.955963] pci 0000:00:09.2: Adding to iommu group 4
[    0.955981] pci 0000:00:10.0: Adding to iommu group 5
[    0.956000] pci 0000:00:11.0: Adding to iommu group 6
[    0.956016] pci 0000:00:12.0: Adding to iommu group 7
[    0.956043] pci 0000:00:14.0: Adding to iommu group 8
[    0.956058] pci 0000:00:14.3: Adding to iommu group 8
[    0.956149] pci 0000:00:18.0: Adding to iommu group 9
[    0.956162] pci 0000:00:18.1: Adding to iommu group 9
[    0.956176] pci 0000:00:18.2: Adding to iommu group 9
[    0.956189] pci 0000:00:18.3: Adding to iommu group 9
[    0.956203] pci 0000:00:18.4: Adding to iommu group 9
[    0.956215] pci 0000:00:18.5: Adding to iommu group 9
[    0.956229] pci 0000:01:00.0: Adding to iommu group 1
[    0.956241] pci 0000:01:00.1: Adding to iommu group 1
[    0.956268] pci 0000:02:00.0: Adding to iommu group 1
[    0.956281] pci 0000:03:00.0: Adding to iommu group 2
[    0.956849] pci 0000:00:00.2: AMD-Vi: Found IOMMU cap 0x40
[    0.956851] pci 0000:00:00.2: AMD-Vi: Extended features (0x37ef22294ada):
[    0.956852]  PPR NX GT IA GA PC GA_vAPIC
[    0.956855] AMD-Vi: Interrupt remapping enabled
[    0.956855] AMD-Vi: Virtual APIC enabled
[    0.957176] AMD-Vi: Lazy IO/TLB flushing enabled
[    0.957189] PCI-DMA: Using software bounce buffering for IO (SWIOTLB)
[    0.957191] software IO TLB: mapped [mem 0xbafbe000-0xbefbe000] (64MB)
[    0.957221] amd_uncore: AMD NB counters detected
[    0.957312] LVT offset 0 assigned for vector 0x400
[    0.957411] perf: AMD IBS detected (0x000007ff)
[    0.957416] perf/amd_iommu: Detected AMD IOMMU #0 (2 banks, 4 counters/bank).
[    0.957482] check: Scanning for low memory corruption every 60 seconds
[    0.958278] Initialise system trusted keyrings
[    0.958292] Key type blacklist registered
[    0.958519] workingset: timestamp_bits=41 max_order=21 bucket_order=0
[    0.960089] zbud: loaded
[    1.033793] Key type asymmetric registered
[    1.033796] Asymmetric key parser 'x509' registered
[    1.033819] Block layer SCSI generic (bsg) driver version 0.4 loaded (major 244)
[    1.033889] io scheduler mq-deadline registered
[    1.033890] io scheduler kyber registered
[    1.033964] io scheduler bfq registered
[    1.033965] 
               Start testing find_bit() with random-filled bitmap
[    1.033976] fbcon: Taking over console
[    1.036663] find_next_bit:                  758219 ns, 163644 iterations
[    1.037298] find_next_zero_bit:             632895 ns, 164037 iterations
[    1.038002] find_last_bit:                  700898 ns, 163644 iterations
[    1.042586] find_first_bit:                4582116 ns,  16416 iterations
[    1.043031] find_next_and_bit:              441334 ns,  73514 iterations
[    1.043033] 
               Start testing find_bit() with sparse bitmap
[    1.043068] find_next_bit:                   13919 ns,    655 iterations
[    1.044346] find_next_zero_bit:            1276175 ns, 327026 iterations
[    1.044360] find_last_bit:                   11938 ns,    655 iterations
[    1.045921] find_first_bit:                1558216 ns,    655 iterations
[    1.045930] find_next_and_bit:                6802 ns,      1 iterations
[    1.046335] pcieport 0000:00:02.2: Signaling PME with IRQ 26
[    1.046579] pcieport 0000:00:02.3: Signaling PME with IRQ 27
[    1.046817] pcieport 0000:00:03.1: Signaling PME with IRQ 29
[    1.046849] pciehp 0000:00:03.1:pcie004: Slot #0 AttnBtn- PwrCtrl- MRL- AttnInd- PwrInd- HotPlug+ Surprise- Interlock- NoCompl+ LLActRep+
[    1.047026] shpchp: Standard Hot Plug PCI Controller Driver version: 0.4
[    1.047052] vesafb: mode is 1366x768x32, linelength=5632, pages=0
[    1.047052] vesafb: scrolling: redraw
[    1.047054] vesafb: Truecolor: size=0:8:8:8, shift=0:16:8:0
[    1.047073] vesafb: framebuffer at 0xe0000000, mapped to 0x000000008f62401c, using 4224k, total 4224k
[    1.047195] Console: switching to colour frame buffer device 170x48
[    1.062136] fb0: VESA VGA frame buffer device
[    1.069261] Serial: 8250/16550 driver, 4 ports, IRQ sharing enabled
[    1.070078] rtc_cmos 00:01: RTC can wake from S4
[    1.070226] rtc_cmos 00:01: registered as rtc0
[    1.070244] rtc_cmos 00:01: alarms up to one month, 114 bytes nvram, hpet irqs
[    1.070297] ledtrig-cpu: registered to indicate activity on CPUs
[    1.070574] NET: Registered protocol family 10
[    1.081046] Segment Routing with IPv6
[    1.081081] NET: Registered protocol family 17
[    1.081454] RAS: Correctable Errors collector initialized.
[    1.081491] microcode: CPU0: patch_level=0x0600611a
[    1.081498] microcode: CPU1: patch_level=0x0600611a
[    1.081509] microcode: CPU2: patch_level=0x0600611a
[    1.081518] microcode: CPU3: patch_level=0x0600611a
[    1.081580] microcode: Microcode Update Driver: v2.2.
[    1.081598] sched_clock: Marking stable (1051221244, 30353476)->(1191561760, -109987040)
[    1.081850] registered taskstats version 1
[    1.081861] Loading compiled-in X.509 certificates
[    1.081886] zswap: loaded using pool lzo/zbud
[    1.092218] Key type big_key registered
[    1.092626] PM:   Magic number: 15:752:536
[    1.092730] rtc_cmos 00:01: setting system clock to 2019-04-24T14:32:09 UTC (1556116329)
[    1.096118] Freeing unused decrypted memory: 2040K
[    1.096678] Freeing unused kernel image memory: 1520K
[    1.112296] Write protecting the kernel read-only data: 16384k
[    1.113084] Freeing unused kernel image memory: 2020K
[    1.113481] Freeing unused kernel image memory: 1036K
[    1.113489] Run /init as init process
[    1.181401] i8042: PNP: PS/2 Controller [PNP0303:KBC0] at 0x60,0x64 irq 1
[    1.181403] i8042: PNP: PS/2 appears to have AUX port disabled, if this is incorrect please boot with i8042.nopnp
[    1.188981] serio: i8042 KBD port at 0x60,0x64 irq 1
[    1.191919] SCSI subsystem initialized
[    1.194270] ACPI: bus type USB registered
[    1.194300] usbcore: registered new interface driver usbfs
[    1.194315] usbcore: registered new interface driver hub
[    1.195206] usbcore: registered new device driver usb
[    1.196958] ehci_hcd: USB 2.0 'Enhanced' Host Controller (EHCI) Driver
[    1.197205] libata version 3.00 loaded.
[    1.197378] ehci-pci: EHCI PCI platform driver
[    1.197665] ehci-pci 0000:00:12.0: EHCI Host Controller
[    1.197674] ehci-pci 0000:00:12.0: new USB bus registered, assigned bus number 1
[    1.197690] ehci-pci 0000:00:12.0: debug port 2
[    1.197746] ehci-pci 0000:00:12.0: irq 18, io mem 0xd156d000
[    1.199518] ahci 0000:00:11.0: version 3.0
[    1.199750] ahci 0000:00:11.0: AHCI 0001.0300 32 slots 1 ports 6 Gbps 0x1 impl SATA mode
[    1.199752] ahci 0000:00:11.0: flags: 64bit ncq sntf ilck pm led clo pmp fbs pio slum part 
[    1.202038] scsi host0: ahci
[    1.202247] ata1: SATA max UDMA/133 abar m1024@0xd156c000 port 0xd156c100 irq 19
[    1.212167] ehci-pci 0000:00:12.0: USB 2.0 started, EHCI 1.00
[    1.212403] hub 1-0:1.0: USB hub found
[    1.212411] hub 1-0:1.0: 2 ports detected
[    1.212598] xhci_hcd 0000:00:10.0: xHCI Host Controller
[    1.212606] xhci_hcd 0000:00:10.0: new USB bus registered, assigned bus number 2
[    1.212798] xhci_hcd 0000:00:10.0: hcc params 0x014040c3 hci version 0x100 quirks 0x0000000000000410
[    1.213294] hub 2-0:1.0: USB hub found
[    1.213315] hub 2-0:1.0: 4 ports detected
[    1.214029] xhci_hcd 0000:00:10.0: xHCI Host Controller
[    1.214036] xhci_hcd 0000:00:10.0: new USB bus registered, assigned bus number 3
[    1.214041] xhci_hcd 0000:00:10.0: Host supports USB 3.0  SuperSpeed
[    1.219722] usb usb3: We don't know the algorithms for LPM for this host, disabling LPM.
[    1.220102] hub 3-0:1.0: USB hub found
[    1.220115] hub 3-0:1.0: 4 ports detected
[    1.220268] usb: port power management may be unreliable
[    1.221464] input: AT Translated Set 2 keyboard as /devices/platform/i8042/serio0/input/input0
[    1.533317] usb 1-1: new high-speed USB device number 2 using ehci-pci
[    1.666637] ata1: SATA link up 6.0 Gbps (SStatus 133 SControl 300)
[    1.667890] ata1.00: ATA-10: WDC WD10SPZX-21Z10T0, 02.01A02, max UDMA/133
[    1.667954] ata1.00: 1953525168 sectors, multi 16: LBA48 NCQ (depth 32), AA
[    1.669890] ata1.00: configured for UDMA/133
[    1.670762] scsi 0:0:0:0: Direct-Access     ATA      WDC WD10SPZX-21Z 1A02 PQ: 0 ANSI: 5
[    1.675719] sd 0:0:0:0: [sda] 1953525168 512-byte logical blocks: (1.00 TB/932 GiB)
[    1.675723] sd 0:0:0:0: [sda] 4096-byte physical blocks
[    1.675741] sd 0:0:0:0: [sda] Write Protect is off
[    1.675743] sd 0:0:0:0: [sda] Mode Sense: 00 3a 00 00
[    1.675769] sd 0:0:0:0: [sda] Write cache: enabled, read cache: enabled, doesn't support DPO or FUA
[    1.682416] hub 1-1:1.0: USB hub found
[    1.682724] hub 1-1:1.0: 4 ports detected
[    1.783142]  sda: sda1 sda2 sda3
[    1.785022] sd 0:0:0:0: [sda] Attached SCSI disk
[    1.966444] usb 1-1.1: new low-speed USB device number 3 using ehci-pci
[    1.976644] tsc: Refined TSC clocksource calibration: 2495.317 MHz
[    1.976688] clocksource: tsc: mask: 0xffffffffffffffff max_cycles: 0x23f7f206bf1, max_idle_ns: 440795322908 ns
[    1.976810] clocksource: Switched to clocksource tsc
[    2.088344] hidraw: raw HID events driver (C) Jiri Kosina
[    2.092700] usbcore: registered new interface driver usbhid
[    2.092702] usbhid: USB HID core driver
[    2.094279] input:  USB OPTICAL MOUSE as /devices/pci0000:00/0000:00:12.0/usb1/1-1/1-1.1/1-1.1:1.0/0003:0000:3825.0001/input/input1
[    2.094363] hid-generic 0003:0000:3825.0001: input,hidraw0: USB HID v1.11 Mouse [ USB OPTICAL MOUSE] on usb-0000:00:12.0-1.1/input0
[    2.173285] usb 1-1.2: new full-speed USB device number 4 using ehci-pci
[    2.670057] usb 1-1.3: new full-speed USB device number 5 using ehci-pci
[    2.815331] input: Sony PLAYSTATION(R)3 Controller Motion Sensors as /devices/pci0000:00/0000:00:12.0/usb1/1-1/1-1.2/1-1.2:1.0/0003:054C:0268.0002/input/input3
[    2.863292] usb 1-1.4: new high-speed USB device number 6 using ehci-pci
[    2.870041] input: Sony PLAYSTATION(R)3 Controller as /devices/pci0000:00/0000:00:12.0/usb1/1-1/1-1.2/1-1.2:1.0/0003:054C:0268.0002/input/input2
[    2.870333] sony 0003:054C:0268.0002: input,hiddev0,hidraw1: USB HID v81.11 Joystick [Sony PLAYSTATION(R)3 Controller] on usb-0000:00:12.0-1.2/input0
[    3.484427] EXT4-fs (sda3): mounted filesystem with ordered data mode. Opts: (null)
[    7.225134] systemd[1]: systemd 241.607-1-manjaro running in system mode. (+PAM +AUDIT -SELINUX -IMA -APPARMOR +SMACK -SYSVINIT +UTMP +LIBCRYPTSETUP +GCRYPT +GNUTLS +ACL +XZ +LZ4 +SECCOMP +BLKID +ELFUTILS +KMOD +IDN2 -IDN +PCRE2 default-hierarchy=hybrid)
[    7.240191] systemd[1]: Detected architecture x86-64.
[    7.252860] systemd[1]: Set hostname to <utku2>.
[   11.492542] systemd[1]: /usr/lib/systemd/system/teamviewerd.service:8: PIDFile= references path below legacy directory /var/run/, updating /var/run/teamviewerd.pid â†’ /run/teamviewerd.pid; please update the unit file accordingly.
[   11.965257] systemd[1]: Condition check resulted in Journal Audit Socket being skipped.
[   11.965476] systemd[1]: Listening on udev Control Socket.
[   11.965727] systemd[1]: Set up automount Arbitrary Executable File Formats File System Automount Point.
[   11.965775] systemd[1]: Listening on udev Kernel Socket.
[   11.965857] systemd[1]: Listening on Journal Socket.
[   12.000448] systemd[1]: Starting Set Up Additional Binary Formats...
[   12.085175] EXT4-fs (sda3): re-mounted. Opts: (null)
[   12.303120] systemd[1]: Condition check resulted in Rebuild Hardware Database being skipped.
[   12.304536] systemd[1]: Started Create list of required static device nodes for the current kernel.
[   12.304766] systemd[1]: Mounted Arbitrary Executable File Formats File System.
[   12.325427] systemd[1]: Started Set Up Additional Binary Formats.
[   12.603845] systemd[1]: Started udev Coldplug all Devices.
[   12.617573] systemd[1]: Started Load/Save Random Seed.
[   12.643561] systemd[1]: Started Journal Service.
[   12.917166] sd 0:0:0:0: Attached scsi generic sg0 type 0
[   13.002730] systemd-journald[249]: Received request to flush runtime journal from PID 1
[   14.290167] Linux agpgart interface v0.103
[   21.659442] input: Power Button as /devices/LNXSYSTM:00/LNXSYBUS:00/PNP0C0C:00/input/input4
[   21.659459] ACPI: Power Button [PWRB]
[   21.659530] input: Sleep Button as /devices/LNXSYSTM:00/LNXSYBUS:00/PNP0C0E:00/input/input5
[   21.659539] ACPI: Sleep Button [SLPB]
[   21.659625] input: Lid Switch as /devices/LNXSYSTM:00/LNXSYBUS:00/PNP0C0D:00/input/input6
[   21.659632] ACPI: Lid Switch [LID]
[   21.659689] input: Power Button as /devices/LNXSYSTM:00/LNXPWRBN:00/input/input7
[   21.660852] ACPI: Power Button [PWRF]
[   21.732696] ACPI: Video Device [VGA] (multi-head: yes  rom: no  post: no)
[   21.733207] acpi device:00: registered as cooling_device4
[   21.733261] input: Video Bus as /devices/LNXSYSTM:00/LNXSYBUS:00/PNP0A08:00/LNXVIDEO:00/input/input8
[   21.733335] ACPI: Video Device [VGA2] (multi-head: yes  rom: no  post: no)
[   21.733613] acpi device:0a: registered as cooling_device5
[   21.733654] input: Video Bus as /devices/LNXSYSTM:00/LNXSYBUS:00/PNP0A08:00/device:09/LNXVIDEO:02/input/input9
[   21.739213] input: Acer Wireless Radio Control as /devices/LNXSYSTM:00/10251229:00/input/input10
[   21.771036] input: PC Speaker as /devices/platform/pcspkr/input/input11
[   21.774769] acpi_cpufreq: overriding BIOS provided _PSD data
[   21.796095] ACPI: AC Adapter [ACAD] (on-line)
[   22.050913] tpm_crb MSFT0101:00: can't request region for resource [mem 0xbfbb9000-0xbfbbcfff]
[   22.051151] tpm_crb: probe of MSFT0101:00 failed with error -16
[   22.073488] battery: ACPI: Battery Slot [BAT1] (battery present)
[   22.282515] cryptd: max_cpu_qlen set to 1000
[   22.421696] acer_wmi: Acer Laptop ACPI-WMI Extras
[   22.421740] acer_wmi: Function bitmap for Communication Button: 0x801
[   22.532400] input: Acer WMI hotkeys as /devices/virtual/input/input12
[   22.584489] piix4_smbus 0000:00:14.0: SMBus Host Controller at 0xb00, revision 0
[   22.584493] piix4_smbus 0000:00:14.0: Using register 0x02 for SMBus port selection
[   22.652830] AVX2 version of gcm_enc/dec engaged.
[   22.652832] AES CTR mode by8 optimization enabled
[   23.084666] sp5100_tco: SP5100/SB800 TCO WatchDog Timer Driver
[   23.084805] sp5100-tco sp5100-tco: Using 0xfeb00000 for watchdog MMIO address
[   23.085004] sp5100-tco sp5100-tco: initialized. heartbeat=60 sec (nowayout=0)
[   23.477603] cfg80211: Loading compiled-in X.509 certificates for regulatory database
[   23.489475] cfg80211: Loaded X.509 cert 'sforshee: 00b28ddf47aef9cea7'
[   23.657403] AMD-Vi: AMD IOMMUv2 driver by Joerg Roedel <jroedel@suse.de>
[   24.089172] kvm: Nested Virtualization enabled
[   24.089177] kvm: Nested Paging enabled
[   24.089177] SVM: Virtual GIF supported
[   24.128115] Intel(R) Wireless WiFi driver for Linux
[   24.128117] Copyright(c) 2003- 2015 Intel Corporation
[   24.150241] MCE: In-kernel MCE decoding enabled.
[   24.170552] EDAC amd64: Node 0: DRAM ECC disabled.
[   24.170554] EDAC amd64: ECC disabled in the BIOS or no ECC capability, module will not load.
                Either enable ECC checking or force module loading by setting 'ecc_enable_override'.
                (Note that use of the override may cause unknown side effects.)
[   24.177039] snd_hda_intel 0000:00:01.1: Force to non-snoop mode
[   24.454275] input: HDA ATI HDMI HDMI/DP,pcm=3 as /devices/pci0000:00/0000:00:01.1/sound/card0/input13
[   24.549357] iwlwifi 0000:02:00.0: loaded firmware version 29.1044073957.0 op_mode iwlmvm
[   24.555858] [drm] amdgpu kernel modesetting enabled.
[   24.555889] vga_switcheroo: detected switching method \_SB_.PCI0.VGA_.ATPX handle
[   24.556567] ATPX version 1, functions 0x00000003
[   24.556614] ATPX Hybrid Graphics
[   24.556696] Parsing CRAT table with 1 nodes
[   24.556699] Creating topology SYSFS entries
[   24.556719] Topology: Add APU node [0x0:0x0]
[   24.556720] Finished initializing topology
[   24.556791] checking generic (e0000000 420000) vs hw (e0000000 10000000)
[   24.556793] fb0: switching to amdgpudrmfb from VESA VGA
[   24.556822] Console: switching to colour dummy device 80x25
[   24.556943] amdgpu 0000:00:01.0: vgaarb: deactivate vga console
[   24.557425] [drm] initializing kernel modesetting (CARRIZO 0x1002:0x9874 0x1025:0x1201 0xCA).
[   24.557613] [drm] register mmio base: 0xD1500000
[   24.557614] [drm] register mmio size: 262144
[   24.557617] [drm] add ip block number 0 <vi_common>
[   24.557618] [drm] add ip block number 1 <gmc_v8_0>
[   24.557619] [drm] add ip block number 2 <cz_ih>
[   24.557621] [drm] add ip block number 3 <gfx_v8_0>
[   24.557622] [drm] add ip block number 4 <sdma_v3_0>
[   24.557623] [drm] add ip block number 5 <powerplay>
[   24.557625] [drm] add ip block number 6 <dm>
[   24.557626] [drm] add ip block number 7 <uvd_v6_0>
[   24.557627] [drm] add ip block number 8 <vce_v3_0>
[   24.557628] [drm] add ip block number 9 <acp_ip>
[   24.557643] [drm] UVD is enabled in physical mode
[   24.557645] [drm] VCE enabled in physical mode
[   24.570131] [drm] BIOS signature incorrect 0 0
[   24.570144] resource sanity check: requesting [mem 0x000c0000-0x000dffff], which spans more than PCI Bus 0000:00 [mem 0x000c0000-0x000c3fff window]
[   24.570150] caller pci_map_rom+0x6a/0x17d mapping multiple BARs
[   24.572734] ATOM BIOS: 113-C91400-007
[   24.572802] [drm] RAS INFO: ras initialized successfully, hardware ability[0] ras_mask[0]
[   24.572808] [drm] vm size is 64 GB, 2 levels, block size is 10-bit, fragment size is 9-bit
[   24.572820] amdgpu 0000:00:01.0: VRAM: 1024M 0x000000F400000000 - 0x000000F43FFFFFFF (1024M used)
[   24.572822] amdgpu 0000:00:01.0: GART: 1024M 0x000000FF00000000 - 0x000000FF3FFFFFFF
[   24.572835] [drm] Detected VRAM RAM=1024M, BAR=1024M
[   24.572836] [drm] RAM width 64bits UNKNOWN
[   24.572909] [TTM] Zone  kernel: Available graphics memory: 3547418 KiB
[   24.572910] [TTM] Zone   dma32: Available graphics memory: 2097152 KiB
[   24.572911] [TTM] Initializing pool allocator
[   24.572918] [TTM] Initializing DMA pool allocator
[   24.572988] [drm] amdgpu: 1024M of VRAM memory ready
[   24.572992] [drm] amdgpu: 3072M of GTT memory ready.
[   24.573021] [drm] GART: num cpu pages 262144, num gpu pages 262144
[   24.573062] [drm] PCIE GART of 1024M enabled (table at 0x000000F400401000).
[   24.970076] snd_hda_codec_realtek hdaudioC1D0: autoconfig for ALC255: line_outs=1 (0x14/0x0/0x0/0x0/0x0) type:speaker
[   24.970080] snd_hda_codec_realtek hdaudioC1D0:    speaker_outs=0 (0x0/0x0/0x0/0x0/0x0)
[   24.970083] snd_hda_codec_realtek hdaudioC1D0:    hp_outs=1 (0x21/0x0/0x0/0x0/0x0)
[   24.970084] snd_hda_codec_realtek hdaudioC1D0:    mono: mono_out=0x0
[   24.970086] snd_hda_codec_realtek hdaudioC1D0:    inputs:
[   24.970088] snd_hda_codec_realtek hdaudioC1D0:      Headset Mic=0x19
[   24.970090] snd_hda_codec_realtek hdaudioC1D0:      Internal Mic=0x12
[   25.018892] input: HDA Digital PCBeep as /devices/pci0000:00/0000:00:09.2/sound/card1/input14
[   25.018979] input: HD-Audio Generic Front Headphone as /devices/pci0000:00/0000:00:09.2/sound/card1/input15
[   25.540183] mousedev: PS/2 mouse device common for all mice
[   25.606390] Bluetooth: Core ver 2.22
[   25.606433] NET: Registered protocol family 31
[   25.606434] Bluetooth: HCI device and connection manager initialized
[   25.606440] Bluetooth: HCI socket layer initialized
[   25.606443] Bluetooth: L2CAP socket layer initialized
[   25.606446] Bluetooth: SCO socket layer initialized
[   26.057506] iwlwifi 0000:02:00.0: Detected Intel(R) Dual Band Wireless AC 3168, REV=0x220
[   26.080731] iwlwifi 0000:02:00.0: base HW address: 90:61:ae:30:14:39
[   26.133003] ieee80211 phy0: Selected rate control algorithm 'iwl-mvm-rs'
[   26.133497] thermal thermal_zone0: failed to read out thermal zone (-61)
[   26.398650] iwlwifi 0000:02:00.0 wlp2s0: renamed from wlan0
[   26.620118] [drm] Found UVD firmware Version: 1.91 Family ID: 11
[   26.620148] [drm] UVD ENC is disabled
[   26.659216] media: Linux media interface: v0.10
[   26.666560] usbcore: registered new interface driver btusb
[   26.681225] Bluetooth: hci0: read Intel version: 370810225019140f00
[   26.878235] [drm] Found VCE firmware Version: 52.4 Binary ID: 3
[   26.879438] smu version 27.17.00
[   26.885573] [drm] DM_PPLIB: values for Engine clock
[   26.885577] [drm] DM_PPLIB:	 300000
[   26.885579] [drm] DM_PPLIB:	 480000
[   26.885580] [drm] DM_PPLIB:	 533340
[   26.885581] [drm] DM_PPLIB:	 576000
[   26.885582] [drm] DM_PPLIB:	 626090
[   26.885583] [drm] DM_PPLIB:	 685720
[   26.885584] [drm] DM_PPLIB:	 720000
[   26.885585] [drm] DM_PPLIB:	 757900
[   26.885586] [drm] DM_PPLIB: Validation clocks:
[   26.885587] [drm] DM_PPLIB:    engine_max_clock: 75790
[   26.885588] [drm] DM_PPLIB:    memory_max_clock: 93300
[   26.885590] [drm] DM_PPLIB:    level           : 8
[   26.885593] [drm] DM_PPLIB: values for Display clock
[   26.885594] [drm] DM_PPLIB:	 300000
[   26.885595] [drm] DM_PPLIB:	 400000
[   26.885596] [drm] DM_PPLIB:	 496560
[   26.885597] [drm] DM_PPLIB:	 626090
[   26.885598] [drm] DM_PPLIB:	 685720
[   26.885599] [drm] DM_PPLIB:	 757900
[   26.885600] [drm] DM_PPLIB:	 800000
[   26.885601] [drm] DM_PPLIB:	 847060
[   26.885602] [drm] DM_PPLIB: Validation clocks:
[   26.885603] [drm] DM_PPLIB:    engine_max_clock: 75790
[   26.885604] [drm] DM_PPLIB:    memory_max_clock: 93300
[   26.885605] [drm] DM_PPLIB:    level           : 8
[   26.885607] [drm] DM_PPLIB: values for Memory clock
[   26.885608] [drm] DM_PPLIB:	 667000
[   26.885609] [drm] DM_PPLIB:	 933000
[   26.885610] [drm] DM_PPLIB: Validation clocks:
[   26.885611] [drm] DM_PPLIB:    engine_max_clock: 75790
[   26.885612] [drm] DM_PPLIB:    memory_max_clock: 93300
[   26.885613] [drm] DM_PPLIB:    level           : 8
[   26.885957] [drm:construct [amdgpu]] *ERROR* construct: Invalid Connector ObjectID from Adapter Service for connector index:2! type 0 expected 3
[   26.903292] [drm] Display Core initialized with v3.2.26!
[   26.910139] [drm] SADs count is: -2, don't need to read it
[   26.911464] [drm] Supports vblank timestamp caching Rev 2 (21.10.2013).
[   26.911465] [drm] Driver supports precise vblank timestamp query.
[   26.937638] [drm] UVD initialized successfully.
[   26.944587] videodev: Linux video capture interface: v2.00
[   27.030635] Bluetooth: hci0: Intel Bluetooth firmware file: intel/ibt-hw-37.8.10-fw-22.50.19.14.f.bseq
[   27.140822] [drm] VCE initialized successfully.
[   27.144253] kfd kfd: Allocated 3969056 bytes on gart
[   27.144329] Topology: Add APU node [0x9874:0x1002]
[   27.144500] kfd kfd: added device 1002:9874
[   27.145093] [drm] fb mappable at 0x1FF9E5000
[   27.145093] [drm] vram apper at 0x1FF000000
[   27.145094] [drm] size 4325376
[   27.145095] [drm] fb depth is 24
[   27.145095] [drm]    pitch is 5632
[   27.145207] fbcon: amdgpudrmfb (fb0) is primary device
[   27.146927] Console: switching to colour frame buffer device 170x48
[   27.163123] amdgpu 0000:00:01.0: fb0: amdgpudrmfb frame buffer device
[   27.184128] [drm] Initialized amdgpu 3.32.0 20150101 for 0000:00:01.0 on minor 0
[   27.184510] [drm] initializing kernel modesetting (POLARIS12 0x1002:0x699F 0x1025:0x1210 0xC3).
[   27.185005] [drm] register mmio base: 0xD1200000
[   27.185009] [drm] register mmio size: 262144
[   27.185029] [drm] add ip block number 0 <vi_common>
[   27.185031] [drm] add ip block number 1 <gmc_v8_0>
[   27.185033] [drm] add ip block number 2 <tonga_ih>
[   27.185035] [drm] add ip block number 3 <gfx_v8_0>
[   27.185037] [drm] add ip block number 4 <sdma_v3_0>
[   27.185038] [drm] add ip block number 5 <powerplay>
[   27.185041] [drm] add ip block number 6 <dm>
[   27.185042] [drm] add ip block number 7 <uvd_v6_0>
[   27.185044] [drm] add ip block number 8 <vce_v3_0>
[   27.185054] kfd kfd: skipped device 1002:699f, PCI rejects atomics
[   27.185075] [drm] UVD is enabled in VM mode
[   27.185076] [drm] UVD ENC is enabled in VM mode
[   27.185079] [drm] VCE enabled in VM mode
[   27.185099] vga_switcheroo: enabled
[   27.276070] ATOM BIOS: SWBRT23054.001
[   27.276100] [drm] GPU posting now...
[   27.293794] [drm] RAS INFO: ras initialized successfully, hardware ability[0] ras_mask[0]
[   27.293803] [drm] vm size is 64 GB, 2 levels, block size is 10-bit, fragment size is 9-bit
[   27.314301] amdgpu 0000:03:00.0: VRAM: 2048M 0x000000F400000000 - 0x000000F47FFFFFFF (2048M used)
[   27.314304] amdgpu 0000:03:00.0: GART: 256M 0x000000FF00000000 - 0x000000FF0FFFFFFF
[   27.314324] [drm] Detected VRAM RAM=2048M, BAR=256M
[   27.314325] [drm] RAM width 128bits GDDR5
[   27.314364] [drm] amdgpu: 2048M of VRAM memory ready
[   27.314368] [drm] amdgpu: 3072M of GTT memory ready.
[   27.314405] [drm] GART: num cpu pages 65536, num gpu pages 65536
[   27.315421] [drm] PCIE GART of 256M enabled (table at 0x000000F400000000).
[   27.425062] Bluetooth: hci0: Intel firmware patch completed and activated
[   27.703759] [drm] Chained IB support enabled!
[   27.914840] uvcvideo: Found UVC 1.00 device HD WebCam (0408:a060)
[   27.923571] uvcvideo 1-1.4:1.0: Entity type for entity Extension 4 was not initialized!
[   27.923577] uvcvideo 1-1.4:1.0: Entity type for entity Processing 2 was not initialized!
[   27.923580] uvcvideo 1-1.4:1.0: Entity type for entity Camera 1 was not initialized!
[   27.923740] input: HD WebCam: HD WebCam as /devices/pci0000:00/0000:00:12.0/usb1/1-1/1-1.4/1-1.4:1.0/input/input16
[   27.924474] usbcore: registered new interface driver uvcvideo
[   27.924477] USB Video Class driver (1.1.1)
[   28.245242] [drm] Found UVD firmware Version: 1.130 Family ID: 16
[   28.349239] EXT4-fs (sda2): mounted filesystem with ordered data mode. Opts: (null)
[   28.360142] [drm] Found VCE firmware Version: 53.26 Binary ID: 3
[   28.424602] amdgpu: [powerplay] Voltage value looks like a Leakage ID but it's not patched 
[   28.424681] amdgpu: [powerplay] Voltage value looks like a Leakage ID but it's not patched 
[   28.424742] amdgpu: [powerplay] Voltage value looks like a Leakage ID but it's not patched 
[   28.424802] amdgpu: [powerplay] Voltage value looks like a Leakage ID but it's not patched 
[   28.424861] amdgpu: [powerplay] Voltage value looks like a Leakage ID but it's not patched 
[   28.424921] amdgpu: [powerplay] Voltage value looks like a Leakage ID but it's not patched 
[   28.424980] amdgpu: [powerplay] Voltage value looks like a Leakage ID but it's not patched 
[   28.445758] [drm] DM_PPLIB: values for Engine clock
[   28.445760] [drm] DM_PPLIB:	 214000
[   28.445761] [drm] DM_PPLIB:	 551000
[   28.445762] [drm] DM_PPLIB:	 734000
[   28.445762] [drm] DM_PPLIB:	 921000
[   28.445763] [drm] DM_PPLIB:	 980000
[   28.445764] [drm] DM_PPLIB:	 1046000
[   28.445765] [drm] DM_PPLIB: Validation clocks:
[   28.445766] [drm] DM_PPLIB:    engine_max_clock: 104600
[   28.445767] [drm] DM_PPLIB:    memory_max_clock: 125000
[   28.445768] [drm] DM_PPLIB:    level           : 8
[   28.445771] [drm] DM_PPLIB: values for Memory clock
[   28.445772] [drm] DM_PPLIB:	 300000
[   28.445772] [drm] DM_PPLIB:	 625000
[   28.445773] [drm] DM_PPLIB:	 1250000
[   28.445774] [drm] DM_PPLIB: Validation clocks:
[   28.445775] [drm] DM_PPLIB:    engine_max_clock: 104600
[   28.445776] [drm] DM_PPLIB:    memory_max_clock: 125000
[   28.445777] [drm] DM_PPLIB:    level           : 8
[   28.446763] [drm] Display Core initialized with v3.2.26!
[   28.446861] [drm] Supports vblank timestamp caching Rev 2 (21.10.2013).
[   28.446862] [drm] Driver supports precise vblank timestamp query.
[   28.476188] [drm] UVD and UVD ENC initialized successfully.
[   28.577147] [drm] VCE initialized successfully.
[   28.582944] [drm] Initialized amdgpu 3.32.0 20150101 for 0000:03:00.0 on minor 1
[   30.508493] EXT4-fs (sda1): mounted filesystem with ordered data mode. Opts: (null)
[   31.150677] amdgpu: [powerplay] 
                failed to send message 154 ret is 0 
[   31.167713] Adding 4194292k swap on /home/swap.  Priority:-2 extents:9 across:6717428k FS
[   32.163490] amdgpu 0000:03:00.0: [drm:amdgpu_ib_ring_tests [amdgpu]] *ERROR* IB test failed on uvd (-110).
[   33.176821] amdgpu 0000:03:00.0: [drm:amdgpu_ib_ring_tests [amdgpu]] *ERROR* IB test failed on uvd_enc0 (-110).
[   34.190134] amdgpu 0000:03:00.0: [drm:amdgpu_ib_ring_tests [amdgpu]] *ERROR* IB test failed on uvd_enc1 (-110).
[   34.785406] amdgpu: [powerplay] 
                last message was failed ret is 0
[   35.301620] amdgpu: [powerplay] 
                failed to send message 15a ret is 0 
[   35.302267] [drm:amdgpu_device_ip_late_init_func_handler [amdgpu]] *ERROR* ib ring test failed (-110).
[   36.829410] amdgpu: [powerplay] 
                last message was failed ret is 0
[   37.355383] amdgpu: [powerplay] 
                failed to send message 15b ret is 0 
[   41.329204] amdgpu: [powerplay] 
                last message was failed ret is 0
[   41.850308] amdgpu: [powerplay] 
                failed to send message 281 ret is 0 
[   42.910479] amdgpu: [powerplay] 
                last message was failed ret is 0
[   43.440936] amdgpu: [powerplay] 
                failed to send message 261 ret is 0 
[   44.503567] amdgpu: [powerplay] 
                last message was failed ret is 0
[   45.033742] amdgpu: [powerplay] 
                failed to send message 261 ret is 0 
[   46.077212] amdgpu: [powerplay] 
                last message was failed ret is 0
[   46.607466] amdgpu: [powerplay] 
                failed to send message 261 ret is 0 
[   47.666997] amdgpu: [powerplay] 
                last message was failed ret is 0
[   48.197606] amdgpu: [powerplay] 
                failed to send message 261 ret is 0 
[   49.261701] amdgpu: [powerplay] 
                last message was failed ret is 0
[   49.793205] amdgpu: [powerplay] 
                failed to send message 261 ret is 0 
[   50.084136] Bluetooth: BNEP (Ethernet Emulation) ver 1.3
[   50.084139] Bluetooth: BNEP filters: protocol multicast
[   50.084145] Bluetooth: BNEP socket layer initialized
[   50.933141] amdgpu: [powerplay] 
                last message was failed ret is 0
[   51.439829] amdgpu: [powerplay] 
                failed to send message 261 ret is 0 
[   52.465169] amdgpu: [powerplay] 
                last message was failed ret is 0
[   52.604741] Bluetooth: HIDP (Human Interface Emulation) ver 1.2
[   52.604749] Bluetooth: HIDP socket layer initialized
[   52.971701] amdgpu: [powerplay] 
                failed to send message 261 ret is 0 
[   53.983137] amdgpu: [powerplay] 
                last message was failed ret is 0
[   54.488751] amdgpu: [powerplay] 
                failed to send message 261 ret is 0 
[   55.546512] amdgpu: [powerplay] 
                last message was failed ret is 0
[   56.083170] amdgpu: [powerplay] 
                failed to send message 261 ret is 0 
[   57.153175] amdgpu: [powerplay] 
                last message was failed ret is 0
[   57.686566] amdgpu: [powerplay] 
                failed to send message 261 ret is 0 
[   58.762143] amdgpu: [powerplay] 
                last message was failed ret is 0
[   59.302759] amdgpu: [powerplay] 
                failed to send message 261 ret is 0 
[   60.334274] amdgpu: [powerplay] 
                last message was failed ret is 0
[   60.869753] amdgpu: [powerplay] 
                failed to send message 261 ret is 0 
[   61.939838] amdgpu: [powerplay] 
                last message was failed ret is 0
[   62.475507] amdgpu: [powerplay] 
                failed to send message 261 ret is 0 
[   63.544907] amdgpu: [powerplay] 
                last message was failed ret is 0
[   64.081116] amdgpu: [powerplay] 
                failed to send message 261 ret is 0 
[   65.151619] amdgpu: [powerplay] 
                last message was failed ret is 0
[   65.685708] amdgpu: [powerplay] 
                failed to send message 261 ret is 0 
[   66.752455] amdgpu: [powerplay] 
                last message was failed ret is 0
[   67.285742] amdgpu: [powerplay] 
                failed to send message 261 ret is 0 
[   68.358685] amdgpu: [powerplay] 
                last message was failed ret is 0
[   68.894261] amdgpu: [powerplay] 
                failed to send message 261 ret is 0 
[   69.438646] amdgpu: [powerplay] 
                last message was failed ret is 0
[   69.974628] amdgpu: [powerplay] 
                failed to send message 155 ret is 0 
[   70.887607] amdgpu: [powerplay] 
                last message was failed ret is 0
[   71.423177] amdgpu: [powerplay] 
                failed to send message 133 ret is 0 
[   72.499797] amdgpu: [powerplay] 
                last message was failed ret is 0
[   73.036936] amdgpu: [powerplay] 
                failed to send message 306 ret is 0 
[   73.574346] amdgpu: [powerplay] 
                last message was failed ret is 0
[   74.108382] amdgpu: [powerplay] 
                failed to send message 5e ret is 0 
[   75.176981] amdgpu: [powerplay] 
                last message was failed ret is 0
[   75.712011] amdgpu: [powerplay] 
                failed to send message 145 ret is 0 
[   76.780462] amdgpu: [powerplay] 
                last message was failed ret is 0
[   77.317486] amdgpu: [powerplay] 
                failed to send message 146 ret is 0 
[   77.852402] amdgpu: [powerplay] 
                last message was failed ret is 0
[   78.387358] amdgpu: [powerplay] 
                failed to send message 148 ret is 0 
[   79.458792] amdgpu: [powerplay] 
                last message was failed ret is 0
[   79.994749] amdgpu: [powerplay] 
                failed to send message 145 ret is 0 
[   81.051166] amdgpu: [powerplay] 
                last message was failed ret is 0
[   81.567235] amdgpu: [powerplay] 
                failed to send message 146 ret is 0 
[   82.103102] amdgpu: [powerplay] 
                last message was failed ret is 0
[   82.634931] amdgpu: [powerplay] 
                failed to send message 16a ret is 0 
[   83.172469] amdgpu: [powerplay] 
                last message was failed ret is 0
[   83.706756] amdgpu: [powerplay] 
                failed to send message 186 ret is 0 
[   84.241036] amdgpu: [powerplay] 
                last message was failed ret is 0
[   84.774284] amdgpu: [powerplay] 
                failed to send message 54 ret is 0 
[   85.309873] amdgpu: [powerplay] 
                last message was failed ret is 0
[   85.844212] amdgpu: [powerplay] 
                failed to send message 26b ret is 0 
[   86.378709] amdgpu: [powerplay] 
                last message was failed ret is 0
[   86.911942] amdgpu: [powerplay] 
                failed to send message 13d ret is 0 
[   87.446089] amdgpu: [powerplay] 
                last message was failed ret is 0
[   87.980464] amdgpu: [powerplay] 
                failed to send message 14f ret is 0 
[   88.513419] amdgpu: [powerplay] 
                last message was failed ret is 0
[   89.050352] amdgpu: [powerplay] 
                failed to send message 151 ret is 0 
[   89.588061] amdgpu: [powerplay] 
                last message was failed ret is 0
[   90.122296] amdgpu: [powerplay] 
                failed to send message 135 ret is 0 
[   90.658375] amdgpu: [powerplay] 
                last message was failed ret is 0
[   91.193430] amdgpu: [powerplay] 
                failed to send message 190 ret is 0 
[   91.728972] amdgpu: [powerplay] 
                last message was failed ret is 0
[   92.260178] amdgpu: [powerplay] 
                failed to send message 63 ret is 0 
[   92.793495] amdgpu: [powerplay] 
                last message was failed ret is 0
[   93.327244] amdgpu: [powerplay] 
                failed to send message 84 ret is 0 
[   93.398000] amdgpu 0000:03:00.0: GPU pci config reset
[   93.947514] amdgpu 0000:03:00.0: 16.000 Gb/s available PCIe bandwidth, limited by 2.5 GT/s x8 link at 0000:00:03.1 (capable of 63.008 Gb/s with 8 GT/s x8 link)
[   94.012299] [drm] PCIE GART of 256M enabled (table at 0x000000F400000000).
[   94.631610] amdgpu: [powerplay] 
                failed to send message 154 ret is 0 
[   94.911597] amdgpu 0000:03:00.0: [drm:amdgpu_ring_test_helper [amdgpu]] *ERROR* ring uvd_enc0 test failed (-110)
[   94.912345] [drm:amdgpu_device_ip_resume_phase2 [amdgpu]] *ERROR* resume of IP block <uvd_v6_0> failed -110
[   94.913076] [drm:amdgpu_device_resume [amdgpu]] *ERROR* amdgpu_device_ip_resume failed (-110).
[   96.174864] amdgpu: [powerplay] 
                last message was failed ret is 0
[   96.708402] amdgpu: [powerplay] 
                failed to send message 155 ret is 0 
[  101.373435] amdgpu: [powerplay] 
                last message was failed ret is 0
[  101.898792] amdgpu: [powerplay] 
                failed to send message 281 ret is 0 
[  102.966135] amdgpu: [powerplay] 
                last message was failed ret is 0
[  103.501227] amdgpu: [powerplay] 
                failed to send message 261 ret is 0 
[  104.564023] amdgpu: [powerplay] 
                last message was failed ret is 0
[  105.101559] amdgpu: [powerplay] 
                failed to send message 261 ret is 0 
[  106.173657] amdgpu: [powerplay] 
                last message was failed ret is 0
[  106.708276] amdgpu: [powerplay] 
                failed to send message 261 ret is 0 
[  107.774396] amdgpu: [powerplay] 
                last message was failed ret is 0
[  108.311875] amdgpu: [powerplay] 
                failed to send message 261 ret is 0 
[  109.380995] amdgpu: [powerplay] 
                last message was failed ret is 0
[  109.921360] amdgpu: [powerplay] 
                failed to send message 261 ret is 0 
[  110.991702] amdgpu: [powerplay] 
                last message was failed ret is 0
[  111.533041] amdgpu: [powerplay] 
                failed to send message 261 ret is 0 
[  112.607271] amdgpu: [powerplay] 
                last message was failed ret is 0
[  113.142343] amdgpu: [powerplay] 
                failed to send message 261 ret is 0 
[  114.215811] amdgpu: [powerplay] 
                last message was failed ret is 0
[  114.751687] amdgpu: [powerplay] 
                failed to send message 261 ret is 0 
[  115.825436] amdgpu: [powerplay] 
                last message was failed ret is 0
[  116.361658] amdgpu: [powerplay] 
                failed to send message 261 ret is 0 
[  117.433363] amdgpu: [powerplay] 
                last message was failed ret is 0
[  117.970346] amdgpu: [powerplay] 
                failed to send message 261 ret is 0 
[  119.044978] amdgpu: [powerplay] 
                last message was failed ret is 0
[  119.580753] amdgpu: [powerplay] 
                failed to send message 261 ret is 0 
[  120.617744] amdgpu: [powerplay] 
                last message was failed ret is 0
[  121.155180] amdgpu: [powerplay] 
                failed to send message 261 ret is 0 
[  122.189340] amdgpu: [powerplay] 
                last message was failed ret is 0
[  122.723258] amdgpu: [powerplay] 
                failed to send message 261 ret is 0 
[  123.782501] amdgpu: [powerplay] 
                last message was failed ret is 0
[  124.317889] amdgpu: [powerplay] 
                failed to send message 261 ret is 0 
[  124.892250] fuse init (API version 7.29)
[  125.390923] amdgpu: [powerplay] 
                last message was failed ret is 0
[  125.928087] amdgpu: [powerplay] 
                failed to send message 261 ret is 0 
[  126.994817] amdgpu: [powerplay] 
                last message was failed ret is 0
[  127.529306] amdgpu: [powerplay] 
                failed to send message 261 ret is 0 
[  128.599902] amdgpu: [powerplay] 
                last message was failed ret is 0
[  129.136500] amdgpu: [powerplay] 
                failed to send message 261 ret is 0 
[  130.049873] amdgpu: [powerplay] 
                last message was failed ret is 0
[  130.605039] amdgpu: [powerplay] 
                failed to send message 133 ret is 0 
[  131.677751] amdgpu: [powerplay] 
                last message was failed ret is 0
[  132.207916] amdgpu: [powerplay] 
                failed to send message 306 ret is 0 
[  132.732396] amdgpu: [powerplay] 
                last message was failed ret is 0
[  133.269073] amdgpu: [powerplay] 
                failed to send message 5e ret is 0 
[  134.333214] amdgpu: [powerplay] 
                last message was failed ret is 0
[  134.868620] amdgpu: [powerplay] 
                failed to send message 145 ret is 0 
[  135.935840] amdgpu: [powerplay] 
                last message was failed ret is 0
[  136.472722] amdgpu: [powerplay] 
                failed to send message 146 ret is 0 
[  137.009512] amdgpu: [powerplay] 
                last message was failed ret is 0
[  137.543863] amdgpu: [powerplay] 
                failed to send message 148 ret is 0 
[  138.618382] amdgpu: [powerplay] 
                last message was failed ret is 0
[  139.153468] amdgpu: [powerplay] 
                failed to send message 145 ret is 0 
[  140.182391] amdgpu: [powerplay] 
                last message was failed ret is 0
[  140.695722] amdgpu: [powerplay] 
                failed to send message 146 ret is 0 
[  141.222995] amdgpu: [powerplay] 
                last message was failed ret is 0
[  141.750147] amdgpu: [powerplay] 
                failed to send message 16a ret is 0 
[  142.285161] amdgpu: [powerplay] 
                last message was failed ret is 0
[  142.822539] amdgpu: [powerplay] 
                failed to send message 186 ret is 0 
[  143.360851] amdgpu: [powerplay] 
                last message was failed ret is 0
[  143.897212] amdgpu: [powerplay] 
                failed to send message 54 ret is 0 
[  144.431310] amdgpu: [powerplay] 
                last message was failed ret is 0
[  144.961055] amdgpu: [powerplay] 
                failed to send message 26b ret is 0 
[  145.497850] amdgpu: [powerplay] 
                last message was failed ret is 0
[  146.032834] amdgpu: [powerplay] 
                failed to send message 13d ret is 0 
[  146.549556] amdgpu: [powerplay] 
                last message was failed ret is 0
[  147.072074] amdgpu: [powerplay] 
                failed to send message 14f ret is 0 
[  147.609722] amdgpu: [powerplay] 
                last message was failed ret is 0
[  148.147165] amdgpu: [powerplay] 
                failed to send message 151 ret is 0 
[  148.686015] amdgpu: [powerplay] 
                last message was failed ret is 0
[  149.224169] amdgpu: [powerplay] 
                failed to send message 135 ret is 0 
[  149.757982] amdgpu: [powerplay] 
                last message was failed ret is 0
[  150.302163] amdgpu: [powerplay] 
                failed to send message 190 ret is 0 
[  150.840777] amdgpu: [powerplay] 
                last message was failed ret is 0
[  151.378613] amdgpu: [powerplay] 
                failed to send message 63 ret is 0 
[  151.917017] amdgpu: [powerplay] 
                last message was failed ret is 0
[  152.456373] amdgpu: [powerplay] 
                failed to send message 84 ret is 0 
[  152.526319] amdgpu 0000:03:00.0: GPU pci config reset
[  154.499947] ata1: SATA link up 6.0 Gbps (SStatus 133 SControl 300)
[  154.511700] ata1.00: configured for UDMA/133
[  637.611411] amdgpu 0000:03:00.0: 16.000 Gb/s available PCIe bandwidth, limited by 2.5 GT/s x8 link at 0000:00:03.1 (capable of 63.008 Gb/s with 8 GT/s x8 link)
[  637.671723] [drm] PCIE GART of 256M enabled (table at 0x000000F400000000).
[  638.318110] amdgpu: [powerplay] 
                failed to send message 154 ret is 0 
[  638.602425] amdgpu 0000:03:00.0: [drm:amdgpu_ring_test_helper [amdgpu]] *ERROR* ring uvd_enc0 test failed (-110)
[  638.602516] [drm:amdgpu_device_ip_resume_phase2 [amdgpu]] *ERROR* resume of IP block <uvd_v6_0> failed -110
[  638.602575] [drm:amdgpu_device_resume [amdgpu]] *ERROR* amdgpu_device_ip_resume failed (-110).
[  639.123170] [drm] Fence fallback timer expired on ring sdma0
[  639.256435] [drm] Fence fallback timer expired on ring sdma1
[  639.629767] [drm] Fence fallback timer expired on ring sdma0
[  639.870184] amdgpu: [powerplay] 
                last message was failed ret is 0
[  640.136370] [drm] Fence fallback timer expired on ring sdma0
[  640.418165] amdgpu: [powerplay] 
                failed to send message 155 ret is 0 
[  640.753055] [drm] Fence fallback timer expired on ring sdma0
[  641.256539] [drm] Fence fallback timer expired on ring sdma0
[  641.763082] [drm] Fence fallback timer expired on ring sdma0
[  642.269721] [drm] Fence fallback timer expired on ring sdma0
[  642.776490] [drm] Fence fallback timer expired on ring sdma0
[  643.283132] [drm] Fence fallback timer expired on ring sdma0
[  643.789667] [drm] Fence fallback timer expired on ring sdma0
[  644.296301] [drm] Fence fallback timer expired on ring sdma0
[  644.803189] [drm] Fence fallback timer expired on ring sdma0
[  645.309689] [drm] Fence fallback timer expired on ring sdma0
[  645.816507] [drm] Fence fallback timer expired on ring sdma0
[  646.326463] [drm] Fence fallback timer expired on ring sdma0
[  646.829735] [drm] Fence fallback timer expired on ring sdma0
[  647.339685] [drm] Fence fallback timer expired on ring sdma0
[  647.843193] [drm] Fence fallback timer expired on ring sdma0
[  648.349870] [drm] Fence fallback timer expired on ring sdma0
[  648.856346] [drm] Fence fallback timer expired on ring sdma0
[  649.363181] [drm] Fence fallback timer expired on ring sdma0
[  649.869859] [drm] Fence fallback timer expired on ring sdma0
[  650.379683] [drm] Fence fallback timer expired on ring sdma0
[  650.883009] [drm] Fence fallback timer expired on ring sdma0
[  651.389716] [drm] Fence fallback timer expired on ring sdma0
[  651.896450] [drm] Fence fallback timer expired on ring sdma0
[  652.403160] [drm] Fence fallback timer expired on ring gfx
[  652.403184] [drm] Fence fallback timer expired on ring sdma0
[  652.909796] [drm] Fence fallback timer expired on ring sdma0
[  653.416437] [drm] Fence fallback timer expired on ring sdma0
[  653.416511] [drm] Fence fallback timer expired on ring gfx
[  653.923111] [drm] Fence fallback timer expired on ring sdma0
[  654.429842] [drm] Fence fallback timer expired on ring gfx
[  654.936486] [drm] Fence fallback timer expired on ring gfx
[  655.443111] [drm] Fence fallback timer expired on ring sdma0
[  655.949777] [drm] Fence fallback timer expired on ring sdma0
[  656.456478] [drm] Fence fallback timer expired on ring sdma0
[  656.963158] [drm] Fence fallback timer expired on ring sdma0
[  656.966546] [drm] Fence fallback timer expired on ring gfx
[  657.469801] [drm] Fence fallback timer expired on ring gfx
[  657.976386] [drm] Fence fallback timer expired on ring gfx
[  658.483173] [drm] Fence fallback timer expired on ring gfx
[  658.989857] [drm] Fence fallback timer expired on ring gfx
[  659.496520] [drm] Fence fallback timer expired on ring gfx
[  660.003176] [drm] Fence fallback timer expired on ring gfx
[  660.509840] [drm] Fence fallback timer expired on ring gfx
[  661.016478] [drm] Fence fallback timer expired on ring gfx
[  661.523176] [drm] Fence fallback timer expired on ring gfx
[  662.029852] [drm] Fence fallback timer expired on ring gfx
[  662.536467] [drm] Fence fallback timer expired on ring gfx
[  663.043181] [drm] Fence fallback timer expired on ring gfx
[  663.549833] [drm] Fence fallback timer expired on ring gfx
[  664.056498] [drm] Fence fallback timer expired on ring gfx
[  664.563173] [drm] Fence fallback timer expired on ring gfx
[  665.069832] [drm] Fence fallback timer expired on ring gfx
[  665.576447] [drm] Fence fallback timer expired on ring gfx
[  666.082994] [drm] Fence fallback timer expired on ring gfx
[  666.589700] [drm] Fence fallback timer expired on ring gfx
[  667.096462] [drm] Fence fallback timer expired on ring gfx
[  667.603151] [drm] Fence fallback timer expired on ring gfx
[  668.109791] [drm] Fence fallback timer expired on ring gfx
[  668.616452] [drm] Fence fallback timer expired on ring gfx
[  669.123128] [drm] Fence fallback timer expired on ring gfx
[  669.629838] [drm] Fence fallback timer expired on ring gfx
[  670.136516] [drm] Fence fallback timer expired on ring gfx
[  670.643117] [drm] Fence fallback timer expired on ring gfx
[  671.149783] [drm] Fence fallback timer expired on ring gfx
[  671.656516] [drm] Fence fallback timer expired on ring gfx
[  672.163102] [drm] Fence fallback timer expired on ring gfx
[  672.669832] [drm] Fence fallback timer expired on ring gfx
[  673.176485] [drm] Fence fallback timer expired on ring gfx
[  673.683108] [drm] Fence fallback timer expired on ring gfx
[  674.189859] [drm] Fence fallback timer expired on ring gfx
[  674.696517] [drm] Fence fallback timer expired on ring gfx
[  675.203126] [drm] Fence fallback timer expired on ring gfx
[  675.709783] [drm] Fence fallback timer expired on ring gfx
[  676.216491] [drm] Fence fallback timer expired on ring gfx
[  676.723160] [drm] Fence fallback timer expired on ring sdma0
[  677.229772] [drm] Fence fallback timer expired on ring sdma0
[  677.736414] [drm] Fence fallback timer expired on ring sdma0
[  678.243089] [drm] Fence fallback timer expired on ring sdma0
[  678.753052] [drm] Fence fallback timer expired on ring sdma0
[  679.256415] [drm] Fence fallback timer expired on ring sdma0
[  679.766369] [drm] Fence fallback timer expired on ring sdma0
[  680.269704] [drm] Fence fallback timer expired on ring sdma0
[  680.776441] [drm] Fence fallback timer expired on ring sdma0
[  681.286408] [drm] Fence fallback timer expired on ring sdma0
[  681.789679] [drm] Fence fallback timer expired on ring sdma0
[  682.296366] [drm] Fence fallback timer expired on ring sdma0
[  682.803106] [drm] Fence fallback timer expired on ring sdma0
[  683.309812] [drm] Fence fallback timer expired on ring sdma0
[  683.816512] [drm] Fence fallback timer expired on ring sdma0
[  684.323010] [drm] Fence fallback timer expired on ring sdma0
[  684.829674] [drm] Fence fallback timer expired on ring sdma0
[  685.336494] [drm] Fence fallback timer expired on ring sdma0
[  685.843128] [drm] Fence fallback timer expired on ring sdma0
[  686.349844] [drm] Fence fallback timer expired on ring sdma0
[  692.620092] amdgpu: [powerplay] 
                last message was failed ret is 0
[  693.164868] amdgpu: [powerplay] 
                failed to send message 281 ret is 0 
[  694.255069] amdgpu: [powerplay] 
                last message was failed ret is 0
[  694.800161] amdgpu: [powerplay] 
                failed to send message 261 ret is 0 
[  695.888892] amdgpu: [powerplay] 
                last message was failed ret is 0
[  696.435400] amdgpu: [powerplay] 
                failed to send message 261 ret is 0 
[  697.524295] amdgpu: [powerplay] 
                last message was failed ret is 0
[  698.069431] amdgpu: [powerplay] 
                failed to send message 261 ret is 0 
[  699.160492] amdgpu: [powerplay] 
                last message was failed ret is 0
[  699.704385] amdgpu: [powerplay] 
                failed to send message 261 ret is 0 
[  700.794190] amdgpu: [powerplay] 
                last message was failed ret is 0
[  701.339230] amdgpu: [powerplay] 
                failed to send message 261 ret is 0 
[  702.429545] amdgpu: [powerplay] 
                last message was failed ret is 0
[  702.974596] amdgpu: [powerplay] 
                failed to send message 261 ret is 0 
[  704.063753] amdgpu: [powerplay] 
                last message was failed ret is 0
[  704.608948] amdgpu: [powerplay] 
                failed to send message 261 ret is 0 
[  705.696611] amdgpu: [powerplay] 
                last message was failed ret is 0
[  706.216177] amdgpu: [powerplay] 
                failed to send message 261 ret is 0 
[  707.306889] amdgpu: [powerplay] 
                last message was failed ret is 0
[  707.851621] amdgpu: [powerplay] 
                failed to send message 261 ret is 0 
[  708.920070] amdgpu: [powerplay] 
                last message was failed ret is 0
[  709.445137] amdgpu: [powerplay] 
                failed to send message 261 ret is 0 
[  710.510356] amdgpu: [powerplay] 
                last message was failed ret is 0
[  711.055085] amdgpu: [powerplay] 
                failed to send message 261 ret is 0 
[  712.144000] amdgpu: [powerplay] 
                last message was failed ret is 0
[  712.689780] amdgpu: [powerplay] 
                failed to send message 261 ret is 0 
[  713.780859] amdgpu: [powerplay] 
                last message was failed ret is 0
[  714.327027] amdgpu: [powerplay] 
                failed to send message 261 ret is 0 
[  715.419694] amdgpu: [powerplay] 
                last message was failed ret is 0
[  715.966104] amdgpu: [powerplay] 
                failed to send message 261 ret is 0 
[  717.055568] amdgpu: [powerplay] 
                last message was failed ret is 0
[  717.600127] amdgpu: [powerplay] 
                failed to send message 261 ret is 0 
[  718.688417] amdgpu: [powerplay] 
                last message was failed ret is 0
[  719.233034] amdgpu: [powerplay] 
                failed to send message 261 ret is 0 
[  720.322187] amdgpu: [powerplay] 
                last message was failed ret is 0
[  720.858203] amdgpu: [powerplay] 
                failed to send message 261 ret is 0 
[  721.786500] amdgpu: [powerplay] 
                last message was failed ret is 0
[  722.331322] amdgpu: [powerplay] 
                failed to send message 133 ret is 0 
[  723.423370] amdgpu: [powerplay] 
                last message was failed ret is 0
[  723.938735] amdgpu: [powerplay] 
                failed to send message 306 ret is 0 
[  724.483361] amdgpu: [powerplay] 
                last message was failed ret is 0
[  725.027892] amdgpu: [powerplay] 
                failed to send message 5e ret is 0 
[  726.118565] amdgpu: [powerplay] 
                last message was failed ret is 0
[  726.665065] amdgpu: [powerplay] 
                failed to send message 145 ret is 0 
[  727.712428] amdgpu: [powerplay] 
                last message was failed ret is 0
[  728.244867] amdgpu: [powerplay] 
                failed to send message 146 ret is 0 
[  728.789554] amdgpu: [powerplay] 
                last message was failed ret is 0
[  729.333768] amdgpu: [powerplay] 
                failed to send message 148 ret is 0 
[  730.422314] amdgpu: [powerplay] 
                last message was failed ret is 0
[  730.967402] amdgpu: [powerplay] 
                failed to send message 145 ret is 0 
[  732.059897] amdgpu: [powerplay] 
                last message was failed ret is 0
[  732.604992] amdgpu: [powerplay] 
                failed to send message 146 ret is 0 
[  733.149980] amdgpu: [powerplay] 
                last message was failed ret is 0
[  733.695000] amdgpu: [powerplay] 
                failed to send message 16a ret is 0 
[  734.240136] amdgpu: [powerplay] 
                last message was failed ret is 0
[  734.756621] amdgpu: [powerplay] 
                failed to send message 186 ret is 0 
[  735.302523] amdgpu: [powerplay] 
                last message was failed ret is 0
[  735.847906] amdgpu: [powerplay] 
                failed to send message 54 ret is 0 
[  736.393664] amdgpu: [powerplay] 
                last message was failed ret is 0
[  736.937769] amdgpu: [powerplay] 
                failed to send message 26b ret is 0 
[  737.482018] amdgpu: [powerplay] 
                last message was failed ret is 0
[  738.027168] amdgpu: [powerplay] 
                failed to send message 13d ret is 0 
[  738.574274] amdgpu: [powerplay] 
                last message was failed ret is 0
[  739.099637] amdgpu: [powerplay] 
                failed to send message 14f ret is 0 
[  739.636700] amdgpu: [powerplay] 
                last message was failed ret is 0
[  740.182481] amdgpu: [powerplay] 
                failed to send message 151 ret is 0 
[  740.728403] amdgpu: [powerplay] 
                last message was failed ret is 0
[  741.275205] amdgpu: [powerplay] 
                failed to send message 135 ret is 0 
[  741.821997] amdgpu: [powerplay] 
                last message was failed ret is 0
[  742.368605] amdgpu: [powerplay] 
                failed to send message 190 ret is 0 
[  742.914564] amdgpu: [powerplay] 
                last message was failed ret is 0
[  743.459872] amdgpu: [powerplay] 
                failed to send message 63 ret is 0 
[  744.006503] amdgpu: [powerplay] 
                last message was failed ret is 0
[  744.553592] amdgpu: [powerplay] 
                failed to send message 84 ret is 0 
[  744.622203] amdgpu 0000:03:00.0: GPU pci config reset
[ 1380.013557] amdgpu 0000:03:00.0: 16.000 Gb/s available PCIe bandwidth, limited by 2.5 GT/s x8 link at 0000:00:03.1 (capable of 63.008 Gb/s with 8 GT/s x8 link)
[ 1380.078493] [drm] PCIE GART of 256M enabled (table at 0x000000F400000000).
[ 1380.712307] amdgpu: [powerplay] 
                failed to send message 154 ret is 0 
[ 1380.993280] amdgpu 0000:03:00.0: [drm:amdgpu_ring_test_helper [amdgpu]] *ERROR* ring uvd_enc0 test failed (-110)
[ 1380.993349] [drm:amdgpu_device_ip_resume_phase2 [amdgpu]] *ERROR* resume of IP block <uvd_v6_0> failed -110
[ 1380.993409] [drm:amdgpu_device_resume [amdgpu]] *ERROR* amdgpu_device_ip_resume failed (-110).
[ 1381.496307] [drm] Fence fallback timer expired on ring sdma0
[ 1382.002826] [drm] Fence fallback timer expired on ring sdma0
[ 1382.269023] amdgpu: [powerplay] 
                last message was failed ret is 0
[ 1382.509449] [drm] Fence fallback timer expired on ring sdma0
[ 1382.803170] amdgpu: [powerplay] 
                failed to send message 155 ret is 0 
[ 1383.016268] [drm] Fence fallback timer expired on ring sdma0
[ 1383.522941] [drm] Fence fallback timer expired on ring sdma0
[ 1384.029613] [drm] Fence fallback timer expired on ring sdma0
[ 1384.536273] [drm] Fence fallback timer expired on ring sdma0
[ 1385.042942] [drm] Fence fallback timer expired on ring sdma0
[ 1385.549617] [drm] Fence fallback timer expired on ring sdma0
[ 1386.056313] [drm] Fence fallback timer expired on ring sdma0
[ 1386.562827] [drm] Fence fallback timer expired on ring sdma1
[ 1386.562828] [drm] Fence fallback timer expired on ring sdma0
[ 1387.069526] [drm] Fence fallback timer expired on ring sdma0
[ 1387.576358] [drm] Fence fallback timer expired on ring sdma0
[ 1388.082931] [drm] Fence fallback timer expired on ring sdma0
[ 1388.589662] [drm] Fence fallback timer expired on ring sdma0
[ 1388.592982] [drm] Fence fallback timer expired on ring sdma1
[ 1389.096269] [drm] Fence fallback timer expired on ring sdma0
[ 1389.602850] [drm] Fence fallback timer expired on ring sdma0
[ 1390.109662] [drm] Fence fallback timer expired on ring sdma0
[ 1390.616255] [drm] Fence fallback timer expired on ring sdma0
[ 1390.616263] [drm] Fence fallback timer expired on ring sdma1
[ 1391.122924] [drm] Fence fallback timer expired on ring sdma0
[ 1391.629595] [drm] Fence fallback timer expired on ring sdma0
[ 1392.136285] [drm] Fence fallback timer expired on ring sdma0
[ 1392.642944] [drm] Fence fallback timer expired on ring sdma0
[ 1393.152947] [drm] Fence fallback timer expired on ring sdma1
[ 1393.656295] [drm] Fence fallback timer expired on ring sdma0
[ 1394.162990] [drm] Fence fallback timer expired on ring sdma0
[ 1394.669599] [drm] Fence fallback timer expired on ring sdma0
[ 1395.176292] [drm] Fence fallback timer expired on ring sdma0
[ 1395.682931] [drm] Fence fallback timer expired on ring sdma0
[ 1395.682939] [drm] Fence fallback timer expired on ring gfx
[ 1396.189664] [drm] Fence fallback timer expired on ring sdma0
[ 1396.696261] [drm] Fence fallback timer expired on ring sdma0
[ 1397.202940] [drm] Fence fallback timer expired on ring sdma0
[ 1397.203017] [drm] Fence fallback timer expired on ring gfx
[ 1397.203020] [drm] Fence fallback timer expired on ring sdma1
[ 1397.709603] [drm] Fence fallback timer expired on ring sdma0
[ 1397.712943] [drm] Fence fallback timer expired on ring gfx
[ 1398.216265] [drm] Fence fallback timer expired on ring sdma0
[ 1398.242986] [drm] Fence fallback timer expired on ring sdma1
[ 1398.243010] [drm] Fence fallback timer expired on ring gfx
[ 1398.723058] [drm] Fence fallback timer expired on ring sdma0
[ 1398.749659] [drm] Fence fallback timer expired on ring sdma1
[ 1398.749695] [drm] Fence fallback timer expired on ring gfx
[ 1399.229599] [drm] Fence fallback timer expired on ring sdma0
[ 1399.736269] [drm] Fence fallback timer expired on ring sdma0
[ 1400.242963] [drm] Fence fallback timer expired on ring sdma0
[ 1400.749613] [drm] Fence fallback timer expired on ring sdma0
[ 1401.256154] [drm] Fence fallback timer expired on ring sdma0
[ 1401.762938] [drm] Fence fallback timer expired on ring sdma0
[ 1402.269622] [drm] Fence fallback timer expired on ring sdma0
[ 1402.776166] [drm] Fence fallback timer expired on ring sdma1
[ 1402.776256] [drm] Fence fallback timer expired on ring sdma0
[ 1402.776259] [drm] Fence fallback timer expired on ring gfx
[ 1403.282966] [drm] Fence fallback timer expired on ring sdma0
[ 1403.282982] [drm] Fence fallback timer expired on ring sdma1
[ 1403.283012] [drm] Fence fallback timer expired on ring gfx
[ 1403.789581] [drm] Fence fallback timer expired on ring sdma1
[ 1403.789667] [drm] Fence fallback timer expired on ring sdma0
[ 1403.789670] [drm] Fence fallback timer expired on ring gfx
[ 1404.296288] [drm] Fence fallback timer expired on ring sdma0
[ 1404.803000] [drm] Fence fallback timer expired on ring sdma0
[ 1405.309539] [drm] Fence fallback timer expired on ring sdma0
[ 1405.819610] [drm] Fence fallback timer expired on ring sdma0
[ 1406.322938] [drm] Fence fallback timer expired on ring sdma0
[ 1406.322944] [drm] Fence fallback timer expired on ring sdma1
[ 1406.323033] [drm] Fence fallback timer expired on ring gfx
[ 1406.829490] [drm] Fence fallback timer expired on ring sdma1
[ 1406.829508] [drm] Fence fallback timer expired on ring gfx
[ 1406.829597] [drm] Fence fallback timer expired on ring sdma0
[ 1407.336273] [drm] Fence fallback timer expired on ring sdma0
[ 1407.842944] [drm] Fence fallback timer expired on ring sdma0
[ 1408.349663] [drm] Fence fallback timer expired on ring sdma1
[ 1408.349667] [drm] Fence fallback timer expired on ring sdma0
[ 1408.859591] [drm] Fence fallback timer expired on ring sdma0
[ 1409.366265] [drm] Fence fallback timer expired on ring sdma0
[ 1409.869653] [drm] Fence fallback timer expired on ring sdma0
[ 1410.376266] [drm] Fence fallback timer expired on ring sdma0
[ 1410.882930] [drm] Fence fallback timer expired on ring sdma0
[ 1411.389605] [drm] Fence fallback timer expired on ring sdma0
[ 1411.896163] [drm] Fence fallback timer expired on ring sdma1
[ 1411.896219] [drm] Fence fallback timer expired on ring gfx
[ 1412.402975] [drm] Fence fallback timer expired on ring sdma0
