-- Logs begin at Sun 2018-08-12 19:02:11 EEST, end at Wed 2019-04-24 18:08:40 EEST. --
Nis 24 17:32:20 utku2 kernel: Linux version 5.1.0-rc5-drm-next-git-1f9a5dce3548+ (utku2@utku2) (gcc version 8.2.1 20181127 (GCC)) #1 SMP PREEMPT Wed Apr 24 14:46:39 EEST 2019
Nis 24 17:32:20 utku2 kernel: Command line: BOOT_IMAGE=/boot/vmlinuz-linux-drm-next-git root=UUID=e304eb4f-379d-4872-a185-c1b0dacf4666 rw quiet
Nis 24 17:32:20 utku2 kernel: [Firmware Info]: CPU: Re-enabling disabled Topology Extensions Support.
Nis 24 17:32:20 utku2 kernel: x86/fpu: Supporting XSAVE feature 0x001: 'x87 floating point registers'
Nis 24 17:32:20 utku2 kernel: x86/fpu: Supporting XSAVE feature 0x002: 'SSE registers'
Nis 24 17:32:20 utku2 kernel: x86/fpu: Supporting XSAVE feature 0x004: 'AVX registers'
Nis 24 17:32:20 utku2 kernel: x86/fpu: xstate_offset[2]:  576, xstate_sizes[2]:  256
Nis 24 17:32:20 utku2 kernel: x86/fpu: Enabled xstate features 0x7, context size is 832 bytes, using 'standard' format.
Nis 24 17:32:20 utku2 kernel: BIOS-provided physical RAM map:
Nis 24 17:32:20 utku2 kernel: BIOS-e820: [mem 0x0000000000000000-0x000000000009f7ff] usable
Nis 24 17:32:20 utku2 kernel: BIOS-e820: [mem 0x000000000009f800-0x000000000009ffff] reserved
Nis 24 17:32:20 utku2 kernel: BIOS-e820: [mem 0x00000000000e0000-0x00000000000fffff] reserved
Nis 24 17:32:20 utku2 kernel: BIOS-e820: [mem 0x0000000000100000-0x00000000b93b4fff] usable
Nis 24 17:32:20 utku2 kernel: BIOS-e820: [mem 0x00000000b93b5000-0x00000000b9db4fff] ACPI NVS
Nis 24 17:32:20 utku2 kernel: BIOS-e820: [mem 0x00000000b9db5000-0x00000000befbdfff] usable
Nis 24 17:32:20 utku2 kernel: BIOS-e820: [mem 0x00000000befbe000-0x00000000bf8bdfff] reserved
Nis 24 17:32:20 utku2 kernel: BIOS-e820: [mem 0x00000000bf8be000-0x00000000bfbbdfff] ACPI NVS
Nis 24 17:32:20 utku2 kernel: BIOS-e820: [mem 0x00000000bfbbe000-0x00000000bfbfefff] ACPI data
Nis 24 17:32:20 utku2 kernel: BIOS-e820: [mem 0x00000000bfbff000-0x00000000bfbfffff] usable
Nis 24 17:32:20 utku2 kernel: BIOS-e820: [mem 0x00000000bfc00000-0x00000000bfffffff] reserved
Nis 24 17:32:20 utku2 kernel: BIOS-e820: [mem 0x00000000d1000000-0x00000000d10fffff] reserved
Nis 24 17:32:20 utku2 kernel: BIOS-e820: [mem 0x00000000f8000000-0x00000000fbffffff] reserved
Nis 24 17:32:20 utku2 kernel: BIOS-e820: [mem 0x00000000fec00000-0x00000000fec00fff] reserved
Nis 24 17:32:20 utku2 kernel: BIOS-e820: [mem 0x00000000fec10000-0x00000000fec10fff] reserved
Nis 24 17:32:20 utku2 kernel: BIOS-e820: [mem 0x00000000fed80000-0x00000000fed80fff] reserved
Nis 24 17:32:20 utku2 kernel: BIOS-e820: [mem 0x00000000fee00000-0x00000000fee00fff] reserved
Nis 24 17:32:20 utku2 kernel: BIOS-e820: [mem 0x00000000ff800000-0x00000000ffffffff] reserved
Nis 24 17:32:20 utku2 kernel: BIOS-e820: [mem 0x0000000100000000-0x00000001feffffff] usable
Nis 24 17:32:20 utku2 kernel: BIOS-e820: [mem 0x00000001ff000000-0x000000023effffff] reserved
Nis 24 17:32:20 utku2 kernel: NX (Execute Disable) protection: active
Nis 24 17:32:20 utku2 kernel: SMBIOS 3.0 present.
Nis 24 17:32:20 utku2 kernel: DMI: Acer Aspire A515-41G/Wartortle_BS, BIOS V1.09 06/27/2018
Nis 24 17:32:20 utku2 kernel: tsc: Fast TSC calibration using PIT
Nis 24 17:32:20 utku2 kernel: tsc: Detected 2495.573 MHz processor
Nis 24 17:32:20 utku2 kernel: e820: update [mem 0x00000000-0x00000fff] usable ==> reserved
Nis 24 17:32:20 utku2 kernel: e820: remove [mem 0x000a0000-0x000fffff] usable
Nis 24 17:32:20 utku2 kernel: last_pfn = 0x1ff000 max_arch_pfn = 0x400000000
Nis 24 17:32:20 utku2 kernel: MTRR default type: uncachable
Nis 24 17:32:20 utku2 kernel: MTRR fixed ranges enabled:
Nis 24 17:32:20 utku2 kernel:   00000-9FFFF write-back
Nis 24 17:32:20 utku2 kernel:   A0000-BFFFF uncachable
Nis 24 17:32:20 utku2 kernel:   C0000-FFFFF write-through
Nis 24 17:32:20 utku2 kernel: MTRR variable ranges enabled:
Nis 24 17:32:20 utku2 kernel:   0 base 000000000000 mask FFFF80000000 write-back
Nis 24 17:32:20 utku2 kernel:   1 base 000080000000 mask FFFFC0000000 write-back
Nis 24 17:32:20 utku2 kernel:   2 base 0000FF800000 mask FFFFFF800000 write-protect
Nis 24 17:32:20 utku2 kernel:   3 disabled
Nis 24 17:32:20 utku2 kernel:   4 disabled
Nis 24 17:32:20 utku2 kernel:   5 disabled
Nis 24 17:32:20 utku2 kernel:   6 disabled
Nis 24 17:32:20 utku2 kernel:   7 disabled
Nis 24 17:32:20 utku2 kernel: TOM2: 000000023f000000 aka 9200M
Nis 24 17:32:20 utku2 kernel: x86/PAT: Configuration [0-7]: WB  WC  UC- UC  WB  WP  UC- WT  
Nis 24 17:32:20 utku2 kernel: last_pfn = 0xbfc00 max_arch_pfn = 0x400000000
Nis 24 17:32:20 utku2 kernel: check: Scanning 1 areas for low memory corruption
Nis 24 17:32:20 utku2 kernel: Using GB pages for direct mapping
Nis 24 17:32:20 utku2 kernel: BRK [0x23a01000, 0x23a01fff] PGTABLE
Nis 24 17:32:20 utku2 kernel: BRK [0x23a02000, 0x23a02fff] PGTABLE
Nis 24 17:32:20 utku2 kernel: BRK [0x23a03000, 0x23a03fff] PGTABLE
Nis 24 17:32:20 utku2 kernel: BRK [0x23a04000, 0x23a04fff] PGTABLE
Nis 24 17:32:20 utku2 kernel: BRK [0x23a05000, 0x23a05fff] PGTABLE
Nis 24 17:32:20 utku2 kernel: BRK [0x23a06000, 0x23a06fff] PGTABLE
Nis 24 17:32:20 utku2 kernel: BRK [0x23a07000, 0x23a07fff] PGTABLE
Nis 24 17:32:20 utku2 kernel: BRK [0x23a08000, 0x23a08fff] PGTABLE
Nis 24 17:32:20 utku2 kernel: RAMDISK: [mem 0x369ad000-0x374cdfff]
Nis 24 17:32:20 utku2 kernel: ACPI: Early table checksum verification disabled
Nis 24 17:32:20 utku2 kernel: ACPI: RSDP 0x00000000000FE020 000024 (v02 ACRSYS)
Nis 24 17:32:20 utku2 kernel: ACPI: XSDT 0x00000000BFBD2188 0000D4 (v01 ACRSYS ACRPRDCT 00000001      01000013)
Nis 24 17:32:20 utku2 kernel: ACPI: FACP 0x00000000BFBF9000 00010C (v05 ACRSYS ACRPRDCT 00000001 1025 00040000)
Nis 24 17:32:20 utku2 kernel: ACPI: DSDT 0x00000000BFBEB000 00800B (v01 ACRSYS ACRPRDCT 00040000 1025 00040000)
Nis 24 17:32:20 utku2 kernel: ACPI: FACS 0x00000000BFB85000 000040
Nis 24 17:32:20 utku2 kernel: ACPI: UEFI 0x00000000BFBFD000 000236 (v01 ACRSYS ACRPRDCT 00000001 1025 00040000)
Nis 24 17:32:20 utku2 kernel: ACPI: MSDM 0x00000000BFBFC000 000055 (v03 ACRSYS ACRPRDCT 00000001 1025 00040000)
Nis 24 17:32:20 utku2 kernel: ACPI: ASF! 0x00000000BFBFB000 0000A5 (v32 ACRSYS ACRPRDCT 00000001 1025 00040000)
Nis 24 17:32:20 utku2 kernel: ACPI: BOOT 0x00000000BFBFA000 000028 (v01 ACRSYS ACRPRDCT 00000001 1025 00040000)
Nis 24 17:32:20 utku2 kernel: ACPI: HPET 0x00000000BFBF8000 000038 (v01 ACRSYS ACRPRDCT 00000001 1025 00040000)
Nis 24 17:32:20 utku2 kernel: ACPI: APIC 0x00000000BFBF7000 000090 (v03 ACRSYS ACRPRDCT 00000001 1025 00040000)
Nis 24 17:32:20 utku2 kernel: ACPI: MCFG 0x00000000BFBF6000 00003C (v01 ACRSYS ACRPRDCT 00000001 1025 00040000)
Nis 24 17:32:20 utku2 kernel: ACPI: SPCR 0x00000000BFBF4000 000050 (v01 ACRSYS ACRPRDCT 00000001 1025 00040000)
Nis 24 17:32:20 utku2 kernel: ACPI: UEFI 0x00000000BFBEA000 000042 (v01 ACRSYS ACRPRDCT 00000000 1025 00040000)
Nis 24 17:32:20 utku2 kernel: ACPI: SSDT 0x00000000BFBE4000 0054D0 (v01 ACRSYS ACRPRDCT 00001000 1025 00040000)
Nis 24 17:32:20 utku2 kernel: ACPI: SSDT 0x00000000BFBF5000 0009F8 (v01 ACRSYS ACRPRDCT 00000001 1025 00040000)
Nis 24 17:32:20 utku2 kernel: ACPI: SSDT 0x00000000BFBDB000 00888F (v02 ACRSYS ACRPRDCT 00000002 1025 00040000)
Nis 24 17:32:20 utku2 kernel: ACPI: IVRS 0x00000000BFBDA000 0000D0 (v02 ACRSYS ACRPRDCT 00000001 1025 00040000)
Nis 24 17:32:20 utku2 kernel: ACPI: CRAT 0x00000000BFBD9000 000528 (v01 ACRSYS ACRPRDCT 00000001 1025 00040000)
Nis 24 17:32:20 utku2 kernel: ACPI: SSDT 0x00000000BFBD8000 000482 (v01 ACRSYS ACRPRDCT 00001000 1025 00040000)
Nis 24 17:32:20 utku2 kernel: ACPI: TPM2 0x00000000BFBD7000 000034 (v03 ACRSYS ACRPRDCT 00000002 1025 00040000)
Nis 24 17:32:20 utku2 kernel: ACPI: SSDT 0x00000000BFBD5000 0015EA (v01 ACRSYS ACRPRDCT 00000001 1025 00040000)
Nis 24 17:32:20 utku2 kernel: ACPI: SSDT 0x00000000BFBD4000 000B5E (v01 ACRSYS ACRPRDCT 00000001 1025 00040000)
Nis 24 17:32:20 utku2 kernel: ACPI: SSDT 0x00000000BFBD3000 000454 (v01 ACRSYS ACRPRDCT 00000001 1025 00040000)
Nis 24 17:32:20 utku2 kernel: ACPI: SSDT 0x00000000BFBD0000 00165E (v01 ACRSYS ACRPRDCT 00000001 1025 00040000)
Nis 24 17:32:20 utku2 kernel: ACPI: FPDT 0x00000000BFBCF000 000044 (v01 ACRSYS ACRPRDCT 00000002 1025 00040000)
Nis 24 17:32:20 utku2 kernel: ACPI: Local APIC address 0xfee00000
Nis 24 17:32:20 utku2 kernel: No NUMA configuration found
Nis 24 17:32:20 utku2 kernel: Faking a node at [mem 0x0000000000000000-0x00000001feffffff]
Nis 24 17:32:20 utku2 kernel: NODE_DATA(0) allocated [mem 0x1feffa000-0x1feffdfff]
Nis 24 17:32:20 utku2 kernel: Zone ranges:
Nis 24 17:32:20 utku2 kernel:   DMA      [mem 0x0000000000001000-0x0000000000ffffff]
Nis 24 17:32:20 utku2 kernel:   DMA32    [mem 0x0000000001000000-0x00000000ffffffff]
Nis 24 17:32:20 utku2 kernel:   Normal   [mem 0x0000000100000000-0x00000001feffffff]
Nis 24 17:32:20 utku2 kernel:   Device   empty
Nis 24 17:32:20 utku2 kernel: Movable zone start for each node
Nis 24 17:32:20 utku2 kernel: Early memory node ranges
Nis 24 17:32:20 utku2 kernel:   node   0: [mem 0x0000000000001000-0x000000000009efff]
Nis 24 17:32:20 utku2 kernel:   node   0: [mem 0x0000000000100000-0x00000000b93b4fff]
Nis 24 17:32:20 utku2 kernel:   node   0: [mem 0x00000000b9db5000-0x00000000befbdfff]
Nis 24 17:32:20 utku2 kernel:   node   0: [mem 0x00000000bfbff000-0x00000000bfbfffff]
Nis 24 17:32:20 utku2 kernel:   node   0: [mem 0x0000000100000000-0x00000001feffffff]
Nis 24 17:32:20 utku2 kernel: Zeroed struct page in unavailable ranges: 6819 pages
Nis 24 17:32:20 utku2 kernel: Initmem setup node 0 [mem 0x0000000000001000-0x00000001feffffff]
Nis 24 17:32:20 utku2 kernel: On node 0 totalpages: 1824093
Nis 24 17:32:20 utku2 kernel:   DMA zone: 64 pages used for memmap
Nis 24 17:32:20 utku2 kernel:   DMA zone: 21 pages reserved
Nis 24 17:32:20 utku2 kernel:   DMA zone: 3998 pages, LIFO batch:0
Nis 24 17:32:20 utku2 kernel:   DMA32 zone: 12119 pages used for memmap
Nis 24 17:32:20 utku2 kernel:   DMA32 zone: 775615 pages, LIFO batch:63
Nis 24 17:32:20 utku2 kernel:   Normal zone: 16320 pages used for memmap
Nis 24 17:32:20 utku2 kernel:   Normal zone: 1044480 pages, LIFO batch:63
Nis 24 17:32:20 utku2 kernel: ACPI: PM-Timer IO Port: 0x408
Nis 24 17:32:20 utku2 kernel: ACPI: Local APIC address 0xfee00000
Nis 24 17:32:20 utku2 kernel: ACPI: LAPIC_NMI (acpi_id[0x00] high edge lint[0x1])
Nis 24 17:32:20 utku2 kernel: ACPI: LAPIC_NMI (acpi_id[0x01] high edge lint[0x1])
Nis 24 17:32:20 utku2 kernel: ACPI: LAPIC_NMI (acpi_id[0x02] high edge lint[0x1])
Nis 24 17:32:20 utku2 kernel: ACPI: LAPIC_NMI (acpi_id[0x03] high edge lint[0x1])
Nis 24 17:32:20 utku2 kernel: IOAPIC[0]: apic_id 4, version 33, address 0xfec00000, GSI 0-23
Nis 24 17:32:20 utku2 kernel: IOAPIC[1]: apic_id 5, version 33, address 0xfec01000, GSI 24-55
Nis 24 17:32:20 utku2 kernel: ACPI: INT_SRC_OVR (bus 0 bus_irq 0 global_irq 2 dfl dfl)
Nis 24 17:32:20 utku2 kernel: ACPI: INT_SRC_OVR (bus 0 bus_irq 9 global_irq 9 low level)
Nis 24 17:32:20 utku2 kernel: ACPI: IRQ0 used by override.
Nis 24 17:32:20 utku2 kernel: ACPI: IRQ9 used by override.
Nis 24 17:32:20 utku2 kernel: Using ACPI (MADT) for SMP configuration information
Nis 24 17:32:20 utku2 kernel: ACPI: HPET id: 0x10228210 base: 0xfed00000
Nis 24 17:32:20 utku2 kernel: ACPI: SPCR: SPCR table version 1
Nis 24 17:32:20 utku2 kernel: ACPI: SPCR: console: uart,io,0x3f8,115200
Nis 24 17:32:20 utku2 kernel: smpboot: Allowing 4 CPUs, 0 hotplug CPUs
Nis 24 17:32:20 utku2 kernel: PM: Registered nosave memory: [mem 0x00000000-0x00000fff]
Nis 24 17:32:20 utku2 kernel: PM: Registered nosave memory: [mem 0x0009f000-0x0009ffff]
Nis 24 17:32:20 utku2 kernel: PM: Registered nosave memory: [mem 0x000a0000-0x000dffff]
Nis 24 17:32:20 utku2 kernel: PM: Registered nosave memory: [mem 0x000e0000-0x000fffff]
Nis 24 17:32:20 utku2 kernel: PM: Registered nosave memory: [mem 0xb93b5000-0xb9db4fff]
Nis 24 17:32:20 utku2 kernel: PM: Registered nosave memory: [mem 0xbefbe000-0xbf8bdfff]
Nis 24 17:32:20 utku2 kernel: PM: Registered nosave memory: [mem 0xbf8be000-0xbfbbdfff]
Nis 24 17:32:20 utku2 kernel: PM: Registered nosave memory: [mem 0xbfbbe000-0xbfbfefff]
Nis 24 17:32:20 utku2 kernel: PM: Registered nosave memory: [mem 0xbfc00000-0xbfffffff]
Nis 24 17:32:20 utku2 kernel: PM: Registered nosave memory: [mem 0xc0000000-0xd0ffffff]
Nis 24 17:32:20 utku2 kernel: PM: Registered nosave memory: [mem 0xd1000000-0xd10fffff]
Nis 24 17:32:20 utku2 kernel: PM: Registered nosave memory: [mem 0xd1100000-0xf7ffffff]
Nis 24 17:32:20 utku2 kernel: PM: Registered nosave memory: [mem 0xf8000000-0xfbffffff]
Nis 24 17:32:20 utku2 kernel: PM: Registered nosave memory: [mem 0xfc000000-0xfebfffff]
Nis 24 17:32:20 utku2 kernel: PM: Registered nosave memory: [mem 0xfec00000-0xfec00fff]
Nis 24 17:32:20 utku2 kernel: PM: Registered nosave memory: [mem 0xfec01000-0xfec0ffff]
Nis 24 17:32:20 utku2 kernel: PM: Registered nosave memory: [mem 0xfec10000-0xfec10fff]
Nis 24 17:32:20 utku2 kernel: PM: Registered nosave memory: [mem 0xfec11000-0xfed7ffff]
Nis 24 17:32:20 utku2 kernel: PM: Registered nosave memory: [mem 0xfed80000-0xfed80fff]
Nis 24 17:32:20 utku2 kernel: PM: Registered nosave memory: [mem 0xfed81000-0xfedfffff]
Nis 24 17:32:20 utku2 kernel: PM: Registered nosave memory: [mem 0xfee00000-0xfee00fff]
Nis 24 17:32:20 utku2 kernel: PM: Registered nosave memory: [mem 0xfee01000-0xff7fffff]
Nis 24 17:32:20 utku2 kernel: PM: Registered nosave memory: [mem 0xff800000-0xffffffff]
Nis 24 17:32:20 utku2 kernel: [mem 0xd1100000-0xf7ffffff] available for PCI devices
Nis 24 17:32:20 utku2 kernel: Booting paravirtualized kernel on bare hardware
Nis 24 17:32:20 utku2 kernel: clocksource: refined-jiffies: mask: 0xffffffff max_cycles: 0xffffffff, max_idle_ns: 6370452778343963 ns
Nis 24 17:32:20 utku2 kernel: random: get_random_bytes called from start_kernel+0x94/0x508 with crng_init=0
Nis 24 17:32:20 utku2 kernel: setup_percpu: NR_CPUS:128 nr_cpumask_bits:128 nr_cpu_ids:4 nr_node_ids:1
Nis 24 17:32:20 utku2 kernel: percpu: Embedded 43 pages/cpu @(____ptrval____) s139264 r8192 d28672 u524288
Nis 24 17:32:20 utku2 kernel: pcpu-alloc: s139264 r8192 d28672 u524288 alloc=1*2097152
Nis 24 17:32:20 utku2 kernel: pcpu-alloc: [0] 0 1 2 3 
Nis 24 17:32:20 utku2 kernel: Built 1 zonelists, mobility grouping on.  Total pages: 1795569
Nis 24 17:32:20 utku2 kernel: Policy zone: Normal
Nis 24 17:32:20 utku2 kernel: Kernel command line: BOOT_IMAGE=/boot/vmlinuz-linux-drm-next-git root=UUID=e304eb4f-379d-4872-a185-c1b0dacf4666 rw quiet
Nis 24 17:32:20 utku2 kernel: Calgary: detecting Calgary via BIOS EBDA area
Nis 24 17:32:20 utku2 kernel: Calgary: Unable to locate Rio Grande table in EBDA - bailing!
Nis 24 17:32:20 utku2 kernel: Memory: 7076796K/7296372K available (10243K kernel code, 1185K rwdata, 3060K rodata, 1520K init, 4416K bss, 219576K reserved, 0K cma-reserved)
Nis 24 17:32:20 utku2 kernel: SLUB: HWalign=64, Order=0-3, MinObjects=0, CPUs=4, Nodes=1
Nis 24 17:32:20 utku2 kernel: ftrace: allocating 32215 entries in 126 pages
Nis 24 17:32:20 utku2 kernel: rcu: Preemptible hierarchical RCU implementation.
Nis 24 17:32:20 utku2 kernel: rcu:         RCU restricting CPUs from NR_CPUS=128 to nr_cpu_ids=4.
Nis 24 17:32:20 utku2 kernel:         Tasks RCU enabled.
Nis 24 17:32:20 utku2 kernel: rcu: RCU calculated value of scheduler-enlistment delay is 30 jiffies.
Nis 24 17:32:20 utku2 kernel: rcu: Adjusting geometry for rcu_fanout_leaf=16, nr_cpu_ids=4
Nis 24 17:32:20 utku2 kernel: NR_IRQS: 8448, nr_irqs: 1000, preallocated irqs: 16
Nis 24 17:32:20 utku2 kernel: spurious 8259A interrupt: IRQ7.
Nis 24 17:32:20 utku2 kernel: Console: colour dummy device 80x25
Nis 24 17:32:20 utku2 kernel: printk: console [tty0] enabled
Nis 24 17:32:20 utku2 kernel: ACPI: Core revision 20190215
Nis 24 17:32:20 utku2 kernel: clocksource: hpet: mask: 0xffffffff max_cycles: 0xffffffff, max_idle_ns: 133484873504 ns
Nis 24 17:32:20 utku2 kernel: hpet clockevent registered
Nis 24 17:32:20 utku2 kernel: APIC: Switch to symmetric I/O mode setup
Nis 24 17:32:20 utku2 kernel: ..TIMER: vector=0x30 apic1=0 pin1=2 apic2=-1 pin2=-1
Nis 24 17:32:20 utku2 kernel: clocksource: tsc-early: mask: 0xffffffffffffffff max_cycles: 0x23f8e3add2a, max_idle_ns: 440795203453 ns
Nis 24 17:32:20 utku2 kernel: Calibrating delay loop (skipped), value calculated using timer frequency.. 4993.11 BogoMIPS (lpj=8318576)
Nis 24 17:32:20 utku2 kernel: pid_max: default: 32768 minimum: 301
Nis 24 17:32:20 utku2 kernel: LSM: Security Framework initializing
Nis 24 17:32:20 utku2 kernel: Yama: becoming mindful.
Nis 24 17:32:20 utku2 kernel: Dentry cache hash table entries: 1048576 (order: 11, 8388608 bytes)
Nis 24 17:32:20 utku2 kernel: Inode-cache hash table entries: 524288 (order: 10, 4194304 bytes)
Nis 24 17:32:20 utku2 kernel: Mount-cache hash table entries: 16384 (order: 5, 131072 bytes)
Nis 24 17:32:20 utku2 kernel: Mountpoint-cache hash table entries: 16384 (order: 5, 131072 bytes)
Nis 24 17:32:20 utku2 kernel: *** VALIDATE proc ***
Nis 24 17:32:20 utku2 kernel: *** VALIDATE cgroup1 ***
Nis 24 17:32:20 utku2 kernel: *** VALIDATE cgroup2 ***
Nis 24 17:32:20 utku2 kernel: mce: CPU supports 7 MCE banks
Nis 24 17:32:20 utku2 kernel: LVT offset 1 assigned for vector 0xf9
Nis 24 17:32:20 utku2 kernel: Last level iTLB entries: 4KB 512, 2MB 1024, 4MB 512
Nis 24 17:32:20 utku2 kernel: Last level dTLB entries: 4KB 1024, 2MB 1024, 4MB 512, 1GB 0
Nis 24 17:32:20 utku2 kernel: Spectre V2 : Mitigation: Full AMD retpoline
Nis 24 17:32:20 utku2 kernel: Spectre V2 : Spectre v2 / SpectreRSB mitigation: Filling RSB on context switch
Nis 24 17:32:20 utku2 kernel: Spectre V2 : mitigation: Enabling conditional Indirect Branch Prediction Barrier
Nis 24 17:32:20 utku2 kernel: Spectre V2 : User space: Vulnerable
Nis 24 17:32:20 utku2 kernel: Speculative Store Bypass: Mitigation: Speculative Store Bypass disabled via prctl and seccomp
Nis 24 17:32:20 utku2 kernel: Freeing SMP alternatives memory: 28K
Nis 24 17:32:20 utku2 kernel: smpboot: CPU0: AMD A10-9620P RADEON R5, 10 COMPUTE CORES 4C+6G (family: 0x15, model: 0x65, stepping: 0x1)
Nis 24 17:32:20 utku2 kernel: Performance Events: Fam15h core perfctr, AMD PMU driver.
Nis 24 17:32:20 utku2 kernel: ... version:                0
Nis 24 17:32:20 utku2 kernel: ... bit width:              48
Nis 24 17:32:20 utku2 kernel: ... generic registers:      6
Nis 24 17:32:20 utku2 kernel: ... value mask:             0000ffffffffffff
Nis 24 17:32:20 utku2 kernel: ... max period:             00007fffffffffff
Nis 24 17:32:20 utku2 kernel: ... fixed-purpose events:   0
Nis 24 17:32:20 utku2 kernel: ... event mask:             000000000000003f
Nis 24 17:32:20 utku2 kernel: rcu: Hierarchical SRCU implementation.
Nis 24 17:32:20 utku2 kernel: random: crng done (trusting CPU's manufacturer)
Nis 24 17:32:20 utku2 kernel: NMI watchdog: Enabled. Permanently consumes one hw-PMU counter.
Nis 24 17:32:20 utku2 kernel: smp: Bringing up secondary CPUs ...
Nis 24 17:32:20 utku2 kernel: x86: Booting SMP configuration:
Nis 24 17:32:20 utku2 kernel: .... node  #0, CPUs:      #1 #2 #3
Nis 24 17:32:20 utku2 kernel: smp: Brought up 1 node, 4 CPUs
Nis 24 17:32:20 utku2 kernel: smpboot: Max logical packages: 1
Nis 24 17:32:20 utku2 kernel: smpboot: Total of 4 processors activated (19972.44 BogoMIPS)
Nis 24 17:32:20 utku2 kernel: devtmpfs: initialized
Nis 24 17:32:20 utku2 kernel: x86/mm: Memory block size: 128MB
Nis 24 17:32:20 utku2 kernel: PM: Registering ACPI NVS region [mem 0xb93b5000-0xb9db4fff] (10485760 bytes)
Nis 24 17:32:20 utku2 kernel: PM: Registering ACPI NVS region [mem 0xbf8be000-0xbfbbdfff] (3145728 bytes)
Nis 24 17:32:20 utku2 kernel: clocksource: jiffies: mask: 0xffffffff max_cycles: 0xffffffff, max_idle_ns: 6370867519511994 ns
Nis 24 17:32:20 utku2 kernel: futex hash table entries: 1024 (order: 4, 65536 bytes)
Nis 24 17:32:20 utku2 kernel: pinctrl core: initialized pinctrl subsystem
Nis 24 17:32:20 utku2 kernel: regulator-dummy: no parameters
Nis 24 17:32:20 utku2 kernel: 
Nis 24 17:32:20 utku2 kernel: *************************************************************
Nis 24 17:32:20 utku2 kernel: **     NOTICE NOTICE NOTICE NOTICE NOTICE NOTICE NOTICE    **
Nis 24 17:32:20 utku2 kernel: **                                                         **
Nis 24 17:32:20 utku2 kernel: **  IOMMU DebugFS SUPPORT HAS BEEN ENABLED IN THIS KERNEL  **
Nis 24 17:32:20 utku2 kernel: **                                                         **
Nis 24 17:32:20 utku2 kernel: ** This means that this kernel is built to expose internal **
Nis 24 17:32:20 utku2 kernel: ** IOMMU data structures, which may compromise security on **
Nis 24 17:32:20 utku2 kernel: ** your system.                                            **
Nis 24 17:32:20 utku2 kernel: **                                                         **
Nis 24 17:32:20 utku2 kernel: ** If you see this message and you are not debugging the   **
Nis 24 17:32:20 utku2 kernel: ** kernel, report this immediately to your vendor!         **
Nis 24 17:32:20 utku2 kernel: **                                                         **
Nis 24 17:32:20 utku2 kernel: **     NOTICE NOTICE NOTICE NOTICE NOTICE NOTICE NOTICE    **
Nis 24 17:32:20 utku2 kernel: *************************************************************
Nis 24 17:32:20 utku2 kernel: PM: RTC time: 14:32:08, date: 2019-04-24
Nis 24 17:32:20 utku2 kernel: NET: Registered protocol family 16
Nis 24 17:32:20 utku2 kernel: cpuidle: using governor ladder
Nis 24 17:32:20 utku2 kernel: cpuidle: using governor menu
Nis 24 17:32:20 utku2 kernel: Simple Boot Flag at 0x44 set to 0x1
Nis 24 17:32:20 utku2 kernel: ACPI FADT declares the system doesn't support PCIe ASPM, so disable it
Nis 24 17:32:20 utku2 kernel: ACPI: bus type PCI registered
Nis 24 17:32:20 utku2 kernel: acpiphp: ACPI Hot Plug PCI Controller Driver version: 0.5
Nis 24 17:32:20 utku2 kernel: PCI: MMCONFIG for domain 0000 [bus 00-3f] at [mem 0xf8000000-0xfbffffff] (base 0xf8000000)
Nis 24 17:32:20 utku2 kernel: PCI: MMCONFIG at [mem 0xf8000000-0xfbffffff] reserved in E820
Nis 24 17:32:20 utku2 kernel: PCI: Using configuration type 1 for base access
Nis 24 17:32:20 utku2 kernel: mtrr: your CPUs had inconsistent variable MTRR settings
Nis 24 17:32:20 utku2 kernel: mtrr: probably your BIOS does not setup all CPUs.
Nis 24 17:32:20 utku2 kernel: mtrr: corrected configuration.
Nis 24 17:32:20 utku2 kernel: HugeTLB registered 1.00 GiB page size, pre-allocated 0 pages
Nis 24 17:32:20 utku2 kernel: HugeTLB registered 2.00 MiB page size, pre-allocated 0 pages
Nis 24 17:32:20 utku2 kernel: ACPI: Added _OSI(Module Device)
Nis 24 17:32:20 utku2 kernel: ACPI: Added _OSI(Processor Device)
Nis 24 17:32:20 utku2 kernel: ACPI: Added _OSI(3.0 _SCP Extensions)
Nis 24 17:32:20 utku2 kernel: ACPI: Added _OSI(Processor Aggregator Device)
Nis 24 17:32:20 utku2 kernel: ACPI: Added _OSI(Linux-Dell-Video)
Nis 24 17:32:20 utku2 kernel: ACPI: Added _OSI(Linux-Lenovo-NV-HDMI-Audio)
Nis 24 17:32:20 utku2 kernel: ACPI: Added _OSI(Linux-HPI-Hybrid-Graphics)
Nis 24 17:32:20 utku2 kernel: ACPI: 9 ACPI AML tables successfully acquired and loaded
Nis 24 17:32:20 utku2 kernel: ACPI: [Firmware Bug]: BIOS _OSI(Linux) query ignored
Nis 24 17:32:20 utku2 kernel: ACPI: EC: EC started
Nis 24 17:32:20 utku2 kernel: ACPI: EC: interrupt blocked
Nis 24 17:32:20 utku2 kernel: ACPI: \_SB_.PCI0.LPC0.EC0_: Used as first EC
Nis 24 17:32:20 utku2 kernel: ACPI: \_SB_.PCI0.LPC0.EC0_: GPE=0x3, EC_CMD/EC_SC=0x66, EC_DATA=0x62
Nis 24 17:32:20 utku2 kernel: ACPI: \_SB_.PCI0.LPC0.EC0_: Boot DSDT EC used to handle transactions
Nis 24 17:32:20 utku2 kernel: ACPI: Interpreter enabled
Nis 24 17:32:20 utku2 kernel: ACPI: (supports S0 S3 S4 S5)
Nis 24 17:32:20 utku2 kernel: ACPI: Using IOAPIC for interrupt routing
Nis 24 17:32:20 utku2 kernel: PCI: Using host bridge windows from ACPI; if necessary, use "pci=nocrs" and report a bug
Nis 24 17:32:20 utku2 kernel: ACPI: Enabled 4 GPEs in block 00 to 1F
Nis 24 17:32:20 utku2 kernel: ACPI: Power Resource [M237] (on)
Nis 24 17:32:20 utku2 kernel: ACPI: Power Resource [P0U2] (off)
Nis 24 17:32:20 utku2 kernel: ACPI: Power Resource [P3U2] (off)
Nis 24 17:32:20 utku2 kernel: ACPI: Power Resource [P0U3] (off)
Nis 24 17:32:20 utku2 kernel: ACPI: Power Resource [P3U3] (off)
Nis 24 17:32:20 utku2 kernel: ACPI: Power Resource [P0ST] (on)
Nis 24 17:32:20 utku2 kernel: ACPI: Power Resource [P3ST] (on)
Nis 24 17:32:20 utku2 kernel: ACPI: Power Resource [P0SD] (off)
Nis 24 17:32:20 utku2 kernel: ACPI: Power Resource [P3SD] (off)
Nis 24 17:32:20 utku2 kernel: ACPI: PCI Root Bridge [PCI0] (domain 0000 [bus 00-ff])
Nis 24 17:32:20 utku2 kernel: acpi PNP0A08:00: _OSC: OS supports [ExtendedConfig ASPM ClockPM Segments MSI]
Nis 24 17:32:20 utku2 kernel: acpi PNP0A08:00: _OSC: platform does not support [SHPCHotplug AER LTR]
Nis 24 17:32:20 utku2 kernel: acpi PNP0A08:00: _OSC: OS now controls [PCIeHotplug PME PCIeCapability]
Nis 24 17:32:20 utku2 kernel: acpi PNP0A08:00: FADT indicates ASPM is unsupported, using BIOS configuration
Nis 24 17:32:20 utku2 kernel: acpi PNP0A08:00: [Firmware Info]: MMCONFIG for domain 0000 [bus 00-3f] only partially covers this bridge
Nis 24 17:32:20 utku2 kernel: acpi PNP0A08:00: ignoring host bridge window [mem 0x000cc000-0x000cffff window] (conflicts with Video ROM [mem 0x000c0000-0x000cfbff])
Nis 24 17:32:20 utku2 kernel: PCI host bridge to bus 0000:00
Nis 24 17:32:20 utku2 kernel: pci_bus 0000:00: root bus resource [io  0x0000-0x0cf7 window]
Nis 24 17:32:20 utku2 kernel: pci_bus 0000:00: root bus resource [io  0x0d00-0xffff window]
Nis 24 17:32:20 utku2 kernel: pci_bus 0000:00: root bus resource [mem 0x000a0000-0x000bffff window]
Nis 24 17:32:20 utku2 kernel: pci_bus 0000:00: root bus resource [mem 0x000c0000-0x000c3fff window]
Nis 24 17:32:20 utku2 kernel: pci_bus 0000:00: root bus resource [mem 0x000c4000-0x000c7fff window]
Nis 24 17:32:20 utku2 kernel: pci_bus 0000:00: root bus resource [mem 0x000c8000-0x000cbfff window]
Nis 24 17:32:20 utku2 kernel: pci_bus 0000:00: root bus resource [mem 0x000d0000-0x000d3fff window]
Nis 24 17:32:20 utku2 kernel: pci_bus 0000:00: root bus resource [mem 0x000d4000-0x000d7fff window]
Nis 24 17:32:20 utku2 kernel: pci_bus 0000:00: root bus resource [mem 0x000d8000-0x000dbfff window]
Nis 24 17:32:20 utku2 kernel: pci_bus 0000:00: root bus resource [mem 0x000dc000-0x000dffff window]
Nis 24 17:32:20 utku2 kernel: pci_bus 0000:00: root bus resource [mem 0x000e0000-0x000e3fff window]
Nis 24 17:32:20 utku2 kernel: pci_bus 0000:00: root bus resource [mem 0x000e4000-0x000e7fff window]
Nis 24 17:32:20 utku2 kernel: pci_bus 0000:00: root bus resource [mem 0x000e8000-0x000ebfff window]
Nis 24 17:32:20 utku2 kernel: pci_bus 0000:00: root bus resource [mem 0x000ec000-0x000effff window]
Nis 24 17:32:20 utku2 kernel: pci_bus 0000:00: root bus resource [mem 0xc0000000-0xf7ffffff window]
Nis 24 17:32:20 utku2 kernel: pci_bus 0000:00: root bus resource [mem 0xfc000000-0xfed3ffff window]
Nis 24 17:32:20 utku2 kernel: pci_bus 0000:00: root bus resource [bus 00-ff]
Nis 24 17:32:20 utku2 kernel: pci 0000:00:00.0: [1022:1576] type 00 class 0x060000
Nis 24 17:32:20 utku2 kernel: pci 0000:00:00.2: [1022:1577] type 00 class 0x080600
Nis 24 17:32:20 utku2 kernel: pci 0000:00:01.0: [1002:9874] type 00 class 0x030000
Nis 24 17:32:20 utku2 kernel: pci 0000:00:01.0: reg 0x10: [mem 0xe0000000-0xefffffff 64bit pref]
Nis 24 17:32:20 utku2 kernel: pci 0000:00:01.0: reg 0x18: [mem 0xd0800000-0xd0ffffff 64bit pref]
Nis 24 17:32:20 utku2 kernel: pci 0000:00:01.0: reg 0x20: [io  0x4000-0x40ff]
Nis 24 17:32:20 utku2 kernel: pci 0000:00:01.0: reg 0x24: [mem 0xd1500000-0xd153ffff]
Nis 24 17:32:20 utku2 kernel: pci 0000:00:01.0: reg 0x30: [mem 0xfffe0000-0xffffffff pref]
Nis 24 17:32:20 utku2 kernel: pci 0000:00:01.0: enabling Extended Tags
Nis 24 17:32:20 utku2 kernel: pci 0000:00:01.0: supports D1 D2
Nis 24 17:32:20 utku2 kernel: pci 0000:00:01.0: PME# supported from D1 D2 D3hot
Nis 24 17:32:20 utku2 kernel: pci 0000:00:01.1: [1002:9840] type 00 class 0x040300
Nis 24 17:32:20 utku2 kernel: pci 0000:00:01.1: reg 0x10: [mem 0xd1560000-0xd1563fff 64bit]
Nis 24 17:32:20 utku2 kernel: pci 0000:00:01.1: enabling Extended Tags
Nis 24 17:32:20 utku2 kernel: pci 0000:00:01.1: supports D1 D2
Nis 24 17:32:20 utku2 kernel: pci 0000:00:02.0: [1022:157b] type 00 class 0x060000
Nis 24 17:32:20 utku2 kernel: pci 0000:00:02.2: [1022:157c] type 01 class 0x060400
Nis 24 17:32:20 utku2 kernel: pci 0000:00:02.2: enabling Extended Tags
Nis 24 17:32:20 utku2 kernel: pci 0000:00:02.2: PME# supported from D0 D3hot D3cold
Nis 24 17:32:20 utku2 kernel: pci 0000:00:02.3: [1022:157c] type 01 class 0x060400
Nis 24 17:32:20 utku2 kernel: pci 0000:00:02.3: enabling Extended Tags
Nis 24 17:32:20 utku2 kernel: pci 0000:00:02.3: PME# supported from D0 D3hot D3cold
Nis 24 17:32:20 utku2 kernel: pci 0000:00:03.0: [1022:157b] type 00 class 0x060000
Nis 24 17:32:20 utku2 kernel: pci 0000:00:03.1: [1022:157c] type 01 class 0x060400
Nis 24 17:32:20 utku2 kernel: pci 0000:00:03.1: enabling Extended Tags
Nis 24 17:32:20 utku2 kernel: pci 0000:00:03.1: PME# supported from D0 D3hot D3cold
Nis 24 17:32:20 utku2 kernel: pci 0000:00:08.0: [1022:1578] type 00 class 0x108000
Nis 24 17:32:20 utku2 kernel: pci 0000:00:08.0: reg 0x10: [mem 0xd1540000-0xd155ffff 64bit pref]
Nis 24 17:32:20 utku2 kernel: pci 0000:00:08.0: reg 0x18: [mem 0xd1100000-0xd11fffff]
Nis 24 17:32:20 utku2 kernel: pci 0000:00:08.0: reg 0x1c: [mem 0xd156f000-0xd156ffff]
Nis 24 17:32:20 utku2 kernel: pci 0000:00:08.0: reg 0x24: [mem 0xd156a000-0xd156bfff]
Nis 24 17:32:20 utku2 kernel: pci 0000:00:09.0: [1022:157d] type 00 class 0x060000
Nis 24 17:32:20 utku2 kernel: pci 0000:00:09.2: [1022:157a] type 00 class 0x040300
Nis 24 17:32:20 utku2 kernel: pci 0000:00:09.2: reg 0x10: [mem 0xd1564000-0xd1567fff]
Nis 24 17:32:20 utku2 kernel: pci 0000:00:09.2: PME# supported from D0 D3hot D3cold
Nis 24 17:32:20 utku2 kernel: pci 0000:00:10.0: [1022:7914] type 00 class 0x0c0330
Nis 24 17:32:20 utku2 kernel: pci 0000:00:10.0: reg 0x10: [mem 0xd1568000-0xd1569fff 64bit]
Nis 24 17:32:20 utku2 kernel: pci 0000:00:10.0: PME# supported from D0 D3hot D3cold
Nis 24 17:32:20 utku2 kernel: pci 0000:00:11.0: [1022:7901] type 00 class 0x010601
Nis 24 17:32:20 utku2 kernel: pci 0000:00:11.0: reg 0x10: [io  0x4118-0x411f]
Nis 24 17:32:20 utku2 kernel: pci 0000:00:11.0: reg 0x14: [io  0x4124-0x4127]
Nis 24 17:32:20 utku2 kernel: pci 0000:00:11.0: reg 0x18: [io  0x4110-0x4117]
Nis 24 17:32:20 utku2 kernel: pci 0000:00:11.0: reg 0x1c: [io  0x4120-0x4123]
Nis 24 17:32:20 utku2 kernel: pci 0000:00:11.0: reg 0x20: [io  0x4100-0x410f]
Nis 24 17:32:20 utku2 kernel: pci 0000:00:11.0: reg 0x24: [mem 0xd156c000-0xd156c3ff]
Nis 24 17:32:20 utku2 kernel: pci 0000:00:11.0: PME# supported from D3hot
Nis 24 17:32:20 utku2 kernel: pci 0000:00:12.0: [1022:7908] type 00 class 0x0c0320
Nis 24 17:32:20 utku2 kernel: pci 0000:00:12.0: reg 0x10: [mem 0xd156d000-0xd156d0ff]
Nis 24 17:32:20 utku2 kernel: pci 0000:00:12.0: supports D1 D2
Nis 24 17:32:20 utku2 kernel: pci 0000:00:12.0: PME# supported from D0 D1 D2 D3hot D3cold
Nis 24 17:32:20 utku2 kernel: pci 0000:00:14.0: [1022:790b] type 00 class 0x0c0500
Nis 24 17:32:20 utku2 kernel: pci 0000:00:14.3: [1022:790e] type 00 class 0x060100
Nis 24 17:32:20 utku2 kernel: pci 0000:00:18.0: [1022:1570] type 00 class 0x060000
Nis 24 17:32:20 utku2 kernel: pci 0000:00:18.1: [1022:1571] type 00 class 0x060000
Nis 24 17:32:20 utku2 kernel: pci 0000:00:18.2: [1022:1572] type 00 class 0x060000
Nis 24 17:32:20 utku2 kernel: pci 0000:00:18.3: [1022:1573] type 00 class 0x060000
Nis 24 17:32:20 utku2 kernel: pci 0000:00:18.4: [1022:1574] type 00 class 0x060000
Nis 24 17:32:20 utku2 kernel: pci 0000:00:18.5: [1022:1575] type 00 class 0x060000
Nis 24 17:32:21 utku2 kernel: pci 0000:01:00.0: [10ec:5287] type 00 class 0xff0000
Nis 24 17:32:21 utku2 kernel: pci 0000:01:00.0: reg 0x10: [mem 0xd1405000-0xd1405fff]
Nis 24 17:32:21 utku2 kernel: pci 0000:01:00.0: reg 0x30: [mem 0xffff0000-0xffffffff pref]
Nis 24 17:32:21 utku2 kernel: pci 0000:01:00.0: supports D1 D2
Nis 24 17:32:21 utku2 kernel: pci 0000:01:00.0: PME# supported from D1 D2 D3hot D3cold
Nis 24 17:32:21 utku2 kernel: pci 0000:01:00.1: [10ec:8168] type 00 class 0x020000
Nis 24 17:32:21 utku2 kernel: pci 0000:01:00.1: reg 0x10: [io  0x3000-0x30ff]
Nis 24 17:32:21 utku2 kernel: pci 0000:01:00.1: reg 0x18: [mem 0xd1404000-0xd1404fff 64bit]
Nis 24 17:32:21 utku2 kernel: pci 0000:01:00.1: reg 0x20: [mem 0xd1400000-0xd1403fff 64bit]
Nis 24 17:32:21 utku2 kernel: pci 0000:01:00.1: supports D1 D2
Nis 24 17:32:21 utku2 kernel: pci 0000:01:00.1: PME# supported from D0 D1 D2 D3hot D3cold
Nis 24 17:32:21 utku2 kernel: pci 0000:00:02.2: PCI bridge to [bus 01]
Nis 24 17:32:21 utku2 kernel: pci 0000:00:02.2:   bridge window [io  0x3000-0x3fff]
Nis 24 17:32:21 utku2 kernel: pci 0000:00:02.2:   bridge window [mem 0xd1400000-0xd14fffff]
Nis 24 17:32:21 utku2 kernel: pci 0000:02:00.0: [8086:24fb] type 00 class 0x028000
Nis 24 17:32:21 utku2 kernel: pci 0000:02:00.0: reg 0x10: [mem 0xd1300000-0xd1301fff 64bit]
Nis 24 17:32:21 utku2 kernel: pci 0000:02:00.0: PME# supported from D0 D3hot D3cold
Nis 24 17:32:21 utku2 kernel: pci 0000:00:02.3: PCI bridge to [bus 02]
Nis 24 17:32:21 utku2 kernel: pci 0000:00:02.3:   bridge window [mem 0xd1300000-0xd13fffff]
Nis 24 17:32:21 utku2 kernel: pci 0000:03:00.0: [1002:699f] type 00 class 0x038000
Nis 24 17:32:21 utku2 kernel: pci 0000:03:00.0: reg 0x10: [mem 0xc0000000-0xcfffffff 64bit pref]
Nis 24 17:32:21 utku2 kernel: pci 0000:03:00.0: reg 0x18: [mem 0xd0000000-0xd01fffff 64bit pref]
Nis 24 17:32:21 utku2 kernel: pci 0000:03:00.0: reg 0x20: [io  0x2000-0x20ff]
Nis 24 17:32:21 utku2 kernel: pci 0000:03:00.0: reg 0x24: [mem 0xd1200000-0xd123ffff]
Nis 24 17:32:21 utku2 kernel: pci 0000:03:00.0: reg 0x30: [mem 0xfffe0000-0xffffffff pref]
Nis 24 17:32:21 utku2 kernel: pci 0000:03:00.0: enabling Extended Tags
Nis 24 17:32:21 utku2 kernel: pci 0000:03:00.0: supports D1 D2
Nis 24 17:32:21 utku2 kernel: pci 0000:03:00.0: 16.000 Gb/s available PCIe bandwidth, limited by 2.5 GT/s x8 link at 0000:00:03.1 (capable of 63.008 Gb/s with 8 GT/s x8 link)
Nis 24 17:32:21 utku2 kernel: pci 0000:00:03.1: PCI bridge to [bus 03]
Nis 24 17:32:21 utku2 kernel: pci 0000:00:03.1:   bridge window [io  0x2000-0x2fff]
Nis 24 17:32:21 utku2 kernel: pci 0000:00:03.1:   bridge window [mem 0xd1200000-0xd12fffff]
Nis 24 17:32:21 utku2 kernel: pci 0000:00:03.1:   bridge window [mem 0xc0000000-0xd01fffff 64bit pref]
Nis 24 17:32:21 utku2 kernel: ACPI: PCI Interrupt Link [LNKA] (IRQs 3 5 6 10 11) *0, disabled.
Nis 24 17:32:21 utku2 kernel: ACPI: PCI Interrupt Link [LNKB] (IRQs 3 5 6 10 11) *0, disabled.
Nis 24 17:32:21 utku2 kernel: ACPI: PCI Interrupt Link [LNKC] (IRQs 3 5 6 10 11) *0, disabled.
Nis 24 17:32:21 utku2 kernel: ACPI: PCI Interrupt Link [LNKD] (IRQs 3 5 6 10 11) *0, disabled.
Nis 24 17:32:21 utku2 kernel: ACPI: PCI Interrupt Link [LNKE] (IRQs 3 5 6 10 11) *0, disabled.
Nis 24 17:32:21 utku2 kernel: ACPI: PCI Interrupt Link [LNKF] (IRQs 3 5 6 10 11) *0, disabled.
Nis 24 17:32:21 utku2 kernel: ACPI: PCI Interrupt Link [LNKG] (IRQs 3 5 6 10 11) *0, disabled.
Nis 24 17:32:21 utku2 kernel: ACPI: PCI Interrupt Link [LNKH] (IRQs 3 5 6 10 11) *0, disabled.
Nis 24 17:32:21 utku2 kernel: ACPI: EC: interrupt unblocked
Nis 24 17:32:21 utku2 kernel: ACPI: EC: event unblocked
Nis 24 17:32:21 utku2 kernel: ACPI: \_SB_.PCI0.LPC0.EC0_: GPE=0x3, EC_CMD/EC_SC=0x66, EC_DATA=0x62
Nis 24 17:32:21 utku2 kernel: ACPI: \_SB_.PCI0.LPC0.EC0_: Boot DSDT EC used to handle transactions and events
Nis 24 17:32:21 utku2 kernel: pci 0000:00:01.0: vgaarb: setting as boot VGA device
Nis 24 17:32:21 utku2 kernel: pci 0000:00:01.0: vgaarb: VGA device added: decodes=io+mem,owns=io+mem,locks=none
Nis 24 17:32:21 utku2 kernel: pci 0000:00:01.0: vgaarb: bridge control possible
Nis 24 17:32:21 utku2 kernel: vgaarb: loaded
Nis 24 17:32:21 utku2 kernel: pps_core: LinuxPPS API ver. 1 registered
Nis 24 17:32:21 utku2 kernel: pps_core: Software ver. 5.3.6 - Copyright 2005-2007 Rodolfo Giometti <giometti@linux.it>
Nis 24 17:32:21 utku2 kernel: PTP clock support registered
Nis 24 17:32:21 utku2 kernel: EDAC MC: Ver: 3.0.0
Nis 24 17:32:21 utku2 kernel: PCI: Using ACPI for IRQ routing
Nis 24 17:32:21 utku2 kernel: PCI: pci_cache_line_size set to 64 bytes
Nis 24 17:32:21 utku2 kernel: e820: reserve RAM buffer [mem 0x0009f800-0x0009ffff]
Nis 24 17:32:21 utku2 kernel: e820: reserve RAM buffer [mem 0xb93b5000-0xbbffffff]
Nis 24 17:32:21 utku2 kernel: e820: reserve RAM buffer [mem 0xbefbe000-0xbfffffff]
Nis 24 17:32:21 utku2 kernel: e820: reserve RAM buffer [mem 0xbfc00000-0xbfffffff]
Nis 24 17:32:21 utku2 kernel: e820: reserve RAM buffer [mem 0x1ff000000-0x1ffffffff]
Nis 24 17:32:21 utku2 kernel: NetLabel: Initializing
Nis 24 17:32:21 utku2 kernel: NetLabel:  domain hash size = 128
Nis 24 17:32:21 utku2 kernel: NetLabel:  protocols = UNLABELED CIPSOv4 CALIPSO
Nis 24 17:32:21 utku2 kernel: NetLabel:  unlabeled traffic allowed by default
Nis 24 17:32:21 utku2 kernel: hpet0: at MMIO 0xfed00000, IRQs 2, 8, 0
Nis 24 17:32:21 utku2 kernel: hpet0: 3 comparators, 32-bit 14.318180 MHz counter
Nis 24 17:32:21 utku2 kernel: clocksource: Switched to clocksource tsc-early
Nis 24 17:32:21 utku2 kernel: VFS: Disk quotas dquot_6.6.0
Nis 24 17:32:21 utku2 kernel: VFS: Dquot-cache hash table entries: 512 (order 0, 4096 bytes)
Nis 24 17:32:21 utku2 kernel: *** VALIDATE hugetlbfs ***
Nis 24 17:32:21 utku2 kernel: pnp: PnP ACPI init
Nis 24 17:32:21 utku2 kernel: system 00:00: [mem 0xfec00000-0xfec01fff] could not be reserved
Nis 24 17:32:21 utku2 kernel: system 00:00: [mem 0xfee00000-0xfee00fff] has been reserved
Nis 24 17:32:21 utku2 kernel: system 00:00: [mem 0xd1000000-0xd10fffff] has been reserved
Nis 24 17:32:21 utku2 kernel: system 00:00: Plug and Play ACPI device, IDs PNP0c02 (active)
Nis 24 17:32:21 utku2 kernel: pnp 00:01: Plug and Play ACPI device, IDs PNP0b00 (active)
Nis 24 17:32:21 utku2 kernel: pnp 00:02: Plug and Play ACPI device, IDs FUJ7401 PNP0303 (active)
Nis 24 17:32:21 utku2 kernel: system 00:03: [io  0x0400-0x04cf] has been reserved
Nis 24 17:32:21 utku2 kernel: system 00:03: [io  0x04d0-0x04d1] has been reserved
Nis 24 17:32:21 utku2 kernel: system 00:03: [io  0x04d6] has been reserved
Nis 24 17:32:21 utku2 kernel: system 00:03: [io  0x0c00-0x0c01] has been reserved
Nis 24 17:32:21 utku2 kernel: system 00:03: [io  0x0c14] has been reserved
Nis 24 17:32:21 utku2 kernel: system 00:03: [io  0x0c50-0x0c52] has been reserved
Nis 24 17:32:21 utku2 kernel: system 00:03: [io  0x0c6c] has been reserved
Nis 24 17:32:21 utku2 kernel: system 00:03: [io  0x0c6f] has been reserved
Nis 24 17:32:21 utku2 kernel: system 00:03: [io  0x0cd0-0x0cdb] has been reserved
Nis 24 17:32:21 utku2 kernel: system 00:03: Plug and Play ACPI device, IDs PNP0c02 (active)
Nis 24 17:32:21 utku2 kernel: system 00:04: [mem 0x000e0000-0x000fffff] could not be reserved
Nis 24 17:32:21 utku2 kernel: system 00:04: [mem 0xff800000-0xffffffff] has been reserved
Nis 24 17:32:21 utku2 kernel: system 00:04: Plug and Play ACPI device, IDs PNP0c01 (active)
Nis 24 17:32:21 utku2 kernel: pnp: PnP ACPI: found 5 devices
Nis 24 17:32:21 utku2 kernel: clocksource: acpi_pm: mask: 0xffffff max_cycles: 0xffffff, max_idle_ns: 2085701024 ns
Nis 24 17:32:21 utku2 kernel: pci 0000:00:01.0: can't claim BAR 6 [mem 0xfffe0000-0xffffffff pref]: no compatible bridge window
Nis 24 17:32:21 utku2 kernel: pci 0000:01:00.0: can't claim BAR 6 [mem 0xffff0000-0xffffffff pref]: no compatible bridge window
Nis 24 17:32:21 utku2 kernel: pci 0000:03:00.0: can't claim BAR 6 [mem 0xfffe0000-0xffffffff pref]: no compatible bridge window
Nis 24 17:32:21 utku2 kernel: pci 0000:00:01.0: BAR 6: assigned [mem 0xd0200000-0xd021ffff pref]
Nis 24 17:32:21 utku2 kernel: pci 0000:01:00.0: BAR 6: assigned [mem 0xd1410000-0xd141ffff pref]
Nis 24 17:32:21 utku2 kernel: pci 0000:00:02.2: PCI bridge to [bus 01]
Nis 24 17:32:21 utku2 kernel: pci 0000:00:02.2:   bridge window [io  0x3000-0x3fff]
Nis 24 17:32:21 utku2 kernel: pci 0000:00:02.2:   bridge window [mem 0xd1400000-0xd14fffff]
Nis 24 17:32:21 utku2 kernel: pci 0000:00:02.3: PCI bridge to [bus 02]
Nis 24 17:32:21 utku2 kernel: pci 0000:00:02.3:   bridge window [mem 0xd1300000-0xd13fffff]
Nis 24 17:32:21 utku2 kernel: pci 0000:03:00.0: BAR 6: assigned [mem 0xd1240000-0xd125ffff pref]
Nis 24 17:32:21 utku2 kernel: pci 0000:00:03.1: PCI bridge to [bus 03]
Nis 24 17:32:21 utku2 kernel: pci 0000:00:03.1:   bridge window [io  0x2000-0x2fff]
Nis 24 17:32:21 utku2 kernel: pci 0000:00:03.1:   bridge window [mem 0xd1200000-0xd12fffff]
Nis 24 17:32:21 utku2 kernel: pci 0000:00:03.1:   bridge window [mem 0xc0000000-0xd01fffff 64bit pref]
Nis 24 17:32:21 utku2 kernel: pci_bus 0000:00: resource 4 [io  0x0000-0x0cf7 window]
Nis 24 17:32:21 utku2 kernel: pci_bus 0000:00: resource 5 [io  0x0d00-0xffff window]
Nis 24 17:32:21 utku2 kernel: pci_bus 0000:00: resource 6 [mem 0x000a0000-0x000bffff window]
Nis 24 17:32:21 utku2 kernel: pci_bus 0000:00: resource 7 [mem 0x000c0000-0x000c3fff window]
Nis 24 17:32:21 utku2 kernel: pci_bus 0000:00: resource 8 [mem 0x000c4000-0x000c7fff window]
Nis 24 17:32:21 utku2 kernel: pci_bus 0000:00: resource 9 [mem 0x000c8000-0x000cbfff window]
Nis 24 17:32:21 utku2 kernel: pci_bus 0000:00: resource 10 [mem 0x000d0000-0x000d3fff window]
Nis 24 17:32:21 utku2 kernel: pci_bus 0000:00: resource 11 [mem 0x000d4000-0x000d7fff window]
Nis 24 17:32:21 utku2 kernel: pci_bus 0000:00: resource 12 [mem 0x000d8000-0x000dbfff window]
Nis 24 17:32:21 utku2 kernel: pci_bus 0000:00: resource 13 [mem 0x000dc000-0x000dffff window]
Nis 24 17:32:21 utku2 kernel: pci_bus 0000:00: resource 14 [mem 0x000e0000-0x000e3fff window]
Nis 24 17:32:21 utku2 kernel: pci_bus 0000:00: resource 15 [mem 0x000e4000-0x000e7fff window]
Nis 24 17:32:21 utku2 kernel: pci_bus 0000:00: resource 16 [mem 0x000e8000-0x000ebfff window]
Nis 24 17:32:21 utku2 kernel: pci_bus 0000:00: resource 17 [mem 0x000ec000-0x000effff window]
Nis 24 17:32:21 utku2 kernel: pci_bus 0000:00: resource 18 [mem 0xc0000000-0xf7ffffff window]
Nis 24 17:32:21 utku2 kernel: pci_bus 0000:00: resource 19 [mem 0xfc000000-0xfed3ffff window]
Nis 24 17:32:21 utku2 kernel: pci_bus 0000:01: resource 0 [io  0x3000-0x3fff]
Nis 24 17:32:21 utku2 kernel: pci_bus 0000:01: resource 1 [mem 0xd1400000-0xd14fffff]
Nis 24 17:32:21 utku2 kernel: pci_bus 0000:02: resource 1 [mem 0xd1300000-0xd13fffff]
Nis 24 17:32:21 utku2 kernel: pci_bus 0000:03: resource 0 [io  0x2000-0x2fff]
Nis 24 17:32:21 utku2 kernel: pci_bus 0000:03: resource 1 [mem 0xd1200000-0xd12fffff]
Nis 24 17:32:21 utku2 kernel: pci_bus 0000:03: resource 2 [mem 0xc0000000-0xd01fffff 64bit pref]
Nis 24 17:32:21 utku2 kernel: NET: Registered protocol family 2
Nis 24 17:32:21 utku2 kernel: tcp_listen_portaddr_hash hash table entries: 4096 (order: 4, 65536 bytes)
Nis 24 17:32:21 utku2 kernel: TCP established hash table entries: 65536 (order: 7, 524288 bytes)
Nis 24 17:32:21 utku2 kernel: TCP bind hash table entries: 65536 (order: 8, 1048576 bytes)
Nis 24 17:32:21 utku2 kernel: TCP: Hash tables configured (established 65536 bind 65536)
Nis 24 17:32:21 utku2 kernel: UDP hash table entries: 4096 (order: 5, 131072 bytes)
Nis 24 17:32:21 utku2 kernel: UDP-Lite hash table entries: 4096 (order: 5, 131072 bytes)
Nis 24 17:32:21 utku2 kernel: NET: Registered protocol family 1
Nis 24 17:32:21 utku2 kernel: NET: Registered protocol family 44
Nis 24 17:32:21 utku2 kernel: pci 0000:00:01.0: Video device with shadowed ROM at [mem 0x000c0000-0x000dffff]
Nis 24 17:32:21 utku2 kernel: pci 0000:00:10.0: quirk_usb_early_handoff+0x0/0x645 took 10888 usecs
Nis 24 17:32:21 utku2 kernel: pci 0000:00:12.0: quirk_usb_early_handoff+0x0/0x645 took 16128 usecs
Nis 24 17:32:21 utku2 kernel: PCI: CLS 64 bytes, default 64
Nis 24 17:32:21 utku2 kernel: Unpacking initramfs...
Nis 24 17:32:21 utku2 kernel: Freeing initrd memory: 11396K
Nis 24 17:32:21 utku2 kernel: pci 0000:00:00.2: AMD-Vi: IOMMU performance counters supported
Nis 24 17:32:21 utku2 kernel: pci 0000:00:00.2: can't derive routing for PCI INT A
Nis 24 17:32:21 utku2 kernel: pci 0000:00:00.2: PCI INT A: not connected
Nis 24 17:32:21 utku2 kernel: pci 0000:00:01.0: Adding to iommu group 0
Nis 24 17:32:21 utku2 kernel: pci 0000:00:01.1: Adding to iommu group 0
Nis 24 17:32:21 utku2 kernel: pci 0000:00:02.0: Adding to iommu group 1
Nis 24 17:32:21 utku2 kernel: pci 0000:00:02.2: Adding to iommu group 1
Nis 24 17:32:21 utku2 kernel: pci 0000:00:02.3: Adding to iommu group 1
Nis 24 17:32:21 utku2 kernel: pci 0000:00:03.0: Adding to iommu group 2
Nis 24 17:32:21 utku2 kernel: pci 0000:00:03.1: Adding to iommu group 2
Nis 24 17:32:21 utku2 kernel: pci 0000:00:08.0: Adding to iommu group 3
Nis 24 17:32:21 utku2 kernel: pci 0000:00:09.0: Adding to iommu group 4
Nis 24 17:32:21 utku2 kernel: pci 0000:00:09.2: Adding to iommu group 4
Nis 24 17:32:21 utku2 kernel: pci 0000:00:10.0: Adding to iommu group 5
Nis 24 17:32:21 utku2 kernel: pci 0000:00:11.0: Adding to iommu group 6
Nis 24 17:32:21 utku2 kernel: pci 0000:00:12.0: Adding to iommu group 7
Nis 24 17:32:21 utku2 kernel: pci 0000:00:14.0: Adding to iommu group 8
Nis 24 17:32:21 utku2 kernel: pci 0000:00:14.3: Adding to iommu group 8
Nis 24 17:32:21 utku2 kernel: pci 0000:00:18.0: Adding to iommu group 9
Nis 24 17:32:21 utku2 kernel: pci 0000:00:18.1: Adding to iommu group 9
Nis 24 17:32:21 utku2 kernel: pci 0000:00:18.2: Adding to iommu group 9
Nis 24 17:32:21 utku2 kernel: pci 0000:00:18.3: Adding to iommu group 9
Nis 24 17:32:21 utku2 kernel: pci 0000:00:18.4: Adding to iommu group 9
Nis 24 17:32:21 utku2 kernel: pci 0000:00:18.5: Adding to iommu group 9
Nis 24 17:32:21 utku2 kernel: pci 0000:01:00.0: Adding to iommu group 1
Nis 24 17:32:21 utku2 kernel: pci 0000:01:00.1: Adding to iommu group 1
Nis 24 17:32:21 utku2 kernel: pci 0000:02:00.0: Adding to iommu group 1
Nis 24 17:32:21 utku2 kernel: pci 0000:03:00.0: Adding to iommu group 2
Nis 24 17:32:21 utku2 kernel: pci 0000:00:00.2: AMD-Vi: Found IOMMU cap 0x40
Nis 24 17:32:21 utku2 kernel: pci 0000:00:00.2: AMD-Vi: Extended features (0x37ef22294ada):
Nis 24 17:32:21 utku2 kernel:  PPR NX GT IA GA PC GA_vAPIC
Nis 24 17:32:21 utku2 kernel: AMD-Vi: Interrupt remapping enabled
Nis 24 17:32:21 utku2 kernel: AMD-Vi: Virtual APIC enabled
Nis 24 17:32:21 utku2 kernel: AMD-Vi: Lazy IO/TLB flushing enabled
Nis 24 17:32:21 utku2 kernel: PCI-DMA: Using software bounce buffering for IO (SWIOTLB)
Nis 24 17:32:21 utku2 kernel: software IO TLB: mapped [mem 0xbafbe000-0xbefbe000] (64MB)
Nis 24 17:32:21 utku2 kernel: amd_uncore: AMD NB counters detected
Nis 24 17:32:21 utku2 kernel: LVT offset 0 assigned for vector 0x400
Nis 24 17:32:21 utku2 kernel: perf: AMD IBS detected (0x000007ff)
Nis 24 17:32:21 utku2 kernel: perf/amd_iommu: Detected AMD IOMMU #0 (2 banks, 4 counters/bank).
Nis 24 17:32:21 utku2 kernel: check: Scanning for low memory corruption every 60 seconds
Nis 24 17:32:21 utku2 kernel: Initialise system trusted keyrings
Nis 24 17:32:21 utku2 kernel: Key type blacklist registered
Nis 24 17:32:21 utku2 kernel: workingset: timestamp_bits=41 max_order=21 bucket_order=0
Nis 24 17:32:21 utku2 kernel: zbud: loaded
Nis 24 17:32:21 utku2 kernel: Key type asymmetric registered
Nis 24 17:32:21 utku2 kernel: Asymmetric key parser 'x509' registered
Nis 24 17:32:21 utku2 kernel: Block layer SCSI generic (bsg) driver version 0.4 loaded (major 244)
Nis 24 17:32:21 utku2 kernel: io scheduler mq-deadline registered
Nis 24 17:32:21 utku2 kernel: io scheduler kyber registered
Nis 24 17:32:21 utku2 kernel: io scheduler bfq registered
Nis 24 17:32:21 utku2 kernel: 
                              Start testing find_bit() with random-filled bitmap
Nis 24 17:32:21 utku2 kernel: fbcon: Taking over console
Nis 24 17:32:21 utku2 kernel: find_next_bit:                  758219 ns, 163644 iterations
Nis 24 17:32:21 utku2 kernel: find_next_zero_bit:             632895 ns, 164037 iterations
Nis 24 17:32:21 utku2 kernel: find_last_bit:                  700898 ns, 163644 iterations
Nis 24 17:32:21 utku2 kernel: find_first_bit:                4582116 ns,  16416 iterations
Nis 24 17:32:21 utku2 kernel: find_next_and_bit:              441334 ns,  73514 iterations
Nis 24 17:32:21 utku2 kernel: 
                              Start testing find_bit() with sparse bitmap
Nis 24 17:32:21 utku2 kernel: find_next_bit:                   13919 ns,    655 iterations
Nis 24 17:32:21 utku2 kernel: find_next_zero_bit:            1276175 ns, 327026 iterations
Nis 24 17:32:21 utku2 kernel: find_last_bit:                   11938 ns,    655 iterations
Nis 24 17:32:21 utku2 kernel: find_first_bit:                1558216 ns,    655 iterations
Nis 24 17:32:21 utku2 kernel: find_next_and_bit:                6802 ns,      1 iterations
Nis 24 17:32:21 utku2 kernel: pcieport 0000:00:02.2: Signaling PME with IRQ 26
Nis 24 17:32:21 utku2 kernel: pcieport 0000:00:02.3: Signaling PME with IRQ 27
Nis 24 17:32:21 utku2 kernel: pcieport 0000:00:03.1: Signaling PME with IRQ 29
Nis 24 17:32:21 utku2 kernel: pciehp 0000:00:03.1:pcie004: Slot #0 AttnBtn- PwrCtrl- MRL- AttnInd- PwrInd- HotPlug+ Surprise- Interlock- NoCompl+ LLActRep+
Nis 24 17:32:21 utku2 kernel: shpchp: Standard Hot Plug PCI Controller Driver version: 0.4
Nis 24 17:32:21 utku2 kernel: vesafb: mode is 1366x768x32, linelength=5632, pages=0
Nis 24 17:32:21 utku2 kernel: vesafb: scrolling: redraw
Nis 24 17:32:21 utku2 kernel: vesafb: Truecolor: size=0:8:8:8, shift=0:16:8:0
Nis 24 17:32:21 utku2 kernel: vesafb: framebuffer at 0xe0000000, mapped to 0x000000008f62401c, using 4224k, total 4224k
Nis 24 17:32:21 utku2 kernel: Console: switching to colour frame buffer device 170x48
Nis 24 17:32:21 utku2 kernel: fb0: VESA VGA frame buffer device
Nis 24 17:32:21 utku2 kernel: Serial: 8250/16550 driver, 4 ports, IRQ sharing enabled
Nis 24 17:32:21 utku2 kernel: rtc_cmos 00:01: RTC can wake from S4
Nis 24 17:32:21 utku2 kernel: rtc_cmos 00:01: registered as rtc0
Nis 24 17:32:21 utku2 kernel: rtc_cmos 00:01: alarms up to one month, 114 bytes nvram, hpet irqs
Nis 24 17:32:21 utku2 kernel: ledtrig-cpu: registered to indicate activity on CPUs
Nis 24 17:32:21 utku2 kernel: NET: Registered protocol family 10
Nis 24 17:32:21 utku2 kernel: Segment Routing with IPv6
Nis 24 17:32:21 utku2 kernel: NET: Registered protocol family 17
Nis 24 17:32:21 utku2 kernel: RAS: Correctable Errors collector initialized.
Nis 24 17:32:21 utku2 kernel: microcode: CPU0: patch_level=0x0600611a
Nis 24 17:32:21 utku2 kernel: microcode: CPU1: patch_level=0x0600611a
Nis 24 17:32:21 utku2 kernel: microcode: CPU2: patch_level=0x0600611a
Nis 24 17:32:21 utku2 kernel: microcode: CPU3: patch_level=0x0600611a
Nis 24 17:32:21 utku2 kernel: microcode: Microcode Update Driver: v2.2.
Nis 24 17:32:21 utku2 kernel: sched_clock: Marking stable (1051221244, 30353476)->(1191561760, -109987040)
Nis 24 17:32:21 utku2 kernel: registered taskstats version 1
Nis 24 17:32:21 utku2 kernel: Loading compiled-in X.509 certificates
Nis 24 17:32:21 utku2 kernel: zswap: loaded using pool lzo/zbud
Nis 24 17:32:21 utku2 kernel: Key type big_key registered
Nis 24 17:32:21 utku2 kernel: PM:   Magic number: 15:752:536
Nis 24 17:32:21 utku2 kernel: rtc_cmos 00:01: setting system clock to 2019-04-24T14:32:09 UTC (1556116329)
Nis 24 17:32:21 utku2 kernel: Freeing unused decrypted memory: 2040K
Nis 24 17:32:21 utku2 kernel: Freeing unused kernel image memory: 1520K
Nis 24 17:32:21 utku2 kernel: Write protecting the kernel read-only data: 16384k
Nis 24 17:32:21 utku2 kernel: Freeing unused kernel image memory: 2020K
Nis 24 17:32:21 utku2 kernel: Freeing unused kernel image memory: 1036K
Nis 24 17:32:21 utku2 kernel: Run /init as init process
Nis 24 17:32:21 utku2 kernel: i8042: PNP: PS/2 Controller [PNP0303:KBC0] at 0x60,0x64 irq 1
Nis 24 17:32:21 utku2 kernel: i8042: PNP: PS/2 appears to have AUX port disabled, if this is incorrect please boot with i8042.nopnp
Nis 24 17:32:21 utku2 kernel: serio: i8042 KBD port at 0x60,0x64 irq 1
Nis 24 17:32:21 utku2 kernel: SCSI subsystem initialized
Nis 24 17:32:21 utku2 kernel: ACPI: bus type USB registered
Nis 24 17:32:21 utku2 kernel: usbcore: registered new interface driver usbfs
Nis 24 17:32:21 utku2 kernel: usbcore: registered new interface driver hub
Nis 24 17:32:21 utku2 kernel: usbcore: registered new device driver usb
Nis 24 17:32:21 utku2 kernel: ehci_hcd: USB 2.0 'Enhanced' Host Controller (EHCI) Driver
Nis 24 17:32:21 utku2 kernel: libata version 3.00 loaded.
Nis 24 17:32:21 utku2 kernel: ehci-pci: EHCI PCI platform driver
Nis 24 17:32:21 utku2 kernel: ehci-pci 0000:00:12.0: EHCI Host Controller
Nis 24 17:32:21 utku2 kernel: ehci-pci 0000:00:12.0: new USB bus registered, assigned bus number 1
Nis 24 17:32:21 utku2 kernel: ehci-pci 0000:00:12.0: debug port 2
Nis 24 17:32:21 utku2 kernel: ehci-pci 0000:00:12.0: irq 18, io mem 0xd156d000
Nis 24 17:32:21 utku2 kernel: ahci 0000:00:11.0: version 3.0
Nis 24 17:32:21 utku2 kernel: ahci 0000:00:11.0: AHCI 0001.0300 32 slots 1 ports 6 Gbps 0x1 impl SATA mode
Nis 24 17:32:21 utku2 kernel: ahci 0000:00:11.0: flags: 64bit ncq sntf ilck pm led clo pmp fbs pio slum part 
Nis 24 17:32:21 utku2 kernel: scsi host0: ahci
Nis 24 17:32:21 utku2 kernel: ata1: SATA max UDMA/133 abar m1024@0xd156c000 port 0xd156c100 irq 19
Nis 24 17:32:21 utku2 kernel: ehci-pci 0000:00:12.0: USB 2.0 started, EHCI 1.00
Nis 24 17:32:21 utku2 kernel: hub 1-0:1.0: USB hub found
Nis 24 17:32:21 utku2 kernel: hub 1-0:1.0: 2 ports detected
Nis 24 17:32:21 utku2 kernel: xhci_hcd 0000:00:10.0: xHCI Host Controller
Nis 24 17:32:21 utku2 kernel: xhci_hcd 0000:00:10.0: new USB bus registered, assigned bus number 2
Nis 24 17:32:21 utku2 kernel: xhci_hcd 0000:00:10.0: hcc params 0x014040c3 hci version 0x100 quirks 0x0000000000000410
Nis 24 17:32:21 utku2 kernel: hub 2-0:1.0: USB hub found
Nis 24 17:32:21 utku2 kernel: hub 2-0:1.0: 4 ports detected
Nis 24 17:32:21 utku2 kernel: xhci_hcd 0000:00:10.0: xHCI Host Controller
Nis 24 17:32:21 utku2 kernel: xhci_hcd 0000:00:10.0: new USB bus registered, assigned bus number 3
Nis 24 17:32:21 utku2 kernel: xhci_hcd 0000:00:10.0: Host supports USB 3.0  SuperSpeed
Nis 24 17:32:21 utku2 kernel: usb usb3: We don't know the algorithms for LPM for this host, disabling LPM.
Nis 24 17:32:21 utku2 kernel: hub 3-0:1.0: USB hub found
Nis 24 17:32:21 utku2 kernel: hub 3-0:1.0: 4 ports detected
Nis 24 17:32:21 utku2 kernel: usb: port power management may be unreliable
Nis 24 17:32:21 utku2 kernel: input: AT Translated Set 2 keyboard as /devices/platform/i8042/serio0/input/input0
Nis 24 17:32:21 utku2 kernel: usb 1-1: new high-speed USB device number 2 using ehci-pci
Nis 24 17:32:21 utku2 kernel: ata1: SATA link up 6.0 Gbps (SStatus 133 SControl 300)
Nis 24 17:32:21 utku2 kernel: ata1.00: ATA-10: WDC WD10SPZX-21Z10T0, 02.01A02, max UDMA/133
Nis 24 17:32:21 utku2 kernel: ata1.00: 1953525168 sectors, multi 16: LBA48 NCQ (depth 32), AA
Nis 24 17:32:21 utku2 kernel: ata1.00: configured for UDMA/133
Nis 24 17:32:21 utku2 kernel: scsi 0:0:0:0: Direct-Access     ATA      WDC WD10SPZX-21Z 1A02 PQ: 0 ANSI: 5
Nis 24 17:32:21 utku2 kernel: sd 0:0:0:0: [sda] 1953525168 512-byte logical blocks: (1.00 TB/932 GiB)
Nis 24 17:32:21 utku2 kernel: sd 0:0:0:0: [sda] 4096-byte physical blocks
Nis 24 17:32:21 utku2 kernel: sd 0:0:0:0: [sda] Write Protect is off
Nis 24 17:32:21 utku2 kernel: sd 0:0:0:0: [sda] Mode Sense: 00 3a 00 00
Nis 24 17:32:21 utku2 kernel: sd 0:0:0:0: [sda] Write cache: enabled, read cache: enabled, doesn't support DPO or FUA
Nis 24 17:32:21 utku2 kernel: hub 1-1:1.0: USB hub found
Nis 24 17:32:21 utku2 kernel: hub 1-1:1.0: 4 ports detected
Nis 24 17:32:21 utku2 kernel:  sda: sda1 sda2 sda3
Nis 24 17:32:21 utku2 kernel: sd 0:0:0:0: [sda] Attached SCSI disk
Nis 24 17:32:21 utku2 kernel: usb 1-1.1: new low-speed USB device number 3 using ehci-pci
Nis 24 17:32:21 utku2 kernel: tsc: Refined TSC clocksource calibration: 2495.317 MHz
Nis 24 17:32:21 utku2 kernel: clocksource: tsc: mask: 0xffffffffffffffff max_cycles: 0x23f7f206bf1, max_idle_ns: 440795322908 ns
Nis 24 17:32:21 utku2 kernel: clocksource: Switched to clocksource tsc
Nis 24 17:32:21 utku2 kernel: hidraw: raw HID events driver (C) Jiri Kosina
Nis 24 17:32:21 utku2 kernel: usbcore: registered new interface driver usbhid
Nis 24 17:32:21 utku2 kernel: usbhid: USB HID core driver
Nis 24 17:32:21 utku2 kernel: input:  USB OPTICAL MOUSE as /devices/pci0000:00/0000:00:12.0/usb1/1-1/1-1.1/1-1.1:1.0/0003:0000:3825.0001/input/input1
Nis 24 17:32:21 utku2 kernel: hid-generic 0003:0000:3825.0001: input,hidraw0: USB HID v1.11 Mouse [ USB OPTICAL MOUSE] on usb-0000:00:12.0-1.1/input0
Nis 24 17:32:21 utku2 kernel: usb 1-1.2: new full-speed USB device number 4 using ehci-pci
Nis 24 17:32:21 utku2 kernel: usb 1-1.3: new full-speed USB device number 5 using ehci-pci
Nis 24 17:32:21 utku2 kernel: input: Sony PLAYSTATION(R)3 Controller Motion Sensors as /devices/pci0000:00/0000:00:12.0/usb1/1-1/1-1.2/1-1.2:1.0/0003:054C:0268.0002/input/input3
Nis 24 17:32:21 utku2 kernel: usb 1-1.4: new high-speed USB device number 6 using ehci-pci
Nis 24 17:32:21 utku2 kernel: input: Sony PLAYSTATION(R)3 Controller as /devices/pci0000:00/0000:00:12.0/usb1/1-1/1-1.2/1-1.2:1.0/0003:054C:0268.0002/input/input2
Nis 24 17:32:21 utku2 kernel: sony 0003:054C:0268.0002: input,hiddev0,hidraw1: USB HID v81.11 Joystick [Sony PLAYSTATION(R)3 Controller] on usb-0000:00:12.0-1.2/input0
Nis 24 17:32:21 utku2 kernel: EXT4-fs (sda3): mounted filesystem with ordered data mode. Opts: (null)
Nis 24 17:32:21 utku2 systemd[1]: systemd 241.607-1-manjaro running in system mode. (+PAM +AUDIT -SELINUX -IMA -APPARMOR +SMACK -SYSVINIT +UTMP +LIBCRYPTSETUP +GCRYPT +GNUTLS +ACL +XZ +LZ4 +SECCOMP +BLKID +ELFUTILS +KMOD +IDN2 -IDN +PCRE2 default-hierarchy=hybrid)
Nis 24 17:32:21 utku2 systemd[1]: Detected architecture x86-64.
Nis 24 17:32:21 utku2 systemd[1]: Set hostname to <utku2>.
Nis 24 17:32:21 utku2 systemd[1]: /usr/lib/systemd/system/teamviewerd.service:8: PIDFile= references path below legacy directory /var/run/, updating /var/run/teamviewerd.pid  /run/teamviewerd.pid; please update the unit file accordingly.
Nis 24 17:32:21 utku2 systemd[1]: Condition check resulted in Journal Audit Socket being skipped.
Nis 24 17:32:21 utku2 systemd[1]: Listening on udev Control Socket.
Nis 24 17:32:21 utku2 systemd[1]: Set up automount Arbitrary Executable File Formats File System Automount Point.
Nis 24 17:32:21 utku2 systemd[1]: Listening on udev Kernel Socket.
Nis 24 17:32:21 utku2 systemd[1]: Listening on Journal Socket.
Nis 24 17:32:21 utku2 systemd[1]: Starting Set Up Additional Binary Formats...
Nis 24 17:32:21 utku2 kernel: EXT4-fs (sda3): re-mounted. Opts: (null)
Nis 24 17:32:21 utku2 systemd[1]: Condition check resulted in Rebuild Hardware Database being skipped.
Nis 24 17:32:21 utku2 systemd[1]: Started Create list of required static device nodes for the current kernel.
Nis 24 17:32:21 utku2 systemd[1]: Mounted Arbitrary Executable File Formats File System.
Nis 24 17:32:21 utku2 systemd[1]: Started Set Up Additional Binary Formats.
Nis 24 17:32:21 utku2 systemd[1]: Started udev Coldplug all Devices.
Nis 24 17:32:21 utku2 systemd[1]: Started Load/Save Random Seed.
Nis 24 17:32:21 utku2 systemd-journald[249]: Journal started
Nis 24 17:32:21 utku2 systemd-journald[249]: Runtime journal (/run/log/journal/532485b3fd6e468293c927b7e21ba911) is 8.0M, max 346.4M, 338.4M free.
Nis 24 17:32:21 utku2 systemd-modules-load[253]: Inserted module 'crypto_user'
Nis 24 17:32:21 utku2 systemd[1]: Starting Flush Journal to Persistent Storage...
Nis 24 17:32:21 utku2 systemd[1]: Started Journal Service.
Nis 24 17:32:21 utku2 systemd[1]: Started LVM2 metadata daemon.
Nis 24 17:32:21 utku2 systemd-modules-load[253]: Inserted module 'sg'
Nis 24 17:32:21 utku2 kernel: sd 0:0:0:0: Attached scsi generic sg0 type 0
Nis 24 17:32:21 utku2 systemd-journald[249]: Time spent on flushing to /var is 23.462978s for 715 entries.
Nis 24 17:32:21 utku2 systemd-journald[249]: System journal (/var/log/journal/532485b3fd6e468293c927b7e21ba911) is 3.1G, max 4.0G, 823.6M free.
Nis 24 17:32:52 utku2 kernel: Linux agpgart interface v0.103
Nis 24 17:32:52 utku2 kernel: input: Power Button as /devices/LNXSYSTM:00/LNXSYBUS:00/PNP0C0C:00/input/input4
Nis 24 17:32:52 utku2 kernel: ACPI: Power Button [PWRB]
Nis 24 17:32:52 utku2 kernel: input: Sleep Button as /devices/LNXSYSTM:00/LNXSYBUS:00/PNP0C0E:00/input/input5
Nis 24 17:32:52 utku2 kernel: ACPI: Sleep Button [SLPB]
Nis 24 17:32:52 utku2 kernel: input: Lid Switch as /devices/LNXSYSTM:00/LNXSYBUS:00/PNP0C0D:00/input/input6
Nis 24 17:32:52 utku2 kernel: ACPI: Lid Switch [LID]
Nis 24 17:32:52 utku2 kernel: input: Power Button as /devices/LNXSYSTM:00/LNXPWRBN:00/input/input7
Nis 24 17:32:52 utku2 kernel: ACPI: Power Button [PWRF]
Nis 24 17:32:52 utku2 kernel: ACPI: Video Device [VGA] (multi-head: yes  rom: no  post: no)
Nis 24 17:32:52 utku2 kernel: acpi device:00: registered as cooling_device4
Nis 24 17:32:52 utku2 kernel: input: Video Bus as /devices/LNXSYSTM:00/LNXSYBUS:00/PNP0A08:00/LNXVIDEO:00/input/input8
Nis 24 17:32:52 utku2 kernel: ACPI: Video Device [VGA2] (multi-head: yes  rom: no  post: no)
Nis 24 17:32:52 utku2 kernel: acpi device:0a: registered as cooling_device5
Nis 24 17:32:52 utku2 kernel: input: Video Bus as /devices/LNXSYSTM:00/LNXSYBUS:00/PNP0A08:00/device:09/LNXVIDEO:02/input/input9
Nis 24 17:32:52 utku2 kernel: input: Acer Wireless Radio Control as /devices/LNXSYSTM:00/10251229:00/input/input10
Nis 24 17:32:52 utku2 kernel: input: PC Speaker as /devices/platform/pcspkr/input/input11
Nis 24 17:32:52 utku2 kernel: acpi_cpufreq: overriding BIOS provided _PSD data
Nis 24 17:32:52 utku2 kernel: ACPI: AC Adapter [ACAD] (on-line)
Nis 24 17:32:52 utku2 kernel: tpm_crb MSFT0101:00: can't request region for resource [mem 0xbfbb9000-0xbfbbcfff]
Nis 24 17:32:52 utku2 kernel: tpm_crb: probe of MSFT0101:00 failed with error -16
Nis 24 17:32:52 utku2 kernel: battery: ACPI: Battery Slot [BAT1] (battery present)
Nis 24 17:32:52 utku2 kernel: cryptd: max_cpu_qlen set to 1000
Nis 24 17:32:52 utku2 kernel: acer_wmi: Acer Laptop ACPI-WMI Extras
Nis 24 17:32:52 utku2 kernel: acer_wmi: Function bitmap for Communication Button: 0x801
Nis 24 17:32:52 utku2 kernel: input: Acer WMI hotkeys as /devices/virtual/input/input12
Nis 24 17:32:52 utku2 kernel: piix4_smbus 0000:00:14.0: SMBus Host Controller at 0xb00, revision 0
Nis 24 17:32:52 utku2 kernel: piix4_smbus 0000:00:14.0: Using register 0x02 for SMBus port selection
Nis 24 17:32:52 utku2 kernel: AVX2 version of gcm_enc/dec engaged.
Nis 24 17:32:52 utku2 kernel: AES CTR mode by8 optimization enabled
Nis 24 17:32:52 utku2 kernel: sp5100_tco: SP5100/SB800 TCO WatchDog Timer Driver
Nis 24 17:32:52 utku2 kernel: sp5100-tco sp5100-tco: Using 0xfeb00000 for watchdog MMIO address
Nis 24 17:32:52 utku2 kernel: sp5100-tco sp5100-tco: initialized. heartbeat=60 sec (nowayout=0)
Nis 24 17:32:52 utku2 kernel: cfg80211: Loading compiled-in X.509 certificates for regulatory database
Nis 24 17:32:52 utku2 kernel: cfg80211: Loaded X.509 cert 'sforshee: 00b28ddf47aef9cea7'
Nis 24 17:32:52 utku2 kernel: AMD-Vi: AMD IOMMUv2 driver by Joerg Roedel <jroedel@suse.de>
Nis 24 17:32:52 utku2 kernel: kvm: Nested Virtualization enabled
Nis 24 17:32:52 utku2 kernel: kvm: Nested Paging enabled
Nis 24 17:32:52 utku2 kernel: SVM: Virtual GIF supported
Nis 24 17:32:52 utku2 kernel: Intel(R) Wireless WiFi driver for Linux
Nis 24 17:32:52 utku2 kernel: Copyright(c) 2003- 2015 Intel Corporation
Nis 24 17:32:52 utku2 kernel: MCE: In-kernel MCE decoding enabled.
Nis 24 17:32:52 utku2 kernel: EDAC amd64: Node 0: DRAM ECC disabled.
Nis 24 17:32:52 utku2 kernel: EDAC amd64: ECC disabled in the BIOS or no ECC capability, module will not load.
                               Either enable ECC checking or force module loading by setting 'ecc_enable_override'.
                               (Note that use of the override may cause unknown side effects.)
Nis 24 17:32:52 utku2 kernel: snd_hda_intel 0000:00:01.1: Force to non-snoop mode
Nis 24 17:32:52 utku2 kernel: input: HDA ATI HDMI HDMI/DP,pcm=3 as /devices/pci0000:00/0000:00:01.1/sound/card0/input13
Nis 24 17:32:52 utku2 kernel: iwlwifi 0000:02:00.0: loaded firmware version 29.1044073957.0 op_mode iwlmvm
Nis 24 17:32:52 utku2 kernel: [drm] amdgpu kernel modesetting enabled.
Nis 24 17:32:52 utku2 kernel: vga_switcheroo: detected switching method \_SB_.PCI0.VGA_.ATPX handle
Nis 24 17:32:52 utku2 kernel: ATPX version 1, functions 0x00000003
Nis 24 17:32:52 utku2 kernel: ATPX Hybrid Graphics
Nis 24 17:32:52 utku2 kernel: Parsing CRAT table with 1 nodes
Nis 24 17:32:52 utku2 kernel: Creating topology SYSFS entries
Nis 24 17:32:52 utku2 kernel: Topology: Add APU node [0x0:0x0]
Nis 24 17:32:52 utku2 kernel: Finished initializing topology
Nis 24 17:32:52 utku2 kernel: checking generic (e0000000 420000) vs hw (e0000000 10000000)
Nis 24 17:32:52 utku2 kernel: fb0: switching to amdgpudrmfb from VESA VGA
Nis 24 17:32:52 utku2 kernel: Console: switching to colour dummy device 80x25
Nis 24 17:32:52 utku2 kernel: amdgpu 0000:00:01.0: vgaarb: deactivate vga console
Nis 24 17:32:52 utku2 kernel: [drm] initializing kernel modesetting (CARRIZO 0x1002:0x9874 0x1025:0x1201 0xCA).
Nis 24 17:32:52 utku2 kernel: [drm] register mmio base: 0xD1500000
Nis 24 17:32:52 utku2 kernel: [drm] register mmio size: 262144
Nis 24 17:32:52 utku2 kernel: [drm] add ip block number 0 <vi_common>
Nis 24 17:32:52 utku2 kernel: [drm] add ip block number 1 <gmc_v8_0>
Nis 24 17:32:52 utku2 kernel: [drm] add ip block number 2 <cz_ih>
Nis 24 17:32:52 utku2 kernel: [drm] add ip block number 3 <gfx_v8_0>
Nis 24 17:32:52 utku2 kernel: [drm] add ip block number 4 <sdma_v3_0>
Nis 24 17:32:52 utku2 kernel: [drm] add ip block number 5 <powerplay>
Nis 24 17:32:52 utku2 kernel: [drm] add ip block number 6 <dm>
Nis 24 17:32:52 utku2 kernel: [drm] add ip block number 7 <uvd_v6_0>
Nis 24 17:32:52 utku2 kernel: [drm] add ip block number 8 <vce_v3_0>
Nis 24 17:32:52 utku2 kernel: [drm] add ip block number 9 <acp_ip>
Nis 24 17:32:52 utku2 kernel: [drm] UVD is enabled in physical mode
Nis 24 17:32:52 utku2 kernel: [drm] VCE enabled in physical mode
Nis 24 17:32:52 utku2 kernel: [drm] BIOS signature incorrect 0 0
Nis 24 17:32:52 utku2 kernel: resource sanity check: requesting [mem 0x000c0000-0x000dffff], which spans more than PCI Bus 0000:00 [mem 0x000c0000-0x000c3fff window]
Nis 24 17:32:52 utku2 kernel: caller pci_map_rom+0x6a/0x17d mapping multiple BARs
Nis 24 17:32:52 utku2 kernel: ATOM BIOS: 113-C91400-007
Nis 24 17:32:52 utku2 kernel: [drm] RAS INFO: ras initialized successfully, hardware ability[0] ras_mask[0]
Nis 24 17:32:52 utku2 kernel: [drm] vm size is 64 GB, 2 levels, block size is 10-bit, fragment size is 9-bit
Nis 24 17:32:52 utku2 kernel: amdgpu 0000:00:01.0: VRAM: 1024M 0x000000F400000000 - 0x000000F43FFFFFFF (1024M used)
Nis 24 17:32:52 utku2 kernel: amdgpu 0000:00:01.0: GART: 1024M 0x000000FF00000000 - 0x000000FF3FFFFFFF
Nis 24 17:32:52 utku2 kernel: [drm] Detected VRAM RAM=1024M, BAR=1024M
Nis 24 17:32:52 utku2 kernel: [drm] RAM width 64bits UNKNOWN
Nis 24 17:32:52 utku2 kernel: [TTM] Zone  kernel: Available graphics memory: 3547418 KiB
Nis 24 17:32:52 utku2 kernel: [TTM] Zone   dma32: Available graphics memory: 2097152 KiB
Nis 24 17:32:52 utku2 kernel: [TTM] Initializing pool allocator
Nis 24 17:32:52 utku2 kernel: [TTM] Initializing DMA pool allocator
Nis 24 17:32:52 utku2 kernel: [drm] amdgpu: 1024M of VRAM memory ready
Nis 24 17:32:52 utku2 kernel: [drm] amdgpu: 3072M of GTT memory ready.
Nis 24 17:32:52 utku2 kernel: [drm] GART: num cpu pages 262144, num gpu pages 262144
Nis 24 17:32:52 utku2 kernel: [drm] PCIE GART of 1024M enabled (table at 0x000000F400401000).
Nis 24 17:32:52 utku2 kernel: snd_hda_codec_realtek hdaudioC1D0: autoconfig for ALC255: line_outs=1 (0x14/0x0/0x0/0x0/0x0) type:speaker
Nis 24 17:32:52 utku2 kernel: snd_hda_codec_realtek hdaudioC1D0:    speaker_outs=0 (0x0/0x0/0x0/0x0/0x0)
Nis 24 17:32:52 utku2 kernel: snd_hda_codec_realtek hdaudioC1D0:    hp_outs=1 (0x21/0x0/0x0/0x0/0x0)
Nis 24 17:32:52 utku2 kernel: snd_hda_codec_realtek hdaudioC1D0:    mono: mono_out=0x0
Nis 24 17:32:52 utku2 kernel: snd_hda_codec_realtek hdaudioC1D0:    inputs:
Nis 24 17:32:52 utku2 kernel: snd_hda_codec_realtek hdaudioC1D0:      Headset Mic=0x19
Nis 24 17:32:52 utku2 kernel: snd_hda_codec_realtek hdaudioC1D0:      Internal Mic=0x12
Nis 24 17:32:52 utku2 kernel: input: HDA Digital PCBeep as /devices/pci0000:00/0000:00:09.2/sound/card1/input14
Nis 24 17:32:52 utku2 kernel: input: HD-Audio Generic Front Headphone as /devices/pci0000:00/0000:00:09.2/sound/card1/input15
Nis 24 17:32:52 utku2 kernel: mousedev: PS/2 mouse device common for all mice
Nis 24 17:32:52 utku2 kernel: Bluetooth: Core ver 2.22
Nis 24 17:32:52 utku2 kernel: NET: Registered protocol family 31
Nis 24 17:32:52 utku2 kernel: Bluetooth: HCI device and connection manager initialized
Nis 24 17:32:52 utku2 kernel: Bluetooth: HCI socket layer initialized
Nis 24 17:32:53 utku2 kernel: Bluetooth: L2CAP socket layer initialized
Nis 24 17:32:53 utku2 kernel: Bluetooth: SCO socket layer initialized
Nis 24 17:32:53 utku2 kernel: iwlwifi 0000:02:00.0: Detected Intel(R) Dual Band Wireless AC 3168, REV=0x220
Nis 24 17:32:53 utku2 kernel: iwlwifi 0000:02:00.0: base HW address: 90:61:ae:30:14:39
Nis 24 17:32:53 utku2 kernel: ieee80211 phy0: Selected rate control algorithm 'iwl-mvm-rs'
Nis 24 17:32:53 utku2 kernel: thermal thermal_zone0: failed to read out thermal zone (-61)
Nis 24 17:32:53 utku2 kernel: iwlwifi 0000:02:00.0 wlp2s0: renamed from wlan0
Nis 24 17:32:53 utku2 kernel: [drm] Found UVD firmware Version: 1.91 Family ID: 11
Nis 24 17:32:53 utku2 kernel: [drm] UVD ENC is disabled
Nis 24 17:32:53 utku2 kernel: media: Linux media interface: v0.10
Nis 24 17:32:53 utku2 kernel: usbcore: registered new interface driver btusb
Nis 24 17:32:53 utku2 kernel: Bluetooth: hci0: read Intel version: 370810225019140f00
Nis 24 17:32:53 utku2 kernel: [drm] Found VCE firmware Version: 52.4 Binary ID: 3
Nis 24 17:32:53 utku2 kernel: smu version 27.17.00
Nis 24 17:32:53 utku2 kernel: [drm] DM_PPLIB: values for Engine clock
Nis 24 17:32:53 utku2 kernel: [drm] DM_PPLIB:         300000
Nis 24 17:32:53 utku2 kernel: [drm] DM_PPLIB:         480000
Nis 24 17:32:53 utku2 kernel: [drm] DM_PPLIB:         533340
Nis 24 17:32:53 utku2 kernel: [drm] DM_PPLIB:         576000
Nis 24 17:32:53 utku2 kernel: [drm] DM_PPLIB:         626090
Nis 24 17:32:53 utku2 kernel: [drm] DM_PPLIB:         685720
Nis 24 17:32:53 utku2 kernel: [drm] DM_PPLIB:         720000
Nis 24 17:32:53 utku2 kernel: [drm] DM_PPLIB:         757900
Nis 24 17:32:53 utku2 kernel: [drm] DM_PPLIB: Validation clocks:
Nis 24 17:32:53 utku2 kernel: [drm] DM_PPLIB:    engine_max_clock: 75790
Nis 24 17:32:53 utku2 kernel: [drm] DM_PPLIB:    memory_max_clock: 93300
Nis 24 17:32:53 utku2 kernel: [drm] DM_PPLIB:    level           : 8
Nis 24 17:32:53 utku2 kernel: [drm] DM_PPLIB: values for Display clock
Nis 24 17:32:53 utku2 kernel: [drm] DM_PPLIB:         300000
Nis 24 17:32:53 utku2 kernel: [drm] DM_PPLIB:         400000
Nis 24 17:32:53 utku2 kernel: [drm] DM_PPLIB:         496560
Nis 24 17:32:53 utku2 kernel: [drm] DM_PPLIB:         626090
Nis 24 17:32:53 utku2 kernel: [drm] DM_PPLIB:         685720
Nis 24 17:32:53 utku2 kernel: [drm] DM_PPLIB:         757900
Nis 24 17:32:53 utku2 kernel: [drm] DM_PPLIB:         800000
Nis 24 17:32:53 utku2 kernel: [drm] DM_PPLIB:         847060
Nis 24 17:32:53 utku2 kernel: [drm] DM_PPLIB: Validation clocks:
Nis 24 17:32:53 utku2 kernel: [drm] DM_PPLIB:    engine_max_clock: 75790
Nis 24 17:32:53 utku2 kernel: [drm] DM_PPLIB:    memory_max_clock: 93300
Nis 24 17:32:53 utku2 kernel: [drm] DM_PPLIB:    level           : 8
Nis 24 17:32:53 utku2 kernel: [drm] DM_PPLIB: values for Memory clock
Nis 24 17:32:53 utku2 kernel: [drm] DM_PPLIB:         667000
Nis 24 17:32:53 utku2 kernel: [drm] DM_PPLIB:         933000
Nis 24 17:32:53 utku2 kernel: [drm] DM_PPLIB: Validation clocks:
Nis 24 17:32:53 utku2 kernel: [drm] DM_PPLIB:    engine_max_clock: 75790
Nis 24 17:32:53 utku2 kernel: [drm] DM_PPLIB:    memory_max_clock: 93300
Nis 24 17:32:53 utku2 kernel: [drm] DM_PPLIB:    level           : 8
Nis 24 17:32:53 utku2 kernel: [drm:construct [amdgpu]] *ERROR* construct: Invalid Connector ObjectID from Adapter Service for connector index:2! type 0 expected 3
Nis 24 17:32:53 utku2 kernel: [drm] Display Core initialized with v3.2.26!
Nis 24 17:32:53 utku2 kernel: [drm] SADs count is: -2, don't need to read it
Nis 24 17:32:53 utku2 kernel: [drm] Supports vblank timestamp caching Rev 2 (21.10.2013).
Nis 24 17:32:53 utku2 kernel: [drm] Driver supports precise vblank timestamp query.
Nis 24 17:32:53 utku2 kernel: [drm] UVD initialized successfully.
Nis 24 17:32:53 utku2 kernel: videodev: Linux video capture interface: v2.00
Nis 24 17:32:53 utku2 kernel: Bluetooth: hci0: Intel Bluetooth firmware file: intel/ibt-hw-37.8.10-fw-22.50.19.14.f.bseq
Nis 24 17:32:53 utku2 kernel: [drm] VCE initialized successfully.
Nis 24 17:32:53 utku2 kernel: kfd kfd: Allocated 3969056 bytes on gart
Nis 24 17:32:53 utku2 kernel: Topology: Add APU node [0x9874:0x1002]
Nis 24 17:32:53 utku2 kernel: kfd kfd: added device 1002:9874
Nis 24 17:32:53 utku2 kernel: [drm] fb mappable at 0x1FF9E5000
Nis 24 17:32:53 utku2 kernel: [drm] vram apper at 0x1FF000000
Nis 24 17:32:53 utku2 kernel: [drm] size 4325376
Nis 24 17:32:53 utku2 kernel: [drm] fb depth is 24
Nis 24 17:32:53 utku2 kernel: [drm]    pitch is 5632
Nis 24 17:32:53 utku2 kernel: fbcon: amdgpudrmfb (fb0) is primary device
Nis 24 17:32:53 utku2 kernel: Console: switching to colour frame buffer device 170x48
Nis 24 17:32:53 utku2 kernel: amdgpu 0000:00:01.0: fb0: amdgpudrmfb frame buffer device
Nis 24 17:32:53 utku2 kernel: [drm] Initialized amdgpu 3.32.0 20150101 for 0000:00:01.0 on minor 0
Nis 24 17:32:53 utku2 kernel: [drm] initializing kernel modesetting (POLARIS12 0x1002:0x699F 0x1025:0x1210 0xC3).
Nis 24 17:32:53 utku2 kernel: [drm] register mmio base: 0xD1200000
Nis 24 17:32:53 utku2 kernel: [drm] register mmio size: 262144
Nis 24 17:32:53 utku2 kernel: [drm] add ip block number 0 <vi_common>
Nis 24 17:32:53 utku2 kernel: [drm] add ip block number 1 <gmc_v8_0>
Nis 24 17:32:53 utku2 kernel: [drm] add ip block number 2 <tonga_ih>
Nis 24 17:32:53 utku2 kernel: [drm] add ip block number 3 <gfx_v8_0>
Nis 24 17:32:53 utku2 kernel: [drm] add ip block number 4 <sdma_v3_0>
Nis 24 17:32:53 utku2 kernel: [drm] add ip block number 5 <powerplay>
Nis 24 17:32:53 utku2 kernel: [drm] add ip block number 6 <dm>
Nis 24 17:32:53 utku2 kernel: [drm] add ip block number 7 <uvd_v6_0>
Nis 24 17:32:53 utku2 kernel: [drm] add ip block number 8 <vce_v3_0>
Nis 24 17:32:53 utku2 kernel: kfd kfd: skipped device 1002:699f, PCI rejects atomics
Nis 24 17:32:53 utku2 kernel: [drm] UVD is enabled in VM mode
Nis 24 17:32:53 utku2 kernel: [drm] UVD ENC is enabled in VM mode
Nis 24 17:32:53 utku2 kernel: [drm] VCE enabled in VM mode
Nis 24 17:32:53 utku2 kernel: vga_switcheroo: enabled
Nis 24 17:32:53 utku2 kernel: ATOM BIOS: SWBRT23054.001
Nis 24 17:32:53 utku2 kernel: [drm] GPU posting now...
Nis 24 17:32:53 utku2 kernel: [drm] RAS INFO: ras initialized successfully, hardware ability[0] ras_mask[0]
Nis 24 17:32:53 utku2 kernel: [drm] vm size is 64 GB, 2 levels, block size is 10-bit, fragment size is 9-bit
Nis 24 17:32:53 utku2 kernel: amdgpu 0000:03:00.0: VRAM: 2048M 0x000000F400000000 - 0x000000F47FFFFFFF (2048M used)
Nis 24 17:32:53 utku2 kernel: amdgpu 0000:03:00.0: GART: 256M 0x000000FF00000000 - 0x000000FF0FFFFFFF
Nis 24 17:32:53 utku2 kernel: [drm] Detected VRAM RAM=2048M, BAR=256M
Nis 24 17:32:53 utku2 kernel: [drm] RAM width 128bits GDDR5
Nis 24 17:32:53 utku2 kernel: [drm] amdgpu: 2048M of VRAM memory ready
Nis 24 17:32:53 utku2 kernel: [drm] amdgpu: 3072M of GTT memory ready.
Nis 24 17:32:53 utku2 kernel: [drm] GART: num cpu pages 65536, num gpu pages 65536
Nis 24 17:32:53 utku2 kernel: [drm] PCIE GART of 256M enabled (table at 0x000000F400000000).
Nis 24 17:32:53 utku2 kernel: Bluetooth: hci0: Intel firmware patch completed and activated
Nis 24 17:32:53 utku2 kernel: [drm] Chained IB support enabled!
Nis 24 17:32:53 utku2 kernel: uvcvideo: Found UVC 1.00 device HD WebCam (0408:a060)
Nis 24 17:32:53 utku2 kernel: uvcvideo 1-1.4:1.0: Entity type for entity Extension 4 was not initialized!
Nis 24 17:32:53 utku2 kernel: uvcvideo 1-1.4:1.0: Entity type for entity Processing 2 was not initialized!
Nis 24 17:32:53 utku2 kernel: uvcvideo 1-1.4:1.0: Entity type for entity Camera 1 was not initialized!
Nis 24 17:32:53 utku2 kernel: input: HD WebCam: HD WebCam as /devices/pci0000:00/0000:00:12.0/usb1/1-1/1-1.4/1-1.4:1.0/input/input16
Nis 24 17:32:53 utku2 kernel: usbcore: registered new interface driver uvcvideo
Nis 24 17:32:53 utku2 kernel: USB Video Class driver (1.1.1)
Nis 24 17:32:53 utku2 kernel: [drm] Found UVD firmware Version: 1.130 Family ID: 16
Nis 24 17:32:53 utku2 kernel: EXT4-fs (sda2): mounted filesystem with ordered data mode. Opts: (null)
Nis 24 17:32:53 utku2 kernel: [drm] Found VCE firmware Version: 53.26 Binary ID: 3
Nis 24 17:32:53 utku2 kernel: amdgpu: [powerplay] Voltage value looks like a Leakage ID but it's not patched 
Nis 24 17:32:53 utku2 kernel: amdgpu: [powerplay] Voltage value looks like a Leakage ID but it's not patched 
Nis 24 17:32:53 utku2 kernel: amdgpu: [powerplay] Voltage value looks like a Leakage ID but it's not patched 
Nis 24 17:32:53 utku2 kernel: amdgpu: [powerplay] Voltage value looks like a Leakage ID but it's not patched 
Nis 24 17:32:53 utku2 kernel: amdgpu: [powerplay] Voltage value looks like a Leakage ID but it's not patched 
Nis 24 17:32:53 utku2 kernel: amdgpu: [powerplay] Voltage value looks like a Leakage ID but it's not patched 
Nis 24 17:32:53 utku2 kernel: amdgpu: [powerplay] Voltage value looks like a Leakage ID but it's not patched 
Nis 24 17:32:53 utku2 kernel: [drm] DM_PPLIB: values for Engine clock
Nis 24 17:32:54 utku2 kernel: [drm] DM_PPLIB:         214000
Nis 24 17:32:54 utku2 kernel: [drm] DM_PPLIB:         551000
Nis 24 17:32:54 utku2 kernel: [drm] DM_PPLIB:         734000
Nis 24 17:32:54 utku2 kernel: [drm] DM_PPLIB:         921000
Nis 24 17:32:54 utku2 kernel: [drm] DM_PPLIB:         980000
Nis 24 17:32:54 utku2 kernel: [drm] DM_PPLIB:         1046000
Nis 24 17:32:54 utku2 kernel: [drm] DM_PPLIB: Validation clocks:
Nis 24 17:32:54 utku2 kernel: [drm] DM_PPLIB:    engine_max_clock: 104600
Nis 24 17:32:54 utku2 kernel: [drm] DM_PPLIB:    memory_max_clock: 125000
Nis 24 17:32:54 utku2 kernel: [drm] DM_PPLIB:    level           : 8
Nis 24 17:32:54 utku2 kernel: [drm] DM_PPLIB: values for Memory clock
Nis 24 17:32:54 utku2 kernel: [drm] DM_PPLIB:         300000
Nis 24 17:32:54 utku2 kernel: [drm] DM_PPLIB:         625000
Nis 24 17:32:54 utku2 kernel: [drm] DM_PPLIB:         1250000
Nis 24 17:32:54 utku2 kernel: [drm] DM_PPLIB: Validation clocks:
Nis 24 17:32:54 utku2 kernel: [drm] DM_PPLIB:    engine_max_clock: 104600
Nis 24 17:32:54 utku2 kernel: [drm] DM_PPLIB:    memory_max_clock: 125000
Nis 24 17:32:54 utku2 kernel: [drm] DM_PPLIB:    level           : 8
Nis 24 17:32:54 utku2 kernel: [drm] Display Core initialized with v3.2.26!
Nis 24 17:32:54 utku2 kernel: [drm] Supports vblank timestamp caching Rev 2 (21.10.2013).
Nis 24 17:32:54 utku2 kernel: [drm] Driver supports precise vblank timestamp query.
Nis 24 17:32:54 utku2 kernel: [drm] UVD and UVD ENC initialized successfully.
Nis 24 17:32:54 utku2 kernel: [drm] VCE initialized successfully.
Nis 24 17:32:54 utku2 kernel: [drm] Initialized amdgpu 3.32.0 20150101 for 0000:03:00.0 on minor 1
Nis 24 17:32:54 utku2 kernel: EXT4-fs (sda1): mounted filesystem with ordered data mode. Opts: (null)
Nis 24 17:32:54 utku2 kernel: amdgpu: [powerplay] 
                               failed to send message 154 ret is 0 
Nis 24 17:32:54 utku2 kernel: Adding 4194292k swap on /home/swap.  Priority:-2 extents:9 across:6717428k FS
Nis 24 17:32:54 utku2 kernel: amdgpu 0000:03:00.0: [drm:amdgpu_ib_ring_tests [amdgpu]] *ERROR* IB test failed on uvd (-110).
Nis 24 17:32:54 utku2 kernel: amdgpu 0000:03:00.0: [drm:amdgpu_ib_ring_tests [amdgpu]] *ERROR* IB test failed on uvd_enc0 (-110).
Nis 24 17:32:54 utku2 kernel: amdgpu 0000:03:00.0: [drm:amdgpu_ib_ring_tests [amdgpu]] *ERROR* IB test failed on uvd_enc1 (-110).
Nis 24 17:32:54 utku2 kernel: amdgpu: [powerplay] 
                               last message was failed ret is 0
Nis 24 17:32:54 utku2 kernel: amdgpu: [powerplay] 
                               failed to send message 15a ret is 0 
Nis 24 17:32:54 utku2 kernel: [drm:amdgpu_device_ip_late_init_func_handler [amdgpu]] *ERROR* ib ring test failed (-110).
Nis 24 17:32:54 utku2 kernel: amdgpu: [powerplay] 
                               last message was failed ret is 0
Nis 24 17:32:54 utku2 kernel: amdgpu: [powerplay] 
                               failed to send message 15b ret is 0 
Nis 24 17:32:54 utku2 kernel: amdgpu: [powerplay] 
                               last message was failed ret is 0
Nis 24 17:32:54 utku2 kernel: amdgpu: [powerplay] 
                               failed to send message 281 ret is 0 
Nis 24 17:32:54 utku2 kernel: amdgpu: [powerplay] 
                               last message was failed ret is 0
Nis 24 17:32:54 utku2 kernel: amdgpu: [powerplay] 
                               failed to send message 261 ret is 0 
Nis 24 17:32:54 utku2 kernel: amdgpu: [powerplay] 
                               last message was failed ret is 0
Nis 24 17:32:54 utku2 kernel: amdgpu: [powerplay] 
                               failed to send message 261 ret is 0 
Nis 24 17:32:54 utku2 kernel: amdgpu: [powerplay] 
                               last message was failed ret is 0
Nis 24 17:32:33 utku2 mtp-probe[436]: checking bus 1, device 6: "/sys/devices/pci0000:00/0000:00:12.0/usb1/1-1/1-1.4"
Nis 24 17:32:55 utku2 kernel: amdgpu: [powerplay] 
                               failed to send message 261 ret is 0 
Nis 24 17:32:21 utku2 systemd-modules-load[253]: Inserted module 'vboxguest'
Nis 24 17:32:33 utku2 mtp-probe[428]: checking bus 1, device 4: "/sys/devices/pci0000:00/0000:00:12.0/usb1/1-1/1-1.2"
Nis 24 17:32:21 utku2 systemd-modules-load[253]: Failed to find module 'vboxsf'
Nis 24 17:32:33 utku2 mtp-probe[421]: checking bus 1, device 3: "/sys/devices/pci0000:00/0000:00:12.0/usb1/1-1/1-1.1"
Nis 24 17:32:23 utku2 systemd-modules-load[253]: Inserted module 'vboxvideo'
Nis 24 17:32:33 utku2 mtp-probe[428]: bus: 1, device: 4 was not an MTP device
Nis 24 17:32:23 utku2 systemd-modules-load[253]: Failed to find module 'vboxsf'
Nis 24 17:32:33 utku2 mtp-probe[436]: bus: 1, device: 6 was not an MTP device
Nis 24 17:32:23 utku2 systemd[1]: Started Create System Users.
Nis 24 17:32:33 utku2 mtp-probe[421]: bus: 1, device: 3 was not an MTP device
Nis 24 17:32:23 utku2 systemd[1]: Starting Create Static Device Nodes in /dev...
Nis 24 17:32:55 utku2 ufw-init[269]: Skip starting firewall: ufw (not enabled)
Nis 24 17:32:53 utku2 bluetoothd[705]: Bluetooth daemon 5.50
Nis 24 17:32:56 utku2 kernel: amdgpu: [powerplay] 
                               last message was failed ret is 0
Nis 24 17:32:23 utku2 systemd-modules-load[253]: Failed to find module 'vboxdrv'
Nis 24 17:32:53 utku2 crond[704]: (CRON) STARTUP (1.5.4)
Nis 24 17:32:23 utku2 systemd-modules-load[253]: Failed to find module 'vboxnetadp'
Nis 24 17:32:53 utku2 crond[704]: (CRON) INFO (Syslog will be used instead of sendmail.)
Nis 24 17:32:23 utku2 systemd-modules-load[253]: Failed to find module 'vboxnetflt'
Nis 24 17:32:53 utku2 crond[704]: (CRON) INFO (RANDOM_DELAY will be scaled with factor 33% if used.)
Nis 24 17:32:23 utku2 systemd-modules-load[253]: Failed to find module 'vboxpci'
Nis 24 17:32:54 utku2 crond[704]: (CRON) INFO (running with inotify support)
Nis 24 17:32:23 utku2 systemd-modules-load[253]: Failed to find module 'vboxsf'
Nis 24 17:32:56 utku2 systemd-fsck[548]: /dev/sda1: clean, 2026763/44253184 files, 162348263/177008640 blocks
Nis 24 17:32:54 utku2 avahi-daemon[700]: Found user 'avahi' (UID 978) and group 'avahi' (GID 978).
Nis 24 17:32:23 utku2 systemd-modules-load[253]: Failed to find module 'vboxdrv'
Nis 24 17:32:54 utku2 ModemManager[703]: <info>  ModemManager (version 1.10.0) starting in system bus...
Nis 24 17:32:23 utku2 systemd-modules-load[253]: Failed to find module 'vboxnetadp'
Nis 24 17:32:23 utku2 systemd-modules-load[253]: Failed to find module 'vboxnetflt'
Nis 24 17:32:23 utku2 systemd-modules-load[253]: Failed to find module 'vboxpci'
Nis 24 17:32:24 utku2 systemd-modules-load[253]: Inserted module 'uinput'
Nis 24 17:32:24 utku2 systemd-modules-load[253]: Failed to find module 'vboxsf'
Nis 24 17:32:24 utku2 systemd-modules-load[253]: Failed to find module 'vboxdrv'
Nis 24 17:32:24 utku2 systemd-modules-load[253]: Failed to find module 'vboxpci'
Nis 24 17:32:24 utku2 systemd-modules-load[253]: Failed to find module 'vboxnetadp'
Nis 24 17:32:24 utku2 systemd-modules-load[253]: Failed to find module 'vboxnetflt'
Nis 24 17:32:24 utku2 systemd[1]: systemd-modules-load.service: Main process exited, code=exited, status=1/FAILURE
Nis 24 17:32:56 utku2 kernel: amdgpu: [powerplay] 
                               failed to send message 261 ret is 0 
Nis 24 17:32:24 utku2 systemd[1]: systemd-modules-load.service: Failed with result 'exit-code'.
Nis 24 17:32:56 utku2 sysctl[693]: kernel.random.write_wakeup_threshold = 1024
Nis 24 17:32:24 utku2 systemd[1]: Failed to start Load Kernel Modules.
Nis 24 17:32:24 utku2 systemd[1]: Mounting Kernel Configuration File System...
Nis 24 17:32:56 utku2 haveged[696]: haveged: listening socket at 3
Nis 24 17:32:56 utku2 haveged[696]: haveged: ver: 1.9.4; arch: x86; vend: ; build: (gcc 8.2.0 ITV); collect: 128K
Nis 24 17:32:56 utku2 haveged[696]: haveged: cpu: (VC); data: 32K (V); inst: 96K (V); idx: 39/40; sz: 52825/52825
Nis 24 17:32:56 utku2 haveged[696]: haveged: tot tests(BA8): A:1/1 B:1/1 continuous tests(B):  last entropy estimate 7.99369
Nis 24 17:32:56 utku2 haveged[696]: haveged: fills: 0, generated: 0
Nis 24 17:32:24 utku2 systemd[1]: Condition check resulted in FUSE Control File System being skipped.
Nis 24 17:32:24 utku2 systemd[1]: Starting Apply Kernel Variables...
Nis 24 17:32:24 utku2 systemd[1]: Mounted Kernel Configuration File System.
Nis 24 17:32:24 utku2 systemd[1]: Started Apply Kernel Variables.
Nis 24 17:32:24 utku2 systemd[1]: Starting CLI Netfilter Manager...
Nis 24 17:32:25 utku2 systemd[1]: Started Create Static Device Nodes in /dev.
Nis 24 17:32:25 utku2 systemd[1]: Starting udev Kernel Device Manager...
Nis 24 17:32:25 utku2 systemd[1]: Started CLI Netfilter Manager.
Nis 24 17:32:29 utku2 systemd[1]: Started udev Kernel Device Manager.
Nis 24 17:32:30 utku2 systemd-udevd[285]: link_config: autonegotiation is unset or enabled, the speed and duplex are not writable.
Nis 24 17:32:30 utku2 systemd[1]: Listening on Load/Save RF Kill Switch Status /dev/rfkill Watch.
Nis 24 17:32:31 utku2 systemd[1]: Starting Load/Save RF Kill Switch Status...
Nis 24 17:32:32 utku2 systemd-udevd[303]: Process '/usr/bin/set-wireless-regdom' failed with exit code 1.
Nis 24 17:32:32 utku2 systemd[1]: Started Load/Save RF Kill Switch Status.
Nis 24 17:32:34 utku2 systemd[1]: Found device WDC_WD10SPZX-21Z10T0 1.
Nis 24 17:32:34 utku2 systemd[1]: Condition check resulted in File System Check on Root Device being skipped.
Nis 24 17:32:34 utku2 systemd[1]: Condition check resulted in Rebuild Hardware Database being skipped.
Nis 24 17:32:34 utku2 systemd[1]: Starting Load Kernel Modules...
Nis 24 17:32:34 utku2 systemd[1]: Condition check resulted in First Boot Wizard being skipped.
Nis 24 17:32:34 utku2 systemd-modules-load[510]: Failed to find module 'vboxsf'
Nis 24 17:32:34 utku2 systemd-modules-load[510]: Failed to find module 'vboxsf'
Nis 24 17:32:34 utku2 systemd-modules-load[510]: Failed to find module 'vboxdrv'
Nis 24 17:32:34 utku2 systemd-modules-load[510]: Failed to find module 'vboxnetadp'
Nis 24 17:32:34 utku2 systemd-modules-load[510]: Failed to find module 'vboxnetflt'
Nis 24 17:32:34 utku2 systemd-modules-load[510]: Failed to find module 'vboxpci'
Nis 24 17:32:34 utku2 systemd-modules-load[510]: Failed to find module 'vboxsf'
Nis 24 17:32:34 utku2 systemd-modules-load[510]: Failed to find module 'vboxdrv'
Nis 24 17:32:34 utku2 systemd-modules-load[510]: Failed to find module 'vboxnetadp'
Nis 24 17:32:34 utku2 systemd-modules-load[510]: Failed to find module 'vboxnetflt'
Nis 24 17:32:34 utku2 systemd-modules-load[510]: Failed to find module 'vboxpci'
Nis 24 17:32:34 utku2 systemd-modules-load[510]: Failed to find module 'vboxsf'
Nis 24 17:32:34 utku2 systemd-modules-load[510]: Failed to find module 'vboxdrv'
Nis 24 17:32:34 utku2 systemd-modules-load[510]: Failed to find module 'vboxpci'
Nis 24 17:32:34 utku2 systemd-modules-load[510]: Failed to find module 'vboxnetadp'
Nis 24 17:32:34 utku2 systemd-modules-load[510]: Failed to find module 'vboxnetflt'
Nis 24 17:32:57 utku2 kernel: amdgpu: [powerplay] 
                               last message was failed ret is 0
Nis 24 17:32:34 utku2 systemd[1]: systemd-modules-load.service: Main process exited, code=exited, status=1/FAILURE
Nis 24 17:32:34 utku2 systemd[1]: systemd-modules-load.service: Failed with result 'exit-code'.
Nis 24 17:32:34 utku2 systemd[1]: Failed to start Load Kernel Modules.
Nis 24 17:32:34 utku2 systemd[1]: Condition check resulted in FUSE Control File System being skipped.
Nis 24 17:32:34 utku2 systemd-udevd[314]: Using default interface naming scheme 'v240'.
Nis 24 17:32:34 utku2 systemd-udevd[314]: link_config: autonegotiation is unset or enabled, the speed and duplex are not writable.
Nis 24 17:32:34 utku2 systemd-udevd[302]: Using default interface naming scheme 'v240'.
Nis 24 17:32:34 utku2 systemd[1]: Found device WDC_WD10SPZX-21Z10T0 2.
Nis 24 17:32:35 utku2 systemd[1]: Started Monitoring of LVM2 mirrors, snapshots etc. using dmeventd or progress polling.
Nis 24 17:32:35 utku2 systemd[1]: Reached target Local File Systems (Pre).
Nis 24 17:32:35 utku2 systemd[1]: Mounting /mnt/sda2...
Nis 24 17:32:35 utku2 systemd[1]: Condition check resulted in Virtual Machine and Container Storage (Compatibility) being skipped.
Nis 24 17:32:35 utku2 systemd[1]: Starting File System Check on /dev/disk/by-uuid/63450211-8dcb-4c6e-8bc6-01e4eafa6707...
Nis 24 17:32:36 utku2 systemd[1]: Condition check resulted in First Boot Wizard being skipped.
Nis 24 17:32:36 utku2 systemd[1]: Condition check resulted in File System Check on Root Device being skipped.
Nis 24 17:32:36 utku2 systemd[1]: Condition check resulted in Rebuild Hardware Database being skipped.
Nis 24 17:32:36 utku2 systemd[1]: Starting Load Kernel Modules...
Nis 24 17:32:36 utku2 systemd-modules-load[656]: Failed to find module 'vboxsf'
Nis 24 17:32:36 utku2 systemd-modules-load[656]: Failed to find module 'vboxsf'
Nis 24 17:32:36 utku2 systemd-modules-load[656]: Failed to find module 'vboxdrv'
Nis 24 17:32:36 utku2 systemd-modules-load[656]: Failed to find module 'vboxnetadp'
Nis 24 17:32:36 utku2 systemd-modules-load[656]: Failed to find module 'vboxnetflt'
Nis 24 17:32:36 utku2 systemd-modules-load[656]: Failed to find module 'vboxpci'
Nis 24 17:32:36 utku2 systemd-modules-load[656]: Failed to find module 'vboxsf'
Nis 24 17:32:36 utku2 systemd-modules-load[656]: Failed to find module 'vboxdrv'
Nis 24 17:32:36 utku2 systemd-modules-load[656]: Failed to find module 'vboxnetadp'
Nis 24 17:32:36 utku2 systemd-modules-load[656]: Failed to find module 'vboxnetflt'
Nis 24 17:32:36 utku2 systemd-modules-load[656]: Failed to find module 'vboxpci'
Nis 24 17:32:36 utku2 systemd-modules-load[656]: Failed to find module 'vboxsf'
Nis 24 17:32:36 utku2 systemd-modules-load[656]: Failed to find module 'vboxdrv'
Nis 24 17:32:36 utku2 systemd-modules-load[656]: Failed to find module 'vboxpci'
Nis 24 17:32:36 utku2 systemd-modules-load[656]: Failed to find module 'vboxnetadp'
Nis 24 17:32:36 utku2 systemd-modules-load[656]: Failed to find module 'vboxnetflt'
Nis 24 17:32:36 utku2 systemd[1]: systemd-modules-load.service: Main process exited, code=exited, status=1/FAILURE
Nis 24 17:32:36 utku2 systemd[1]: systemd-modules-load.service: Failed with result 'exit-code'.
Nis 24 17:32:36 utku2 systemd[1]: Failed to start Load Kernel Modules.
Nis 24 17:32:36 utku2 systemd[1]: Condition check resulted in FUSE Control File System being skipped.
Nis 24 17:32:36 utku2 systemd[1]: Mounted /mnt/sda2.
Nis 24 17:32:36 utku2 systemd-udevd[305]: Process '/usr/bin/alsactl restore 0' failed with exit code 99.
Nis 24 17:32:58 utku2 dbus-daemon[698]: [system] Activating via systemd: service name='org.freedesktop.hostname1' unit='dbus-org.freedesktop.hostname1.service' requested by ':1.4' (uid=0 pid=699 comm="/usr/bin/NetworkManager --no-daemon ")
Nis 24 17:32:59 utku2 kernel: amdgpu: [powerplay] 
                               failed to send message 261 ret is 0 
Nis 24 17:32:59 utku2 kernel: Bluetooth: BNEP (Ethernet Emulation) ver 1.3
Nis 24 17:32:59 utku2 kernel: Bluetooth: BNEP filters: protocol multicast
Nis 24 17:32:59 utku2 kernel: Bluetooth: BNEP socket layer initialized
Nis 24 17:32:36 utku2 systemd-udevd[284]: Process '/usr/bin/alsactl restore 1' failed with exit code 99.
Nis 24 17:32:58 utku2 avahi-daemon[700]: Successfully dropped root privileges.
Nis 24 17:32:59 utku2 kernel: amdgpu: [powerplay] 
                               last message was failed ret is 0
Nis 24 17:32:37 utku2 systemd[1]: Created slice system-systemd\x2dbacklight.slice.
Nis 24 17:32:58 utku2 avahi-daemon[700]: avahi-daemon 0.7 starting up.
Nis 24 17:32:37 utku2 systemd[1]: Starting Load/Save Screen Backlight Brightness of backlight:acpi_video0...
Nis 24 17:32:58 utku2 bluetoothd[705]: Starting SDP server
Nis 24 17:32:37 utku2 systemd[1]: Starting Load/Save Screen Backlight Brightness of backlight:acpi_video1...
Nis 24 17:32:58 utku2 avahi-daemon[700]: Successfully called chroot().
Nis 24 17:32:37 utku2 systemd[1]: Starting Load/Save Screen Backlight Brightness of backlight:amdgpu_bl0...
Nis 24 17:32:58 utku2 avahi-daemon[700]: Successfully dropped remaining capabilities.
Nis 24 17:32:37 utku2 systemd-backlight[680]: Failed to get backlight or LED device 'backlight:acpi_video0': No such device
Nis 24 17:32:58 utku2 avahi-daemon[700]: No service file found in /etc/avahi/services.
Nis 24 17:32:37 utku2 systemd[1]: systemd-backlight@backlight:acpi_video0.service: Main process exited, code=exited, status=1/FAILURE
Nis 24 17:32:58 utku2 avahi-daemon[700]: Network interface enumeration completed.
Nis 24 17:32:37 utku2 systemd[1]: systemd-backlight@backlight:acpi_video0.service: Failed with result 'exit-code'.
Nis 24 17:32:59 utku2 sixad[732]: Can't read version info hci0: Network is down (100)
Nis 24 17:32:59 utku2 kernel: amdgpu: [powerplay] 
                               failed to send message 261 ret is 0 
Nis 24 17:32:58 utku2 avahi-daemon[700]: Server startup complete. Host name is utku2.local. Local service cookie is 186826732.
Nis 24 17:32:37 utku2 systemd-backlight[681]: Failed to get backlight or LED device 'backlight:acpi_video1': No such device
Nis 24 17:32:58 utku2 dbus-daemon[698]: [system] Activating via systemd: service name='org.freedesktop.PolicyKit1' unit='polkit.service' requested by ':1.5' (uid=0 pid=703 comm="/usr/bin/ModemManager ")
Nis 24 17:32:37 utku2 systemd[1]: Failed to start Load/Save Screen Backlight Brightness of backlight:acpi_video0.
Nis 24 17:32:58 utku2 bluetoothd[705]: Bluetooth management interface 1.14 initialized
Nis 24 17:32:37 utku2 systemd[1]: systemd-backlight@backlight:acpi_video1.service: Main process exited, code=exited, status=1/FAILURE
Nis 24 17:32:59 utku2 dbus-daemon[698]: [system] Successfully activated service 'org.freedesktop.hostname1'
Nis 24 17:32:37 utku2 systemd[1]: systemd-backlight@backlight:acpi_video1.service: Failed with result 'exit-code'.
Nis 24 17:32:59 utku2 dbus-daemon[698]: [system] Activating via systemd: service name='org.freedesktop.Accounts' unit='accounts-daemon.service' requested by ':1.9' (uid=0 pid=733 comm="/usr/bin/lightdm ")
Nis 24 17:32:37 utku2 systemd[1]: Failed to start Load/Save Screen Backlight Brightness of backlight:acpi_video1.
Nis 24 17:32:37 utku2 systemd[1]: Started Load/Save Screen Backlight Brightness of backlight:amdgpu_bl0.
Nis 24 17:32:38 utku2 systemd[1]: Started File System Check on /dev/disk/by-uuid/63450211-8dcb-4c6e-8bc6-01e4eafa6707.
Nis 24 17:32:38 utku2 systemd[1]: Mounting /home...
Nis 24 17:32:38 utku2 systemd[1]: Mounted /home.
Nis 24 17:32:38 utku2 systemd[1]: Activating swap /home/swap...
Nis 24 17:32:39 utku2 systemd[1]: Activated swap /home/swap.
Nis 24 17:32:39 utku2 systemd[1]: Reached target Swap.
Nis 24 17:32:39 utku2 systemd[1]: Mounting Temporary Directory (/tmp)...
Nis 24 17:32:39 utku2 systemd[1]: Mounted Temporary Directory (/tmp).
Nis 24 17:33:00 utku2 polkitd[734]: Started polkitd version 0.116
Nis 24 17:32:39 utku2 systemd[1]: Reached target Local File Systems.
Nis 24 17:32:39 utku2 systemd[1]: Starting Rebuild Dynamic Linker Cache...
Nis 24 17:32:39 utku2 systemd[1]: Condition check resulted in Commit a transient machine-id on disk being skipped.
Nis 24 17:32:39 utku2 systemd[1]: Starting Rebuild Journal Catalog...
Nis 24 17:32:40 utku2 systemd[1]: Started Rebuild Journal Catalog.
Nis 24 17:32:40 utku2 systemd[1]: systemd-rfkill.service: Succeeded.
Nis 24 17:32:46 utku2 systemd[1]: Started Rebuild Dynamic Linker Cache.
Nis 24 17:32:46 utku2 systemd[1]: Starting Update is Completed...
Nis 24 17:32:47 utku2 systemd[1]: Started Update is Completed.
Nis 24 17:32:51 utku2 systemd[1]: Started Flush Journal to Persistent Storage.
Nis 24 17:32:51 utku2 systemd[1]: Starting Create Volatile Files and Directories...
Nis 24 17:32:52 utku2 systemd[1]: Started Create Volatile Files and Directories.
Nis 24 17:32:52 utku2 systemd[1]: Starting Entropy Harvesting Daemon...
Nis 24 17:32:52 utku2 systemd[1]: Starting Update UTMP about System Boot/Shutdown...
Nis 24 17:32:53 utku2 systemd[1]: Started Update UTMP about System Boot/Shutdown.
Nis 24 17:32:53 utku2 systemd[1]: Started Entropy Harvesting Daemon.
Nis 24 17:32:53 utku2 systemd[1]: Reached target System Initialization.
Nis 24 17:32:53 utku2 systemd[1]: Started CUPS Scheduler.
Nis 24 17:32:53 utku2 systemd[1]: Reached target Paths.
Nis 24 17:32:53 utku2 systemd[1]: Started Generate mirrorlist weekly.
Nis 24 17:32:53 utku2 systemd[1]: Started Daily locate database update.
Nis 24 17:32:53 utku2 systemd[1]: Started Daily Cleanup of Temporary Directories.
Nis 24 17:32:53 utku2 systemd[1]: Listening on CUPS Scheduler.
Nis 24 17:32:53 utku2 systemd[1]: Listening on D-Bus System Message Bus Socket.
Nis 24 17:32:53 utku2 systemd[1]: Listening on Avahi mDNS/DNS-SD Stack Activation Socket.
Nis 24 17:32:53 utku2 systemd[1]: Reached target Sockets.
Nis 24 17:32:53 utku2 systemd[1]: Reached target Basic System.
Nis 24 17:32:53 utku2 systemd[1]: Starting Login Service...
Nis 24 17:32:53 utku2 systemd[1]: Started D-Bus System Message Bus.
Nis 24 17:32:53 utku2 systemd[1]: Starting Network Manager...
Nis 24 17:32:53 utku2 systemd[1]: Condition check resulted in Save/Restore Sound Card State being skipped.
Nis 24 17:33:00 utku2 bluetoothd[705]: Terminating
Nis 24 17:32:53 utku2 systemd[1]: Starting Avahi mDNS/DNS-SD Stack...
Nis 24 17:33:00 utku2 bluetoothd[705]: Stopping SDP server
Nis 24 17:32:53 utku2 systemd[1]: Starting Deferred execution scheduler...
Nis 24 17:33:00 utku2 bluetoothd[705]: Exit
Nis 24 17:32:53 utku2 systemd[1]: Started Daily rotation of log files.
