#####

beginning of 'journalctl -b0'

#####
-- Logs begin at Sun 2019-02-03 14:44:07 EET, end at Thu 2019-04-18 21:04:15 EEST. --
Nis 18 20:47:24 utku-Linux kernel: Linux version 4.17.19-041719-generic (kernel@tangerine) (gcc version 8.2.0 (Ubuntu 8.2.0-4ubuntu1)) #201808240919 SMP Fri Aug 24 13:22:37 UTC 2018
Nis 18 20:47:24 utku-Linux kernel: Command line: BOOT_IMAGE=/boot/vmlinuz-4.17.19-041719-generic root=UUID=e3ebef21-735f-41b1-9203-4450a61559ff ro quiet ivrs_ioapic[4]=00:14.0 ivrs_ioapic[5]=00:00.2 nomodeset splash
Nis 18 20:47:24 utku-Linux kernel: KERNEL supported cpus:
Nis 18 20:47:24 utku-Linux kernel:   Intel GenuineIntel
Nis 18 20:47:24 utku-Linux kernel:   AMD AuthenticAMD
Nis 18 20:47:24 utku-Linux kernel:   Centaur CentaurHauls
Nis 18 20:47:24 utku-Linux kernel: [Firmware Info]: CPU: Re-enabling disabled Topology Extensions Support.
Nis 18 20:47:24 utku-Linux kernel: x86/fpu: Supporting XSAVE feature 0x001: 'x87 floating point registers'
Nis 18 20:47:24 utku-Linux kernel: x86/fpu: Supporting XSAVE feature 0x002: 'SSE registers'
Nis 18 20:47:24 utku-Linux kernel: x86/fpu: Supporting XSAVE feature 0x004: 'AVX registers'
Nis 18 20:47:24 utku-Linux kernel: x86/fpu: xstate_offset[2]:  576, xstate_sizes[2]:  256
Nis 18 20:47:24 utku-Linux kernel: x86/fpu: Enabled xstate features 0x7, context size is 832 bytes, using 'standard' format.
Nis 18 20:47:24 utku-Linux kernel: e820: BIOS-provided physical RAM map:
Nis 18 20:47:24 utku-Linux kernel: BIOS-e820: [mem 0x0000000000000000-0x000000000009f7ff] usable
Nis 18 20:47:24 utku-Linux kernel: BIOS-e820: [mem 0x000000000009f800-0x000000000009ffff] reserved
Nis 18 20:47:24 utku-Linux kernel: BIOS-e820: [mem 0x00000000000e0000-0x00000000000fffff] reserved
Nis 18 20:47:24 utku-Linux kernel: BIOS-e820: [mem 0x0000000000100000-0x00000000b93b4fff] usable
Nis 18 20:47:24 utku-Linux kernel: BIOS-e820: [mem 0x00000000b93b5000-0x00000000b9db4fff] ACPI NVS
Nis 18 20:47:24 utku-Linux kernel: BIOS-e820: [mem 0x00000000b9db5000-0x00000000befbdfff] usable
Nis 18 20:47:24 utku-Linux kernel: BIOS-e820: [mem 0x00000000befbe000-0x00000000bf8bdfff] reserved
Nis 18 20:47:24 utku-Linux kernel: BIOS-e820: [mem 0x00000000bf8be000-0x00000000bfbbdfff] ACPI NVS
Nis 18 20:47:24 utku-Linux kernel: BIOS-e820: [mem 0x00000000bfbbe000-0x00000000bfbfefff] ACPI data
Nis 18 20:47:24 utku-Linux kernel: BIOS-e820: [mem 0x00000000bfbff000-0x00000000bfbfffff] usable
Nis 18 20:47:24 utku-Linux kernel: BIOS-e820: [mem 0x00000000bfc00000-0x00000000bfffffff] reserved
Nis 18 20:47:24 utku-Linux kernel: BIOS-e820: [mem 0x00000000d1000000-0x00000000d10fffff] reserved
Nis 18 20:47:24 utku-Linux kernel: BIOS-e820: [mem 0x00000000f8000000-0x00000000fbffffff] reserved
Nis 18 20:47:24 utku-Linux kernel: BIOS-e820: [mem 0x00000000fec00000-0x00000000fec00fff] reserved
Nis 18 20:47:24 utku-Linux kernel: BIOS-e820: [mem 0x00000000fec10000-0x00000000fec10fff] reserved
Nis 18 20:47:24 utku-Linux kernel: BIOS-e820: [mem 0x00000000fed80000-0x00000000fed80fff] reserved
Nis 18 20:47:24 utku-Linux kernel: BIOS-e820: [mem 0x00000000fee00000-0x00000000fee00fff] reserved
Nis 18 20:47:24 utku-Linux kernel: BIOS-e820: [mem 0x00000000ff800000-0x00000000ffffffff] reserved
Nis 18 20:47:24 utku-Linux kernel: BIOS-e820: [mem 0x0000000100000000-0x00000001feffffff] usable
Nis 18 20:47:24 utku-Linux kernel: BIOS-e820: [mem 0x00000001ff000000-0x000000023effffff] reserved
Nis 18 20:47:24 utku-Linux kernel: NX (Execute Disable) protection: active
Nis 18 20:47:24 utku-Linux kernel: SMBIOS 3.0 present.
Nis 18 20:47:24 utku-Linux kernel: DMI: Acer Aspire A515-41G/Wartortle_BS, BIOS V1.09 06/27/2018
Nis 18 20:47:24 utku-Linux kernel: e820: update [mem 0x00000000-0x00000fff] usable ==> reserved
Nis 18 20:47:24 utku-Linux kernel: e820: remove [mem 0x000a0000-0x000fffff] usable
Nis 18 20:47:24 utku-Linux kernel: e820: last_pfn = 0x1ff000 max_arch_pfn = 0x400000000
Nis 18 20:47:24 utku-Linux kernel: MTRR default type: uncachable
Nis 18 20:47:24 utku-Linux kernel: MTRR fixed ranges enabled:
Nis 18 20:47:24 utku-Linux kernel:   00000-9FFFF write-back
Nis 18 20:47:24 utku-Linux kernel:   A0000-BFFFF uncachable
Nis 18 20:47:24 utku-Linux kernel:   C0000-FFFFF write-through
Nis 18 20:47:24 utku-Linux kernel: MTRR variable ranges enabled:
Nis 18 20:47:24 utku-Linux kernel:   0 base 000000000000 mask FFFF80000000 write-back
Nis 18 20:47:24 utku-Linux kernel:   1 base 000080000000 mask FFFFC0000000 write-back
Nis 18 20:47:24 utku-Linux kernel:   2 base 0000FF800000 mask FFFFFF800000 write-protect
Nis 18 20:47:24 utku-Linux kernel:   3 disabled
Nis 18 20:47:24 utku-Linux kernel:   4 disabled
Nis 18 20:47:24 utku-Linux kernel:   5 disabled
Nis 18 20:47:24 utku-Linux kernel:   6 disabled
Nis 18 20:47:24 utku-Linux kernel:   7 disabled
Nis 18 20:47:24 utku-Linux kernel: TOM2: 000000023f000000 aka 9200M
Nis 18 20:47:24 utku-Linux kernel: x86/PAT: Configuration [0-7]: WB  WC  UC- UC  WB  WP  UC- WT  
Nis 18 20:47:24 utku-Linux kernel: e820: last_pfn = 0xbfc00 max_arch_pfn = 0x400000000
Nis 18 20:47:24 utku-Linux kernel: Scanning 1 areas for low memory corruption
Nis 18 20:47:24 utku-Linux kernel: Base memory trampoline at [        (ptrval)] 99000 size 24576
Nis 18 20:47:24 utku-Linux kernel: Using GB pages for direct mapping
Nis 18 20:47:24 utku-Linux kernel: BRK [0x14f94a000, 0x14f94afff] PGTABLE
Nis 18 20:47:24 utku-Linux kernel: BRK [0x14f94b000, 0x14f94bfff] PGTABLE
Nis 18 20:47:24 utku-Linux kernel: BRK [0x14f94c000, 0x14f94cfff] PGTABLE
Nis 18 20:47:24 utku-Linux kernel: BRK [0x14f94d000, 0x14f94dfff] PGTABLE
Nis 18 20:47:24 utku-Linux kernel: BRK [0x14f94e000, 0x14f94efff] PGTABLE
Nis 18 20:47:24 utku-Linux kernel: BRK [0x14f94f000, 0x14f94ffff] PGTABLE
Nis 18 20:47:24 utku-Linux kernel: BRK [0x14f950000, 0x14f950fff] PGTABLE
Nis 18 20:47:24 utku-Linux kernel: BRK [0x14f951000, 0x14f951fff] PGTABLE
Nis 18 20:47:24 utku-Linux kernel: BRK [0x14f952000, 0x14f952fff] PGTABLE
Nis 18 20:47:24 utku-Linux kernel: BRK [0x14f953000, 0x14f953fff] PGTABLE
Nis 18 20:47:24 utku-Linux kernel: RAMDISK: [mem 0x33677000-0x35b32fff]
Nis 18 20:47:24 utku-Linux kernel: ACPI: Early table checksum verification disabled
Nis 18 20:47:24 utku-Linux kernel: ACPI: RSDP 0x00000000000FE020 000024 (v02 ACRSYS)
Nis 18 20:47:24 utku-Linux kernel: ACPI: XSDT 0x00000000BFBD2188 0000D4 (v01 ACRSYS ACRPRDCT 00000001      01000013)
Nis 18 20:47:24 utku-Linux kernel: ACPI: FACP 0x00000000BFBF9000 00010C (v05 ACRSYS ACRPRDCT 00000001 1025 00040000)
Nis 18 20:47:24 utku-Linux kernel: ACPI: DSDT 0x00000000BFBEB000 00800B (v01 ACRSYS ACRPRDCT 00040000 1025 00040000)
Nis 18 20:47:24 utku-Linux kernel: ACPI: FACS 0x00000000BFB85000 000040
Nis 18 20:47:24 utku-Linux kernel: ACPI: UEFI 0x00000000BFBFD000 000236 (v01 ACRSYS ACRPRDCT 00000001 1025 00040000)
Nis 18 20:47:24 utku-Linux kernel: ACPI: MSDM 0x00000000BFBFC000 000055 (v03 ACRSYS ACRPRDCT 00000001 1025 00040000)
Nis 18 20:47:24 utku-Linux kernel: ACPI: ASF! 0x00000000BFBFB000 0000A5 (v32 ACRSYS ACRPRDCT 00000001 1025 00040000)
Nis 18 20:47:24 utku-Linux kernel: ACPI: BOOT 0x00000000BFBFA000 000028 (v01 ACRSYS ACRPRDCT 00000001 1025 00040000)
Nis 18 20:47:24 utku-Linux kernel: ACPI: HPET 0x00000000BFBF8000 000038 (v01 ACRSYS ACRPRDCT 00000001 1025 00040000)
Nis 18 20:47:24 utku-Linux kernel: ACPI: APIC 0x00000000BFBF7000 000090 (v03 ACRSYS ACRPRDCT 00000001 1025 00040000)
Nis 18 20:47:24 utku-Linux kernel: ACPI: MCFG 0x00000000BFBF6000 00003C (v01 ACRSYS ACRPRDCT 00000001 1025 00040000)
Nis 18 20:47:24 utku-Linux kernel: ACPI: SPCR 0x00000000BFBF4000 000050 (v01 ACRSYS ACRPRDCT 00000001 1025 00040000)
Nis 18 20:47:24 utku-Linux kernel: ACPI: UEFI 0x00000000BFBEA000 000042 (v01 ACRSYS ACRPRDCT 00000000 1025 00040000)
Nis 18 20:47:24 utku-Linux kernel: ACPI: SSDT 0x00000000BFBE4000 0054D0 (v01 ACRSYS ACRPRDCT 00001000 1025 00040000)
Nis 18 20:47:24 utku-Linux kernel: ACPI: SSDT 0x00000000BFBF5000 0009F8 (v01 ACRSYS ACRPRDCT 00000001 1025 00040000)
Nis 18 20:47:24 utku-Linux kernel: ACPI: SSDT 0x00000000BFBDB000 00888F (v02 ACRSYS ACRPRDCT 00000002 1025 00040000)
Nis 18 20:47:24 utku-Linux kernel: ACPI: IVRS 0x00000000BFBDA000 0000D0 (v02 ACRSYS ACRPRDCT 00000001 1025 00040000)
Nis 18 20:47:24 utku-Linux kernel: ACPI: CRAT 0x00000000BFBD9000 000528 (v01 ACRSYS ACRPRDCT 00000001 1025 00040000)
Nis 18 20:47:24 utku-Linux kernel: ACPI: SSDT 0x00000000BFBD8000 000482 (v01 ACRSYS ACRPRDCT 00001000 1025 00040000)
Nis 18 20:47:24 utku-Linux kernel: ACPI: TPM2 0x00000000BFBD7000 000034 (v03 ACRSYS ACRPRDCT 00000002 1025 00040000)
Nis 18 20:47:24 utku-Linux kernel: ACPI: SSDT 0x00000000BFBD5000 0015EA (v01 ACRSYS ACRPRDCT 00000001 1025 00040000)
Nis 18 20:47:24 utku-Linux kernel: ACPI: SSDT 0x00000000BFBD4000 000B5E (v01 ACRSYS ACRPRDCT 00000001 1025 00040000)
Nis 18 20:47:24 utku-Linux kernel: ACPI: SSDT 0x00000000BFBD3000 000454 (v01 ACRSYS ACRPRDCT 00000001 1025 00040000)
Nis 18 20:47:24 utku-Linux kernel: ACPI: SSDT 0x00000000BFBD0000 00165E (v01 ACRSYS ACRPRDCT 00000001 1025 00040000)
Nis 18 20:47:24 utku-Linux kernel: ACPI: FPDT 0x00000000BFBCF000 000044 (v01 ACRSYS ACRPRDCT 00000002 1025 00040000)
Nis 18 20:47:24 utku-Linux kernel: ACPI: Local APIC address 0xfee00000
Nis 18 20:47:24 utku-Linux kernel: No NUMA configuration found
Nis 18 20:47:24 utku-Linux kernel: Faking a node at [mem 0x0000000000000000-0x00000001feffffff]
Nis 18 20:47:24 utku-Linux kernel: NODE_DATA(0) allocated [mem 0x1fefd5000-0x1feffffff]
Nis 18 20:47:24 utku-Linux kernel: tsc: Fast TSC calibration using PIT
Nis 18 20:47:24 utku-Linux kernel: Zone ranges:
Nis 18 20:47:24 utku-Linux kernel:   DMA      [mem 0x0000000000001000-0x0000000000ffffff]
Nis 18 20:47:24 utku-Linux kernel:   DMA32    [mem 0x0000000001000000-0x00000000ffffffff]
Nis 18 20:47:24 utku-Linux kernel:   Normal   [mem 0x0000000100000000-0x00000001feffffff]
Nis 18 20:47:24 utku-Linux kernel:   Device   empty
Nis 18 20:47:24 utku-Linux kernel: Movable zone start for each node
Nis 18 20:47:24 utku-Linux kernel: Early memory node ranges
Nis 18 20:47:24 utku-Linux kernel:   node   0: [mem 0x0000000000001000-0x000000000009efff]
Nis 18 20:47:24 utku-Linux kernel:   node   0: [mem 0x0000000000100000-0x00000000b93b4fff]
Nis 18 20:47:24 utku-Linux kernel:   node   0: [mem 0x00000000b9db5000-0x00000000befbdfff]
Nis 18 20:47:24 utku-Linux kernel:   node   0: [mem 0x00000000bfbff000-0x00000000bfbfffff]
Nis 18 20:47:24 utku-Linux kernel:   node   0: [mem 0x0000000100000000-0x00000001feffffff]
Nis 18 20:47:24 utku-Linux kernel: Reserved but unavailable: 10915 pages
Nis 18 20:47:24 utku-Linux kernel: Initmem setup node 0 [mem 0x0000000000001000-0x00000001feffffff]
Nis 18 20:47:24 utku-Linux kernel: On node 0 totalpages: 1824093
Nis 18 20:47:24 utku-Linux kernel:   DMA zone: 64 pages used for memmap
Nis 18 20:47:24 utku-Linux kernel:   DMA zone: 21 pages reserved
Nis 18 20:47:24 utku-Linux kernel:   DMA zone: 3998 pages, LIFO batch:0
Nis 18 20:47:24 utku-Linux kernel:   DMA32 zone: 12119 pages used for memmap
Nis 18 20:47:24 utku-Linux kernel:   DMA32 zone: 775615 pages, LIFO batch:31
Nis 18 20:47:24 utku-Linux kernel:   Normal zone: 16320 pages used for memmap
Nis 18 20:47:24 utku-Linux kernel:   Normal zone: 1044480 pages, LIFO batch:31
Nis 18 20:47:24 utku-Linux kernel: ACPI: PM-Timer IO Port: 0x408
Nis 18 20:47:24 utku-Linux kernel: ACPI: Local APIC address 0xfee00000
Nis 18 20:47:24 utku-Linux kernel: ACPI: LAPIC_NMI (acpi_id[0x00] high edge lint[0x1])
Nis 18 20:47:24 utku-Linux kernel: ACPI: LAPIC_NMI (acpi_id[0x01] high edge lint[0x1])
Nis 18 20:47:24 utku-Linux kernel: ACPI: LAPIC_NMI (acpi_id[0x02] high edge lint[0x1])
Nis 18 20:47:24 utku-Linux kernel: ACPI: LAPIC_NMI (acpi_id[0x03] high edge lint[0x1])
Nis 18 20:47:24 utku-Linux kernel: IOAPIC[0]: apic_id 4, version 33, address 0xfec00000, GSI 0-23
Nis 18 20:47:24 utku-Linux kernel: IOAPIC[1]: apic_id 5, version 33, address 0xfec01000, GSI 24-55
Nis 18 20:47:24 utku-Linux kernel: ACPI: INT_SRC_OVR (bus 0 bus_irq 0 global_irq 2 dfl dfl)
Nis 18 20:47:24 utku-Linux kernel: ACPI: INT_SRC_OVR (bus 0 bus_irq 9 global_irq 9 low level)
Nis 18 20:47:24 utku-Linux kernel: ACPI: IRQ0 used by override.
Nis 18 20:47:24 utku-Linux kernel: ACPI: IRQ9 used by override.
Nis 18 20:47:24 utku-Linux kernel: Using ACPI (MADT) for SMP configuration information
Nis 18 20:47:24 utku-Linux kernel: ACPI: HPET id: 0x10228210 base: 0xfed00000
Nis 18 20:47:24 utku-Linux kernel: ACPI: SPCR: SPCR table version 1
Nis 18 20:47:24 utku-Linux kernel: ACPI: SPCR: console: uart,io,0x3f8,115200
Nis 18 20:47:24 utku-Linux kernel: smpboot: Allowing 4 CPUs, 0 hotplug CPUs
Nis 18 20:47:24 utku-Linux kernel: PM: Registered nosave memory: [mem 0x00000000-0x00000fff]
Nis 18 20:47:24 utku-Linux kernel: PM: Registered nosave memory: [mem 0x0009f000-0x0009ffff]
Nis 18 20:47:24 utku-Linux kernel: PM: Registered nosave memory: [mem 0x000a0000-0x000dffff]
Nis 18 20:47:24 utku-Linux kernel: PM: Registered nosave memory: [mem 0x000e0000-0x000fffff]
Nis 18 20:47:24 utku-Linux kernel: PM: Registered nosave memory: [mem 0xb93b5000-0xb9db4fff]
Nis 18 20:47:24 utku-Linux kernel: PM: Registered nosave memory: [mem 0xbefbe000-0xbf8bdfff]
Nis 18 20:47:24 utku-Linux kernel: PM: Registered nosave memory: [mem 0xbf8be000-0xbfbbdfff]
Nis 18 20:47:24 utku-Linux kernel: PM: Registered nosave memory: [mem 0xbfbbe000-0xbfbfefff]
Nis 18 20:47:24 utku-Linux kernel: PM: Registered nosave memory: [mem 0xbfc00000-0xbfffffff]
Nis 18 20:47:24 utku-Linux kernel: PM: Registered nosave memory: [mem 0xc0000000-0xd0ffffff]
Nis 18 20:47:24 utku-Linux kernel: PM: Registered nosave memory: [mem 0xd1000000-0xd10fffff]
Nis 18 20:47:24 utku-Linux kernel: PM: Registered nosave memory: [mem 0xd1100000-0xf7ffffff]
Nis 18 20:47:24 utku-Linux kernel: PM: Registered nosave memory: [mem 0xf8000000-0xfbffffff]
Nis 18 20:47:24 utku-Linux kernel: PM: Registered nosave memory: [mem 0xfc000000-0xfebfffff]
Nis 18 20:47:24 utku-Linux kernel: PM: Registered nosave memory: [mem 0xfec00000-0xfec00fff]
Nis 18 20:47:24 utku-Linux kernel: PM: Registered nosave memory: [mem 0xfec01000-0xfec0ffff]
Nis 18 20:47:24 utku-Linux kernel: PM: Registered nosave memory: [mem 0xfec10000-0xfec10fff]
Nis 18 20:47:24 utku-Linux kernel: PM: Registered nosave memory: [mem 0xfec11000-0xfed7ffff]
Nis 18 20:47:24 utku-Linux kernel: PM: Registered nosave memory: [mem 0xfed80000-0xfed80fff]
Nis 18 20:47:24 utku-Linux kernel: PM: Registered nosave memory: [mem 0xfed81000-0xfedfffff]
Nis 18 20:47:24 utku-Linux kernel: PM: Registered nosave memory: [mem 0xfee00000-0xfee00fff]
Nis 18 20:47:24 utku-Linux kernel: PM: Registered nosave memory: [mem 0xfee01000-0xff7fffff]
Nis 18 20:47:24 utku-Linux kernel: PM: Registered nosave memory: [mem 0xff800000-0xffffffff]
Nis 18 20:47:24 utku-Linux kernel: e820: [mem 0xd1100000-0xf7ffffff] available for PCI devices
Nis 18 20:47:24 utku-Linux kernel: Booting paravirtualized kernel on bare hardware
Nis 18 20:47:24 utku-Linux kernel: clocksource: refined-jiffies: mask: 0xffffffff max_cycles: 0xffffffff, max_idle_ns: 7645519600211568 ns
Nis 18 20:47:24 utku-Linux kernel: random: get_random_bytes called from start_kernel+0x99/0x55a with crng_init=0
Nis 18 20:47:24 utku-Linux kernel: setup_percpu: NR_CPUS:8192 nr_cpumask_bits:4 nr_cpu_ids:4 nr_node_ids:1
Nis 18 20:47:24 utku-Linux kernel: percpu: Embedded 46 pages/cpu @        (ptrval) s151552 r8192 d28672 u524288
Nis 18 20:47:24 utku-Linux kernel: pcpu-alloc: s151552 r8192 d28672 u524288 alloc=1*2097152
Nis 18 20:47:24 utku-Linux kernel: pcpu-alloc: [0] 0 1 2 3 
Nis 18 20:47:24 utku-Linux kernel: Built 1 zonelists, mobility grouping on.  Total pages: 1795569
Nis 18 20:47:24 utku-Linux kernel: Policy zone: Normal
Nis 18 20:47:24 utku-Linux kernel: Kernel command line: BOOT_IMAGE=/boot/vmlinuz-4.17.19-041719-generic root=UUID=e3ebef21-735f-41b1-9203-4450a61559ff ro quiet ivrs_ioapic[4]=00:14.0 ivrs_ioapic[5]=00:00.2 nomodeset splash
Nis 18 20:47:24 utku-Linux kernel: Calgary: detecting Calgary via BIOS EBDA area
Nis 18 20:47:24 utku-Linux kernel: Calgary: Unable to locate Rio Grande table in EBDA - bailing!
Nis 18 20:47:24 utku-Linux kernel: Memory: 7049072K/7296372K available (12300K kernel code, 2520K rwdata, 4340K rodata, 2432K init, 2384K bss, 247300K reserved, 0K cma-reserved)
Nis 18 20:47:24 utku-Linux kernel: SLUB: HWalign=64, Order=0-3, MinObjects=0, CPUs=4, Nodes=1
Nis 18 20:47:24 utku-Linux kernel: ftrace: allocating 40434 entries in 158 pages
Nis 18 20:47:24 utku-Linux kernel: Hierarchical RCU implementation.
Nis 18 20:47:24 utku-Linux kernel:         RCU restricting CPUs from NR_CPUS=8192 to nr_cpu_ids=4.
Nis 18 20:47:24 utku-Linux kernel:         Tasks RCU enabled.
Nis 18 20:47:24 utku-Linux kernel: RCU: Adjusting geometry for rcu_fanout_leaf=16, nr_cpu_ids=4
Nis 18 20:47:24 utku-Linux kernel: NR_IRQS: 524544, nr_irqs: 1000, preallocated irqs: 16
Nis 18 20:47:24 utku-Linux kernel: spurious 8259A interrupt: IRQ7.
Nis 18 20:47:24 utku-Linux kernel: Console: colour VGA+ 80x25
Nis 18 20:47:24 utku-Linux kernel: console [tty0] enabled
Nis 18 20:47:24 utku-Linux kernel: ACPI: Core revision 20180313
Nis 18 20:47:24 utku-Linux kernel: clocksource: hpet: mask: 0xffffffff max_cycles: 0xffffffff, max_idle_ns: 133484873504 ns
Nis 18 20:47:24 utku-Linux kernel: hpet clockevent registered
Nis 18 20:47:24 utku-Linux kernel: APIC: Switch to symmetric I/O mode setup
Nis 18 20:47:24 utku-Linux kernel: AMD-Vi: Command-line override present for IOAPIC id 4 - ignoring
Nis 18 20:47:24 utku-Linux kernel: AMD-Vi: Command-line override present for IOAPIC id 5 - ignoring
Nis 18 20:47:24 utku-Linux kernel: ..TIMER: vector=0x30 apic1=0 pin1=2 apic2=-1 pin2=-1
Nis 18 20:47:24 utku-Linux kernel: tsc: Fast TSC calibration using PIT
Nis 18 20:47:24 utku-Linux kernel: tsc: Detected 2495.076 MHz processor
Nis 18 20:47:24 utku-Linux kernel: clocksource: tsc-early: mask: 0xffffffffffffffff max_cycles: 0x23f70e516a7, max_idle_ns: 440795241940 ns
Nis 18 20:47:24 utku-Linux kernel: Calibrating delay loop (skipped), value calculated using timer frequency.. 4990.15 BogoMIPS (lpj=9980304)
Nis 18 20:47:24 utku-Linux kernel: pid_max: default: 32768 minimum: 301
Nis 18 20:47:24 utku-Linux kernel: Security Framework initialized
Nis 18 20:47:24 utku-Linux kernel: Yama: becoming mindful.
Nis 18 20:47:24 utku-Linux kernel: AppArmor: AppArmor initialized
Nis 18 20:47:24 utku-Linux kernel: Dentry cache hash table entries: 1048576 (order: 11, 8388608 bytes)
Nis 18 20:47:24 utku-Linux kernel: Inode-cache hash table entries: 524288 (order: 10, 4194304 bytes)
Nis 18 20:47:24 utku-Linux kernel: Mount-cache hash table entries: 16384 (order: 5, 131072 bytes)
Nis 18 20:47:24 utku-Linux kernel: Mountpoint-cache hash table entries: 16384 (order: 5, 131072 bytes)
Nis 18 20:47:24 utku-Linux kernel: mce: CPU supports 7 MCE banks
Nis 18 20:47:24 utku-Linux kernel: LVT offset 1 assigned for vector 0xf9
Nis 18 20:47:24 utku-Linux kernel: Last level iTLB entries: 4KB 512, 2MB 1024, 4MB 512
Nis 18 20:47:24 utku-Linux kernel: Last level dTLB entries: 4KB 1024, 2MB 1024, 4MB 512, 1GB 0
Nis 18 20:47:24 utku-Linux kernel: Spectre V2 : Mitigation: Full AMD retpoline
Nis 18 20:47:24 utku-Linux kernel: Spectre V2 : Spectre v2 / SpectreRSB mitigation: Filling RSB on context switch
Nis 18 20:47:24 utku-Linux kernel: Spectre V2 : Spectre v2 mitigation: Enabling Indirect Branch Prediction Barrier
Nis 18 20:47:24 utku-Linux kernel: Speculative Store Bypass: Mitigation: Speculative Store Bypass disabled via prctl and seccomp
Nis 18 20:47:24 utku-Linux kernel: Freeing SMP alternatives memory: 36K
Nis 18 20:47:24 utku-Linux kernel: smpboot: CPU0: AMD A10-9620P RADEON R5, 10 COMPUTE CORES 4C+6G (family: 0x15, model: 0x65, stepping: 0x1)
Nis 18 20:47:24 utku-Linux kernel: Performance Events: Fam15h core perfctr, AMD PMU driver.
Nis 18 20:47:24 utku-Linux kernel: ... version:                0
Nis 18 20:47:24 utku-Linux kernel: ... bit width:              48
Nis 18 20:47:24 utku-Linux kernel: ... generic registers:      6
Nis 18 20:47:24 utku-Linux kernel: ... value mask:             0000ffffffffffff
Nis 18 20:47:24 utku-Linux kernel: ... max period:             00007fffffffffff
Nis 18 20:47:24 utku-Linux kernel: ... fixed-purpose events:   0
Nis 18 20:47:24 utku-Linux kernel: ... event mask:             000000000000003f
Nis 18 20:47:24 utku-Linux kernel: Hierarchical SRCU implementation.
Nis 18 20:47:24 utku-Linux kernel: smp: Bringing up secondary CPUs ...
Nis 18 20:47:24 utku-Linux kernel: x86: Booting SMP configuration:
Nis 18 20:47:24 utku-Linux kernel: .... node  #0, CPUs:      #1
Nis 18 20:47:24 utku-Linux kernel: NMI watchdog: Enabled. Permanently consumes one hw-PMU counter.
Nis 18 20:47:24 utku-Linux kernel:  #2 #3
Nis 18 20:47:24 utku-Linux kernel: smp: Brought up 1 node, 4 CPUs
Nis 18 20:47:24 utku-Linux kernel: smpboot: Max logical packages: 1
Nis 18 20:47:24 utku-Linux kernel: smpboot: Total of 4 processors activated (19960.60 BogoMIPS)
Nis 18 20:47:24 utku-Linux kernel: devtmpfs: initialized
Nis 18 20:47:24 utku-Linux kernel: x86/mm: Memory block size: 128MB
Nis 18 20:47:24 utku-Linux kernel: evm: security.selinux
Nis 18 20:47:24 utku-Linux kernel: evm: security.SMACK64
Nis 18 20:47:24 utku-Linux kernel: evm: security.SMACK64EXEC
Nis 18 20:47:24 utku-Linux kernel: evm: security.SMACK64TRANSMUTE
Nis 18 20:47:24 utku-Linux kernel: evm: security.SMACK64MMAP
Nis 18 20:47:24 utku-Linux kernel: evm: security.apparmor
Nis 18 20:47:24 utku-Linux kernel: evm: security.ima
Nis 18 20:47:24 utku-Linux kernel: evm: security.capability
Nis 18 20:47:24 utku-Linux kernel: PM: Registering ACPI NVS region [mem 0xb93b5000-0xb9db4fff] (10485760 bytes)
Nis 18 20:47:24 utku-Linux kernel: PM: Registering ACPI NVS region [mem 0xbf8be000-0xbfbbdfff] (3145728 bytes)
Nis 18 20:47:24 utku-Linux kernel: clocksource: jiffies: mask: 0xffffffff max_cycles: 0xffffffff, max_idle_ns: 7645041785100000 ns
Nis 18 20:47:24 utku-Linux kernel: futex hash table entries: 1024 (order: 4, 65536 bytes)
Nis 18 20:47:24 utku-Linux kernel: pinctrl core: initialized pinctrl subsystem
Nis 18 20:47:24 utku-Linux kernel: RTC time: 17:47:11, date: 04/18/19
Nis 18 20:47:24 utku-Linux kernel: NET: Registered protocol family 16
Nis 18 20:47:24 utku-Linux kernel: audit: initializing netlink subsys (disabled)
Nis 18 20:47:24 utku-Linux kernel: audit: type=2000 audit(1555609631.056:1): state=initialized audit_enabled=0 res=1
Nis 18 20:47:24 utku-Linux kernel: cpuidle: using governor ladder
Nis 18 20:47:24 utku-Linux kernel: cpuidle: using governor menu
Nis 18 20:47:24 utku-Linux kernel: Simple Boot Flag at 0x44 set to 0x1
Nis 18 20:47:24 utku-Linux kernel: ACPI FADT declares the system doesn't support PCIe ASPM, so disable it
Nis 18 20:47:24 utku-Linux kernel: ACPI: bus type PCI registered
Nis 18 20:47:24 utku-Linux kernel: acpiphp: ACPI Hot Plug PCI Controller Driver version: 0.5
Nis 18 20:47:24 utku-Linux kernel: PCI: MMCONFIG for domain 0000 [bus 00-3f] at [mem 0xf8000000-0xfbffffff] (base 0xf8000000)
Nis 18 20:47:24 utku-Linux kernel: PCI: MMCONFIG at [mem 0xf8000000-0xfbffffff] reserved in E820
Nis 18 20:47:24 utku-Linux kernel: PCI: Using configuration type 1 for base access
Nis 18 20:47:24 utku-Linux kernel: mtrr: your CPUs had inconsistent variable MTRR settings
Nis 18 20:47:24 utku-Linux kernel: mtrr: probably your BIOS does not setup all CPUs.
Nis 18 20:47:24 utku-Linux kernel: mtrr: corrected configuration.
Nis 18 20:47:24 utku-Linux kernel: HugeTLB registered 1.00 GiB page size, pre-allocated 0 pages
Nis 18 20:47:24 utku-Linux kernel: HugeTLB registered 2.00 MiB page size, pre-allocated 0 pages
Nis 18 20:47:24 utku-Linux kernel: ACPI: Added _OSI(Module Device)
Nis 18 20:47:24 utku-Linux kernel: ACPI: Added _OSI(Processor Device)
Nis 18 20:47:24 utku-Linux kernel: ACPI: Added _OSI(3.0 _SCP Extensions)
Nis 18 20:47:24 utku-Linux kernel: ACPI: Added _OSI(Processor Aggregator Device)
Nis 18 20:47:24 utku-Linux kernel: ACPI: Added _OSI(Linux-Dell-Video)
Nis 18 20:47:24 utku-Linux kernel: ACPI: 9 ACPI AML tables successfully acquired and loaded
Nis 18 20:47:24 utku-Linux kernel: ACPI: [Firmware Bug]: BIOS _OSI(Linux) query ignored
Nis 18 20:47:24 utku-Linux kernel: ACPI: EC: EC started
Nis 18 20:47:24 utku-Linux kernel: ACPI: EC: interrupt blocked
Nis 18 20:47:24 utku-Linux kernel: ACPI: \_SB_.PCI0.LPC0.EC0_: Used as first EC
Nis 18 20:47:24 utku-Linux kernel: ACPI: \_SB_.PCI0.LPC0.EC0_: GPE=0x3, EC_CMD/EC_SC=0x66, EC_DATA=0x62
Nis 18 20:47:24 utku-Linux kernel: ACPI: \_SB_.PCI0.LPC0.EC0_: Used as boot DSDT EC to handle transactions
Nis 18 20:47:24 utku-Linux kernel: ACPI: Interpreter enabled
Nis 18 20:47:24 utku-Linux kernel: ACPI: (supports S0 S3 S4 S5)
Nis 18 20:47:24 utku-Linux kernel: ACPI: Using IOAPIC for interrupt routing
Nis 18 20:47:24 utku-Linux kernel: PCI: Using host bridge windows from ACPI; if necessary, use "pci=nocrs" and report a bug
Nis 18 20:47:24 utku-Linux kernel: ACPI: Enabled 4 GPEs in block 00 to 1F
Nis 18 20:47:24 utku-Linux kernel: ACPI: Power Resource [M237] (on)
Nis 18 20:47:24 utku-Linux kernel: ACPI: Power Resource [P0U2] (off)
Nis 18 20:47:24 utku-Linux kernel: ACPI: Power Resource [P3U2] (off)
Nis 18 20:47:24 utku-Linux kernel: ACPI: Power Resource [P0U3] (off)
Nis 18 20:47:24 utku-Linux kernel: ACPI: Power Resource [P3U3] (off)
Nis 18 20:47:24 utku-Linux kernel: ACPI: Power Resource [P0ST] (on)
Nis 18 20:47:24 utku-Linux kernel: ACPI: Power Resource [P3ST] (on)
Nis 18 20:47:24 utku-Linux kernel: ACPI: Power Resource [P0SD] (off)
Nis 18 20:47:24 utku-Linux kernel: ACPI: Power Resource [P3SD] (off)
Nis 18 20:47:24 utku-Linux kernel: ACPI: PCI Root Bridge [PCI0] (domain 0000 [bus 00-ff])
Nis 18 20:47:24 utku-Linux kernel: acpi PNP0A08:00: _OSC: OS supports [ExtendedConfig ASPM ClockPM Segments MSI]
Nis 18 20:47:24 utku-Linux kernel: acpi PNP0A08:00: _OSC: platform does not support [AER]
Nis 18 20:47:24 utku-Linux kernel: acpi PNP0A08:00: _OSC: OS now controls [PCIeHotplug PME PCIeCapability]
Nis 18 20:47:24 utku-Linux kernel: acpi PNP0A08:00: FADT indicates ASPM is unsupported, using BIOS configuration
Nis 18 20:47:24 utku-Linux kernel: acpi PNP0A08:00: [Firmware Info]: MMCONFIG for domain 0000 [bus 00-3f] only partially covers this bridge
Nis 18 20:47:24 utku-Linux kernel: acpi PNP0A08:00: ignoring host bridge window [mem 0x000cc000-0x000cffff window] (conflicts with Video ROM [mem 0x000c0000-0x000cfbff])
Nis 18 20:47:24 utku-Linux kernel: PCI host bridge to bus 0000:00
Nis 18 20:47:24 utku-Linux kernel: pci_bus 0000:00: root bus resource [io  0x0000-0x0cf7 window]
Nis 18 20:47:24 utku-Linux kernel: pci_bus 0000:00: root bus resource [io  0x0d00-0xffff window]
Nis 18 20:47:24 utku-Linux kernel: pci_bus 0000:00: root bus resource [mem 0x000a0000-0x000bffff window]
Nis 18 20:47:24 utku-Linux kernel: pci_bus 0000:00: root bus resource [mem 0x000c0000-0x000c3fff window]
Nis 18 20:47:24 utku-Linux kernel: pci_bus 0000:00: root bus resource [mem 0x000c4000-0x000c7fff window]
Nis 18 20:47:24 utku-Linux kernel: pci_bus 0000:00: root bus resource [mem 0x000c8000-0x000cbfff window]
Nis 18 20:47:24 utku-Linux kernel: pci_bus 0000:00: root bus resource [mem 0x000d0000-0x000d3fff window]
Nis 18 20:47:24 utku-Linux kernel: pci_bus 0000:00: root bus resource [mem 0x000d4000-0x000d7fff window]
Nis 18 20:47:24 utku-Linux kernel: pci_bus 0000:00: root bus resource [mem 0x000d8000-0x000dbfff window]
Nis 18 20:47:24 utku-Linux kernel: pci_bus 0000:00: root bus resource [mem 0x000dc000-0x000dffff window]
Nis 18 20:47:24 utku-Linux kernel: pci_bus 0000:00: root bus resource [mem 0x000e0000-0x000e3fff window]
Nis 18 20:47:24 utku-Linux kernel: pci_bus 0000:00: root bus resource [mem 0x000e4000-0x000e7fff window]
Nis 18 20:47:24 utku-Linux kernel: pci_bus 0000:00: root bus resource [mem 0x000e8000-0x000ebfff window]
Nis 18 20:47:24 utku-Linux kernel: pci_bus 0000:00: root bus resource [mem 0x000ec000-0x000effff window]
Nis 18 20:47:24 utku-Linux kernel: pci_bus 0000:00: root bus resource [mem 0xc0000000-0xf7ffffff window]
Nis 18 20:47:24 utku-Linux kernel: pci_bus 0000:00: root bus resource [mem 0xfc000000-0xfed3ffff window]
Nis 18 20:47:24 utku-Linux kernel: pci_bus 0000:00: root bus resource [bus 00-ff]
Nis 18 20:47:24 utku-Linux kernel: pci 0000:00:00.0: [1022:1576] type 00 class 0x060000
Nis 18 20:47:24 utku-Linux kernel: pci 0000:00:00.2: [1022:1577] type 00 class 0x080600
Nis 18 20:47:24 utku-Linux kernel: pci 0000:00:01.0: [1002:9874] type 00 class 0x030000
Nis 18 20:47:24 utku-Linux kernel: pci 0000:00:01.0: reg 0x10: [mem 0xe0000000-0xefffffff 64bit pref]
Nis 18 20:47:24 utku-Linux kernel: pci 0000:00:01.0: reg 0x18: [mem 0xd0800000-0xd0ffffff 64bit pref]
Nis 18 20:47:24 utku-Linux kernel: pci 0000:00:01.0: reg 0x20: [io  0x4000-0x40ff]
Nis 18 20:47:24 utku-Linux kernel: pci 0000:00:01.0: reg 0x24: [mem 0xd1500000-0xd153ffff]
Nis 18 20:47:24 utku-Linux kernel: pci 0000:00:01.0: reg 0x30: [mem 0xfffe0000-0xffffffff pref]
Nis 18 20:47:24 utku-Linux kernel: pci 0000:00:01.0: enabling Extended Tags
Nis 18 20:47:24 utku-Linux kernel: pci 0000:00:01.0: supports D1 D2
Nis 18 20:47:24 utku-Linux kernel: pci 0000:00:01.0: PME# supported from D1 D2 D3hot
Nis 18 20:47:24 utku-Linux kernel: pci 0000:00:01.1: [1002:9840] type 00 class 0x040300
Nis 18 20:47:24 utku-Linux kernel: pci 0000:00:01.1: reg 0x10: [mem 0xd1560000-0xd1563fff 64bit]
Nis 18 20:47:24 utku-Linux kernel: pci 0000:00:01.1: enabling Extended Tags
Nis 18 20:47:24 utku-Linux kernel: pci 0000:00:01.1: supports D1 D2
Nis 18 20:47:24 utku-Linux kernel: pci 0000:00:02.0: [1022:157b] type 00 class 0x060000
Nis 18 20:47:24 utku-Linux kernel: pci 0000:00:02.2: [1022:157c] type 01 class 0x060400
Nis 18 20:47:24 utku-Linux kernel: pci 0000:00:02.2: enabling Extended Tags
Nis 18 20:47:24 utku-Linux kernel: pci 0000:00:02.2: PME# supported from D0 D3hot D3cold
Nis 18 20:47:24 utku-Linux kernel: pci 0000:00:02.3: [1022:157c] type 01 class 0x060400
Nis 18 20:47:24 utku-Linux kernel: pci 0000:00:02.3: enabling Extended Tags
Nis 18 20:47:24 utku-Linux kernel: pci 0000:00:02.3: PME# supported from D0 D3hot D3cold
Nis 18 20:47:24 utku-Linux kernel: pci 0000:00:03.0: [1022:157b] type 00 class 0x060000
Nis 18 20:47:24 utku-Linux kernel: pci 0000:00:03.1: [1022:157c] type 01 class 0x060400
Nis 18 20:47:24 utku-Linux kernel: pci 0000:00:03.1: enabling Extended Tags
Nis 18 20:47:24 utku-Linux kernel: pci 0000:00:03.1: PME# supported from D0 D3hot D3cold
Nis 18 20:47:24 utku-Linux kernel: pci 0000:00:08.0: [1022:1578] type 00 class 0x108000
Nis 18 20:47:24 utku-Linux kernel: pci 0000:00:08.0: reg 0x10: [mem 0xd1540000-0xd155ffff 64bit pref]
Nis 18 20:47:24 utku-Linux kernel: pci 0000:00:08.0: reg 0x18: [mem 0xd1100000-0xd11fffff]
Nis 18 20:47:24 utku-Linux kernel: pci 0000:00:08.0: reg 0x1c: [mem 0xd156f000-0xd156ffff]
Nis 18 20:47:24 utku-Linux kernel: pci 0000:00:08.0: reg 0x24: [mem 0xd156a000-0xd156bfff]
Nis 18 20:47:24 utku-Linux kernel: pci 0000:00:09.0: [1022:157d] type 00 class 0x060000
Nis 18 20:47:24 utku-Linux kernel: pci 0000:00:09.2: [1022:157a] type 00 class 0x040300
Nis 18 20:47:24 utku-Linux kernel: pci 0000:00:09.2: reg 0x10: [mem 0xd1564000-0xd1567fff]
Nis 18 20:47:24 utku-Linux kernel: pci 0000:00:09.2: PME# supported from D0 D3hot D3cold
Nis 18 20:47:24 utku-Linux kernel: pci 0000:00:10.0: [1022:7914] type 00 class 0x0c0330
Nis 18 20:47:24 utku-Linux kernel: pci 0000:00:10.0: reg 0x10: [mem 0xd1568000-0xd1569fff 64bit]
Nis 18 20:47:24 utku-Linux kernel: pci 0000:00:10.0: PME# supported from D0 D3hot D3cold
Nis 18 20:47:24 utku-Linux kernel: pci 0000:00:11.0: [1022:7901] type 00 class 0x010601
Nis 18 20:47:24 utku-Linux kernel: pci 0000:00:11.0: reg 0x10: [io  0x4118-0x411f]
Nis 18 20:47:24 utku-Linux kernel: pci 0000:00:11.0: reg 0x14: [io  0x4124-0x4127]
Nis 18 20:47:24 utku-Linux kernel: pci 0000:00:11.0: reg 0x18: [io  0x4110-0x4117]
Nis 18 20:47:24 utku-Linux kernel: pci 0000:00:11.0: reg 0x1c: [io  0x4120-0x4123]
Nis 18 20:47:24 utku-Linux kernel: pci 0000:00:11.0: reg 0x20: [io  0x4100-0x410f]
Nis 18 20:47:24 utku-Linux kernel: pci 0000:00:11.0: reg 0x24: [mem 0xd156c000-0xd156c3ff]
Nis 18 20:47:24 utku-Linux kernel: pci 0000:00:11.0: PME# supported from D3hot
Nis 18 20:47:24 utku-Linux kernel: pci 0000:00:12.0: [1022:7908] type 00 class 0x0c0320
Nis 18 20:47:24 utku-Linux kernel: pci 0000:00:12.0: reg 0x10: [mem 0xd156d000-0xd156d0ff]
Nis 18 20:47:24 utku-Linux kernel: pci 0000:00:12.0: supports D1 D2
Nis 18 20:47:24 utku-Linux kernel: pci 0000:00:12.0: PME# supported from D0 D1 D2 D3hot D3cold
Nis 18 20:47:24 utku-Linux kernel: pci 0000:00:14.0: [1022:790b] type 00 class 0x0c0500
Nis 18 20:47:24 utku-Linux kernel: pci 0000:00:14.3: [1022:790e] type 00 class 0x060100
Nis 18 20:47:24 utku-Linux kernel: pci 0000:00:18.0: [1022:1570] type 00 class 0x060000
Nis 18 20:47:24 utku-Linux kernel: pci 0000:00:18.1: [1022:1571] type 00 class 0x060000
Nis 18 20:47:24 utku-Linux kernel: pci 0000:00:18.2: [1022:1572] type 00 class 0x060000
Nis 18 20:47:24 utku-Linux kernel: pci 0000:00:18.3: [1022:1573] type 00 class 0x060000
Nis 18 20:47:24 utku-Linux kernel: pci 0000:00:18.4: [1022:1574] type 00 class 0x060000
Nis 18 20:47:24 utku-Linux kernel: pci 0000:00:18.5: [1022:1575] type 00 class 0x060000
Nis 18 20:47:24 utku-Linux kernel: pci 0000:01:00.0: [10ec:5287] type 00 class 0xff0000
Nis 18 20:47:24 utku-Linux kernel: pci 0000:01:00.0: reg 0x10: [mem 0xd1405000-0xd1405fff]
Nis 18 20:47:24 utku-Linux kernel: pci 0000:01:00.0: reg 0x30: [mem 0xffff0000-0xffffffff pref]
Nis 18 20:47:24 utku-Linux kernel: pci 0000:01:00.0: supports D1 D2
Nis 18 20:47:24 utku-Linux kernel: pci 0000:01:00.0: PME# supported from D1 D2 D3hot D3cold
Nis 18 20:47:24 utku-Linux kernel: pci 0000:01:00.1: [10ec:8168] type 00 class 0x020000
Nis 18 20:47:24 utku-Linux kernel: pci 0000:01:00.1: reg 0x10: [io  0x3000-0x30ff]
Nis 18 20:47:24 utku-Linux kernel: pci 0000:01:00.1: reg 0x18: [mem 0xd1404000-0xd1404fff 64bit]
Nis 18 20:47:24 utku-Linux kernel: pci 0000:01:00.1: reg 0x20: [mem 0xd1400000-0xd1403fff 64bit]
Nis 18 20:47:24 utku-Linux kernel: pci 0000:01:00.1: supports D1 D2
Nis 18 20:47:24 utku-Linux kernel: pci 0000:01:00.1: PME# supported from D0 D1 D2 D3hot D3cold
Nis 18 20:47:24 utku-Linux kernel: pci 0000:00:02.2: PCI bridge to [bus 01]
Nis 18 20:47:24 utku-Linux kernel: pci 0000:00:02.2:   bridge window [io  0x3000-0x3fff]
Nis 18 20:47:24 utku-Linux kernel: pci 0000:00:02.2:   bridge window [mem 0xd1400000-0xd14fffff]
Nis 18 20:47:24 utku-Linux kernel: pci 0000:02:00.0: [8086:24fb] type 00 class 0x028000
Nis 18 20:47:24 utku-Linux kernel: pci 0000:02:00.0: reg 0x10: [mem 0xd1300000-0xd1301fff 64bit]
Nis 18 20:47:24 utku-Linux kernel: pci 0000:02:00.0: PME# supported from D0 D3hot D3cold
Nis 18 20:47:24 utku-Linux kernel: pci 0000:00:02.3: PCI bridge to [bus 02]
Nis 18 20:47:24 utku-Linux kernel: pci 0000:00:02.3:   bridge window [mem 0xd1300000-0xd13fffff]
Nis 18 20:47:24 utku-Linux kernel: pci 0000:03:00.0: [1002:699f] type 00 class 0x038000
Nis 18 20:47:24 utku-Linux kernel: pci 0000:03:00.0: reg 0x10: [mem 0xc0000000-0xcfffffff 64bit pref]
Nis 18 20:47:24 utku-Linux kernel: pci 0000:03:00.0: reg 0x18: [mem 0xd0000000-0xd01fffff 64bit pref]
Nis 18 20:47:24 utku-Linux kernel: pci 0000:03:00.0: reg 0x20: [io  0x2000-0x20ff]
Nis 18 20:47:24 utku-Linux kernel: pci 0000:03:00.0: reg 0x24: [mem 0xd1200000-0xd123ffff]
Nis 18 20:47:24 utku-Linux kernel: pci 0000:03:00.0: reg 0x30: [mem 0xfffe0000-0xffffffff pref]
Nis 18 20:47:24 utku-Linux kernel: pci 0000:03:00.0: enabling Extended Tags
Nis 18 20:47:24 utku-Linux kernel: pci 0000:03:00.0: supports D1 D2
Nis 18 20:47:24 utku-Linux kernel: pci 0000:00:03.1: PCI bridge to [bus 03]
Nis 18 20:47:24 utku-Linux kernel: pci 0000:00:03.1:   bridge window [io  0x2000-0x2fff]
Nis 18 20:47:24 utku-Linux kernel: pci 0000:00:03.1:   bridge window [mem 0xd1200000-0xd12fffff]
Nis 18 20:47:24 utku-Linux kernel: pci 0000:00:03.1:   bridge window [mem 0xc0000000-0xd01fffff 64bit pref]
Nis 18 20:47:24 utku-Linux kernel: ACPI: PCI Interrupt Link [LNKA] (IRQs 3 5 6 10 11) *0, disabled.
Nis 18 20:47:24 utku-Linux kernel: ACPI: PCI Interrupt Link [LNKB] (IRQs 3 5 6 10 11) *0, disabled.
Nis 18 20:47:24 utku-Linux kernel: ACPI: PCI Interrupt Link [LNKC] (IRQs 3 5 6 10 11) *0, disabled.
Nis 18 20:47:24 utku-Linux kernel: ACPI: PCI Interrupt Link [LNKD] (IRQs 3 5 6 10 11) *0, disabled.
Nis 18 20:47:24 utku-Linux kernel: ACPI: PCI Interrupt Link [LNKE] (IRQs 3 5 6 10 11) *0, disabled.
Nis 18 20:47:24 utku-Linux kernel: ACPI: PCI Interrupt Link [LNKF] (IRQs 3 5 6 10 11) *0, disabled.
Nis 18 20:47:24 utku-Linux kernel: ACPI: PCI Interrupt Link [LNKG] (IRQs 3 5 6 10 11) *0, disabled.
Nis 18 20:47:24 utku-Linux kernel: ACPI: PCI Interrupt Link [LNKH] (IRQs 3 5 6 10 11) *0, disabled.
Nis 18 20:47:24 utku-Linux kernel: ACPI: EC: interrupt unblocked
Nis 18 20:47:24 utku-Linux kernel: ACPI: EC: event unblocked
Nis 18 20:47:24 utku-Linux kernel: ACPI: \_SB_.PCI0.LPC0.EC0_: GPE=0x3, EC_CMD/EC_SC=0x66, EC_DATA=0x62
Nis 18 20:47:24 utku-Linux kernel: ACPI: \_SB_.PCI0.LPC0.EC0_: Used as boot DSDT EC to handle transactions and events
Nis 18 20:47:24 utku-Linux kernel: pci 0000:00:01.0: vgaarb: setting as boot VGA device
Nis 18 20:47:24 utku-Linux kernel: pci 0000:00:01.0: vgaarb: VGA device added: decodes=io+mem,owns=io+mem,locks=none
Nis 18 20:47:24 utku-Linux kernel: pci 0000:00:01.0: vgaarb: bridge control possible
Nis 18 20:47:24 utku-Linux kernel: vgaarb: loaded
Nis 18 20:47:24 utku-Linux kernel: SCSI subsystem initialized
Nis 18 20:47:24 utku-Linux kernel: libata version 3.00 loaded.
Nis 18 20:47:24 utku-Linux kernel: ACPI: bus type USB registered
Nis 18 20:47:24 utku-Linux kernel: usbcore: registered new interface driver usbfs
Nis 18 20:47:24 utku-Linux kernel: usbcore: registered new interface driver hub
Nis 18 20:47:24 utku-Linux kernel: usbcore: registered new device driver usb
Nis 18 20:47:24 utku-Linux kernel: pps_core: LinuxPPS API ver. 1 registered
Nis 18 20:47:24 utku-Linux kernel: pps_core: Software ver. 5.3.6 - Copyright 2005-2007 Rodolfo Giometti <giometti@linux.it>
Nis 18 20:47:24 utku-Linux kernel: PTP clock support registered
Nis 18 20:47:24 utku-Linux kernel: EDAC MC: Ver: 3.0.0
Nis 18 20:47:24 utku-Linux kernel: PCI: Using ACPI for IRQ routing
Nis 18 20:47:24 utku-Linux kernel: PCI: pci_cache_line_size set to 64 bytes
Nis 18 20:47:24 utku-Linux kernel: e820: reserve RAM buffer [mem 0x0009f800-0x0009ffff]
Nis 18 20:47:24 utku-Linux kernel: e820: reserve RAM buffer [mem 0xb93b5000-0xbbffffff]
Nis 18 20:47:24 utku-Linux kernel: e820: reserve RAM buffer [mem 0xbefbe000-0xbfffffff]
Nis 18 20:47:24 utku-Linux kernel: e820: reserve RAM buffer [mem 0xbfc00000-0xbfffffff]
Nis 18 20:47:24 utku-Linux kernel: e820: reserve RAM buffer [mem 0x1ff000000-0x1ffffffff]
Nis 18 20:47:24 utku-Linux kernel: NetLabel: Initializing
Nis 18 20:47:24 utku-Linux kernel: NetLabel:  domain hash size = 128
Nis 18 20:47:24 utku-Linux kernel: NetLabel:  protocols = UNLABELED CIPSOv4 CALIPSO
Nis 18 20:47:24 utku-Linux kernel: NetLabel:  unlabeled traffic allowed by default
Nis 18 20:47:24 utku-Linux kernel: hpet0: at MMIO 0xfed00000, IRQs 2, 8, 0
Nis 18 20:47:24 utku-Linux kernel: hpet0: 3 comparators, 32-bit 14.318180 MHz counter
Nis 18 20:47:24 utku-Linux kernel: clocksource: Switched to clocksource tsc-early
Nis 18 20:47:24 utku-Linux kernel: VFS: Disk quotas dquot_6.6.0
Nis 18 20:47:24 utku-Linux kernel: VFS: Dquot-cache hash table entries: 512 (order 0, 4096 bytes)
Nis 18 20:47:24 utku-Linux kernel: AppArmor: AppArmor Filesystem Enabled
Nis 18 20:47:24 utku-Linux kernel: pnp: PnP ACPI init
Nis 18 20:47:24 utku-Linux kernel: system 00:00: [mem 0xfec00000-0xfec01fff] could not be reserved
Nis 18 20:47:24 utku-Linux kernel: system 00:00: [mem 0xfee00000-0xfee00fff] has been reserved
Nis 18 20:47:24 utku-Linux kernel: system 00:00: [mem 0xd1000000-0xd10fffff] has been reserved
Nis 18 20:47:24 utku-Linux kernel: system 00:00: Plug and Play ACPI device, IDs PNP0c02 (active)
Nis 18 20:47:24 utku-Linux kernel: pnp 00:01: Plug and Play ACPI device, IDs PNP0b00 (active)
Nis 18 20:47:24 utku-Linux kernel: pnp 00:02: Plug and Play ACPI device, IDs FUJ7401 PNP0303 (active)
Nis 18 20:47:24 utku-Linux kernel: system 00:03: [io  0x0400-0x04cf] has been reserved
Nis 18 20:47:24 utku-Linux kernel: system 00:03: [io  0x04d0-0x04d1] has been reserved
Nis 18 20:47:24 utku-Linux kernel: system 00:03: [io  0x04d6] has been reserved
Nis 18 20:47:24 utku-Linux kernel: system 00:03: [io  0x0c00-0x0c01] has been reserved
Nis 18 20:47:24 utku-Linux kernel: system 00:03: [io  0x0c14] has been reserved
Nis 18 20:47:24 utku-Linux kernel: system 00:03: [io  0x0c50-0x0c52] has been reserved
Nis 18 20:47:24 utku-Linux kernel: system 00:03: [io  0x0c6c] has been reserved
Nis 18 20:47:24 utku-Linux kernel: system 00:03: [io  0x0c6f] has been reserved
Nis 18 20:47:24 utku-Linux kernel: system 00:03: [io  0x0cd0-0x0cdb] has been reserved
Nis 18 20:47:24 utku-Linux kernel: system 00:03: Plug and Play ACPI device, IDs PNP0c02 (active)
Nis 18 20:47:24 utku-Linux kernel: system 00:04: [mem 0x000e0000-0x000fffff] could not be reserved
Nis 18 20:47:24 utku-Linux kernel: system 00:04: [mem 0xff800000-0xffffffff] has been reserved
Nis 18 20:47:24 utku-Linux kernel: system 00:04: Plug and Play ACPI device, IDs PNP0c01 (active)
Nis 18 20:47:24 utku-Linux kernel: pnp: PnP ACPI: found 5 devices
Nis 18 20:47:24 utku-Linux kernel: clocksource: acpi_pm: mask: 0xffffff max_cycles: 0xffffff, max_idle_ns: 2085701024 ns
Nis 18 20:47:24 utku-Linux kernel: pci 0000:00:01.0: can't claim BAR 6 [mem 0xfffe0000-0xffffffff pref]: no compatible bridge window
Nis 18 20:47:24 utku-Linux kernel: pci 0000:01:00.0: can't claim BAR 6 [mem 0xffff0000-0xffffffff pref]: no compatible bridge window
Nis 18 20:47:24 utku-Linux kernel: pci 0000:03:00.0: can't claim BAR 6 [mem 0xfffe0000-0xffffffff pref]: no compatible bridge window
Nis 18 20:47:24 utku-Linux kernel: pci 0000:00:01.0: BAR 6: assigned [mem 0xd0200000-0xd021ffff pref]
Nis 18 20:47:24 utku-Linux kernel: pci 0000:01:00.0: BAR 6: assigned [mem 0xd1410000-0xd141ffff pref]
Nis 18 20:47:24 utku-Linux kernel: pci 0000:00:02.2: PCI bridge to [bus 01]
Nis 18 20:47:24 utku-Linux kernel: pci 0000:00:02.2:   bridge window [io  0x3000-0x3fff]
Nis 18 20:47:24 utku-Linux kernel: pci 0000:00:02.2:   bridge window [mem 0xd1400000-0xd14fffff]
Nis 18 20:47:24 utku-Linux kernel: pci 0000:00:02.3: PCI bridge to [bus 02]
Nis 18 20:47:24 utku-Linux kernel: pci 0000:00:02.3:   bridge window [mem 0xd1300000-0xd13fffff]
Nis 18 20:47:24 utku-Linux kernel: pci 0000:03:00.0: BAR 6: assigned [mem 0xd1240000-0xd125ffff pref]
Nis 18 20:47:24 utku-Linux kernel: pci 0000:00:03.1: PCI bridge to [bus 03]
Nis 18 20:47:24 utku-Linux kernel: pci 0000:00:03.1:   bridge window [io  0x2000-0x2fff]
Nis 18 20:47:24 utku-Linux kernel: pci 0000:00:03.1:   bridge window [mem 0xd1200000-0xd12fffff]
Nis 18 20:47:24 utku-Linux kernel: pci 0000:00:03.1:   bridge window [mem 0xc0000000-0xd01fffff 64bit pref]
Nis 18 20:47:24 utku-Linux kernel: pci_bus 0000:00: resource 4 [io  0x0000-0x0cf7 window]
Nis 18 20:47:24 utku-Linux kernel: pci_bus 0000:00: resource 5 [io  0x0d00-0xffff window]
Nis 18 20:47:24 utku-Linux kernel: pci_bus 0000:00: resource 6 [mem 0x000a0000-0x000bffff window]
Nis 18 20:47:24 utku-Linux kernel: pci_bus 0000:00: resource 7 [mem 0x000c0000-0x000c3fff window]
Nis 18 20:47:24 utku-Linux kernel: pci_bus 0000:00: resource 8 [mem 0x000c4000-0x000c7fff window]
Nis 18 20:47:24 utku-Linux kernel: pci_bus 0000:00: resource 9 [mem 0x000c8000-0x000cbfff window]
Nis 18 20:47:24 utku-Linux kernel: pci_bus 0000:00: resource 10 [mem 0x000d0000-0x000d3fff window]
Nis 18 20:47:24 utku-Linux kernel: pci_bus 0000:00: resource 11 [mem 0x000d4000-0x000d7fff window]
Nis 18 20:47:24 utku-Linux kernel: pci_bus 0000:00: resource 12 [mem 0x000d8000-0x000dbfff window]
Nis 18 20:47:24 utku-Linux kernel: pci_bus 0000:00: resource 13 [mem 0x000dc000-0x000dffff window]
Nis 18 20:47:24 utku-Linux kernel: pci_bus 0000:00: resource 14 [mem 0x000e0000-0x000e3fff window]
Nis 18 20:47:24 utku-Linux kernel: pci_bus 0000:00: resource 15 [mem 0x000e4000-0x000e7fff window]
Nis 18 20:47:24 utku-Linux kernel: pci_bus 0000:00: resource 16 [mem 0x000e8000-0x000ebfff window]
Nis 18 20:47:24 utku-Linux kernel: pci_bus 0000:00: resource 17 [mem 0x000ec000-0x000effff window]
Nis 18 20:47:24 utku-Linux kernel: pci_bus 0000:00: resource 18 [mem 0xc0000000-0xf7ffffff window]
Nis 18 20:47:24 utku-Linux kernel: pci_bus 0000:00: resource 19 [mem 0xfc000000-0xfed3ffff window]
Nis 18 20:47:24 utku-Linux kernel: pci_bus 0000:01: resource 0 [io  0x3000-0x3fff]
Nis 18 20:47:24 utku-Linux kernel: pci_bus 0000:01: resource 1 [mem 0xd1400000-0xd14fffff]
Nis 18 20:47:24 utku-Linux kernel: pci_bus 0000:02: resource 1 [mem 0xd1300000-0xd13fffff]
Nis 18 20:47:24 utku-Linux kernel: pci_bus 0000:03: resource 0 [io  0x2000-0x2fff]
Nis 18 20:47:24 utku-Linux kernel: pci_bus 0000:03: resource 1 [mem 0xd1200000-0xd12fffff]
Nis 18 20:47:24 utku-Linux kernel: pci_bus 0000:03: resource 2 [mem 0xc0000000-0xd01fffff 64bit pref]
Nis 18 20:47:24 utku-Linux kernel: NET: Registered protocol family 2
Nis 18 20:47:24 utku-Linux kernel: tcp_listen_portaddr_hash hash table entries: 4096 (order: 4, 65536 bytes)
Nis 18 20:47:24 utku-Linux kernel: TCP established hash table entries: 65536 (order: 7, 524288 bytes)
Nis 18 20:47:24 utku-Linux kernel: TCP bind hash table entries: 65536 (order: 8, 1048576 bytes)
Nis 18 20:47:24 utku-Linux kernel: TCP: Hash tables configured (established 65536 bind 65536)
Nis 18 20:47:24 utku-Linux kernel: UDP hash table entries: 4096 (order: 5, 131072 bytes)
Nis 18 20:47:24 utku-Linux kernel: UDP-Lite hash table entries: 4096 (order: 5, 131072 bytes)
Nis 18 20:47:24 utku-Linux kernel: NET: Registered protocol family 1
Nis 18 20:47:24 utku-Linux kernel: pci 0000:00:01.0: Video device with shadowed ROM at [mem 0x000c0000-0x000dffff]
Nis 18 20:47:24 utku-Linux kernel: pci 0000:00:01.1: Linked as a consumer to 0000:00:01.0
Nis 18 20:47:24 utku-Linux kernel: pci 0000:00:12.0: quirk_usb_early_handoff+0x0/0x6c4 took 19876 usecs
Nis 18 20:47:24 utku-Linux kernel: PCI: CLS 64 bytes, default 64
Nis 18 20:47:24 utku-Linux kernel: Unpacking initramfs...
Nis 18 20:47:24 utku-Linux kernel: Freeing initrd memory: 37616K
Nis 18 20:47:24 utku-Linux kernel: AMD-Vi: IOMMU performance counters supported
Nis 18 20:47:24 utku-Linux kernel: pci 0000:00:00.2: can't derive routing for PCI INT A
Nis 18 20:47:24 utku-Linux kernel: pci 0000:00:00.2: PCI INT A: not connected
Nis 18 20:47:24 utku-Linux kernel: iommu: Adding device 0000:00:01.0 to group 0
Nis 18 20:47:24 utku-Linux kernel: iommu: Using direct mapping for device 0000:00:01.0
Nis 18 20:47:24 utku-Linux kernel: iommu: Adding device 0000:00:01.1 to group 0
Nis 18 20:47:24 utku-Linux kernel: iommu: Adding device 0000:00:02.0 to group 1
Nis 18 20:47:24 utku-Linux kernel: iommu: Adding device 0000:00:02.2 to group 1
Nis 18 20:47:24 utku-Linux kernel: iommu: Adding device 0000:00:02.3 to group 1
Nis 18 20:47:24 utku-Linux kernel: iommu: Adding device 0000:00:03.0 to group 2
Nis 18 20:47:24 utku-Linux kernel: iommu: Adding device 0000:00:03.1 to group 2
Nis 18 20:47:24 utku-Linux kernel: iommu: Adding device 0000:00:08.0 to group 3
Nis 18 20:47:24 utku-Linux kernel: iommu: Adding device 0000:00:09.0 to group 4
Nis 18 20:47:24 utku-Linux kernel: iommu: Adding device 0000:00:09.2 to group 4
Nis 18 20:47:24 utku-Linux kernel: iommu: Adding device 0000:00:10.0 to group 5
Nis 18 20:47:24 utku-Linux kernel: iommu: Adding device 0000:00:11.0 to group 6
Nis 18 20:47:24 utku-Linux kernel: iommu: Adding device 0000:00:12.0 to group 7
Nis 18 20:47:24 utku-Linux kernel: iommu: Adding device 0000:00:14.0 to group 8
Nis 18 20:47:24 utku-Linux kernel: iommu: Adding device 0000:00:14.3 to group 8
Nis 18 20:47:24 utku-Linux kernel: iommu: Adding device 0000:00:18.0 to group 9
Nis 18 20:47:24 utku-Linux kernel: iommu: Adding device 0000:00:18.1 to group 9
Nis 18 20:47:24 utku-Linux kernel: iommu: Adding device 0000:00:18.2 to group 9
Nis 18 20:47:24 utku-Linux kernel: iommu: Adding device 0000:00:18.3 to group 9
Nis 18 20:47:24 utku-Linux kernel: iommu: Adding device 0000:00:18.4 to group 9
Nis 18 20:47:24 utku-Linux kernel: iommu: Adding device 0000:00:18.5 to group 9
Nis 18 20:47:24 utku-Linux kernel: iommu: Adding device 0000:01:00.0 to group 1
Nis 18 20:47:24 utku-Linux kernel: iommu: Adding device 0000:01:00.1 to group 1
Nis 18 20:47:24 utku-Linux kernel: iommu: Adding device 0000:02:00.0 to group 1
Nis 18 20:47:24 utku-Linux kernel: iommu: Adding device 0000:03:00.0 to group 2
Nis 18 20:47:24 utku-Linux kernel: AMD-Vi: Found IOMMU at 0000:00:00.2 cap 0x40
Nis 18 20:47:24 utku-Linux kernel: AMD-Vi: Extended features (0x37ef22294ada):
Nis 18 20:47:24 utku-Linux kernel:  PPR NX GT IA GA PC GA_vAPIC
Nis 18 20:47:24 utku-Linux kernel: AMD-Vi: Interrupt remapping enabled
Nis 18 20:47:24 utku-Linux kernel: AMD-Vi: virtual APIC enabled
Nis 18 20:47:24 utku-Linux kernel: AMD-Vi: Lazy IO/TLB flushing enabled
Nis 18 20:47:24 utku-Linux kernel: amd_uncore: AMD NB counters detected
Nis 18 20:47:24 utku-Linux kernel: LVT offset 0 assigned for vector 0x400
Nis 18 20:47:24 utku-Linux kernel: perf: AMD IBS detected (0x000007ff)
Nis 18 20:47:24 utku-Linux kernel: perf/amd_iommu: Detected AMD IOMMU #0 (2 banks, 4 counters/bank).
Nis 18 20:47:24 utku-Linux kernel: Scanning for low memory corruption every 60 seconds
Nis 18 20:47:24 utku-Linux kernel: Initialise system trusted keyrings
Nis 18 20:47:24 utku-Linux kernel: Key type blacklist registered
Nis 18 20:47:24 utku-Linux kernel: workingset: timestamp_bits=36 max_order=21 bucket_order=0
Nis 18 20:47:24 utku-Linux kernel: zbud: loaded
Nis 18 20:47:24 utku-Linux kernel: squashfs: version 4.0 (2009/01/31) Phillip Lougher
Nis 18 20:47:24 utku-Linux kernel: fuse init (API version 7.26)
Nis 18 20:47:24 utku-Linux kernel: pstore: using deflate compression
Nis 18 20:47:24 utku-Linux kernel: Key type asymmetric registered
Nis 18 20:47:24 utku-Linux kernel: Asymmetric key parser 'x509' registered
Nis 18 20:47:24 utku-Linux kernel: Block layer SCSI generic (bsg) driver version 0.4 loaded (major 244)
Nis 18 20:47:24 utku-Linux kernel: io scheduler noop registered
Nis 18 20:47:24 utku-Linux kernel: io scheduler deadline registered
Nis 18 20:47:24 utku-Linux kernel: io scheduler cfq registered (default)
Nis 18 20:47:24 utku-Linux kernel: pcieport 0000:00:02.2: Signaling PME with IRQ 28
Nis 18 20:47:24 utku-Linux kernel: pcieport 0000:00:02.3: Signaling PME with IRQ 29
Nis 18 20:47:24 utku-Linux kernel: pcieport 0000:00:03.1: Signaling PME with IRQ 31
Nis 18 20:47:24 utku-Linux kernel: pciehp 0000:00:03.1:pcie004: Slot #0 AttnBtn- PwrCtrl- MRL- AttnInd- PwrInd- HotPlug+ Surprise- Interlock- NoCompl+ LLActRep+
Nis 18 20:47:24 utku-Linux kernel: pciehp 0000:00:03.1:pcie004: Slot(0): Card present
Nis 18 20:47:24 utku-Linux kernel: ACPI: AC Adapter [ACAD] (on-line)
Nis 18 20:47:24 utku-Linux kernel: input: Power Button as /devices/LNXSYSTM:00/LNXSYBUS:00/PNP0C0C:00/input/input0
Nis 18 20:47:24 utku-Linux kernel: ACPI: Power Button [PWRB]
Nis 18 20:47:24 utku-Linux kernel: input: Sleep Button as /devices/LNXSYSTM:00/LNXSYBUS:00/PNP0C0E:00/input/input1
Nis 18 20:47:24 utku-Linux kernel: ACPI: Sleep Button [SLPB]
Nis 18 20:47:24 utku-Linux kernel: input: Lid Switch as /devices/LNXSYSTM:00/LNXSYBUS:00/PNP0C0D:00/input/input2
Nis 18 20:47:24 utku-Linux kernel: ACPI: Lid Switch [LID]
Nis 18 20:47:24 utku-Linux kernel: input: Power Button as /devices/LNXSYSTM:00/LNXPWRBN:00/input/input3
Nis 18 20:47:24 utku-Linux kernel: ACPI: Power Button [PWRF]
Nis 18 20:47:24 utku-Linux kernel: Serial: 8250/16550 driver, 32 ports, IRQ sharing enabled
Nis 18 20:47:24 utku-Linux kernel: Linux agpgart interface v0.103
Nis 18 20:47:24 utku-Linux kernel: tpm_crb MSFT0101:00: can't request region for resource [mem 0xbfbb9000-0xbfbbcfff]
Nis 18 20:47:24 utku-Linux kernel: tpm_crb: probe of MSFT0101:00 failed with error -16
Nis 18 20:47:24 utku-Linux kernel: loop: module loaded
Nis 18 20:47:24 utku-Linux kernel: libphy: Fixed MDIO Bus: probed
Nis 18 20:47:24 utku-Linux kernel: tun: Universal TUN/TAP device driver, 1.6
Nis 18 20:47:24 utku-Linux kernel: PPP generic driver version 2.4.2
Nis 18 20:47:24 utku-Linux kernel: ehci_hcd: USB 2.0 'Enhanced' Host Controller (EHCI) Driver
Nis 18 20:47:24 utku-Linux kernel: ehci-pci: EHCI PCI platform driver
Nis 18 20:47:24 utku-Linux kernel: ehci-pci 0000:00:12.0: EHCI Host Controller
Nis 18 20:47:24 utku-Linux kernel: ehci-pci 0000:00:12.0: new USB bus registered, assigned bus number 1
Nis 18 20:47:24 utku-Linux kernel: ehci-pci 0000:00:12.0: debug port 2
Nis 18 20:47:24 utku-Linux kernel: ehci-pci 0000:00:12.0: irq 18, io mem 0xd156d000
Nis 18 20:47:24 utku-Linux kernel: ehci-pci 0000:00:12.0: USB 2.0 started, EHCI 1.00
Nis 18 20:47:24 utku-Linux kernel: usb usb1: New USB device found, idVendor=1d6b, idProduct=0002, bcdDevice= 4.17
Nis 18 20:47:24 utku-Linux kernel: usb usb1: New USB device strings: Mfr=3, Product=2, SerialNumber=1
Nis 18 20:47:24 utku-Linux kernel: usb usb1: Product: EHCI Host Controller
Nis 18 20:47:24 utku-Linux kernel: usb usb1: Manufacturer: Linux 4.17.19-041719-generic ehci_hcd
Nis 18 20:47:24 utku-Linux kernel: usb usb1: SerialNumber: 0000:00:12.0
Nis 18 20:47:24 utku-Linux kernel: hub 1-0:1.0: USB hub found
Nis 18 20:47:24 utku-Linux kernel: hub 1-0:1.0: 2 ports detected
Nis 18 20:47:24 utku-Linux kernel: ehci-platform: EHCI generic platform driver
Nis 18 20:47:24 utku-Linux kernel: ohci_hcd: USB 1.1 'Open' Host Controller (OHCI) Driver
Nis 18 20:47:24 utku-Linux kernel: ohci-pci: OHCI PCI platform driver
Nis 18 20:47:24 utku-Linux kernel: ohci-platform: OHCI generic platform driver
Nis 18 20:47:24 utku-Linux kernel: uhci_hcd: USB Universal Host Controller Interface driver
Nis 18 20:47:24 utku-Linux kernel: xhci_hcd 0000:00:10.0: xHCI Host Controller
Nis 18 20:47:24 utku-Linux kernel: xhci_hcd 0000:00:10.0: new USB bus registered, assigned bus number 2
Nis 18 20:47:24 utku-Linux kernel: xhci_hcd 0000:00:10.0: hcc params 0x014040c3 hci version 0x100 quirks 0x00000410
Nis 18 20:47:24 utku-Linux kernel: usb usb2: New USB device found, idVendor=1d6b, idProduct=0002, bcdDevice= 4.17
Nis 18 20:47:24 utku-Linux kernel: usb usb2: New USB device strings: Mfr=3, Product=2, SerialNumber=1
Nis 18 20:47:24 utku-Linux kernel: usb usb2: Product: xHCI Host Controller
Nis 18 20:47:24 utku-Linux kernel: usb usb2: Manufacturer: Linux 4.17.19-041719-generic xhci-hcd
Nis 18 20:47:24 utku-Linux kernel: usb usb2: SerialNumber: 0000:00:10.0
Nis 18 20:47:24 utku-Linux kernel: hub 2-0:1.0: USB hub found
Nis 18 20:47:24 utku-Linux kernel: hub 2-0:1.0: 4 ports detected
Nis 18 20:47:24 utku-Linux kernel: xhci_hcd 0000:00:10.0: xHCI Host Controller
Nis 18 20:47:24 utku-Linux kernel: xhci_hcd 0000:00:10.0: new USB bus registered, assigned bus number 3
Nis 18 20:47:24 utku-Linux kernel: xhci_hcd 0000:00:10.0: Host supports USB 3.0  SuperSpeed
Nis 18 20:47:24 utku-Linux kernel: usb usb3: We don't know the algorithms for LPM for this host, disabling LPM.
Nis 18 20:47:24 utku-Linux kernel: usb usb3: New USB device found, idVendor=1d6b, idProduct=0003, bcdDevice= 4.17
Nis 18 20:47:24 utku-Linux kernel: usb usb3: New USB device strings: Mfr=3, Product=2, SerialNumber=1
Nis 18 20:47:24 utku-Linux kernel: usb usb3: Product: xHCI Host Controller
Nis 18 20:47:24 utku-Linux kernel: usb usb3: Manufacturer: Linux 4.17.19-041719-generic xhci-hcd
Nis 18 20:47:24 utku-Linux kernel: usb usb3: SerialNumber: 0000:00:10.0
Nis 18 20:47:24 utku-Linux kernel: hub 3-0:1.0: USB hub found
Nis 18 20:47:24 utku-Linux kernel: hub 3-0:1.0: 4 ports detected
Nis 18 20:47:24 utku-Linux kernel: usb: port power management may be unreliable
Nis 18 20:47:24 utku-Linux kernel: i8042: PNP: PS/2 Controller [PNP0303:KBC0] at 0x60,0x64 irq 1
Nis 18 20:47:24 utku-Linux kernel: i8042: PNP: PS/2 appears to have AUX port disabled, if this is incorrect please boot with i8042.nopnp
Nis 18 20:47:24 utku-Linux kernel: serio: i8042 KBD port at 0x60,0x64 irq 1
Nis 18 20:47:24 utku-Linux kernel: mousedev: PS/2 mouse device common for all mice
Nis 18 20:47:24 utku-Linux kernel: rtc_cmos 00:01: RTC can wake from S4
Nis 18 20:47:24 utku-Linux kernel: rtc_cmos 00:01: registered as rtc0
Nis 18 20:47:24 utku-Linux kernel: rtc_cmos 00:01: alarms up to one month, 114 bytes nvram, hpet irqs
Nis 18 20:47:24 utku-Linux kernel: i2c /dev entries driver
Nis 18 20:47:24 utku-Linux kernel: device-mapper: uevent: version 1.0.3
Nis 18 20:47:24 utku-Linux kernel: device-mapper: ioctl: 4.39.0-ioctl (2018-04-03) initialised: dm-devel@redhat.com
Nis 18 20:47:24 utku-Linux kernel: ledtrig-cpu: registered to indicate activity on CPUs
Nis 18 20:47:24 utku-Linux kernel: NET: Registered protocol family 10
Nis 18 20:47:24 utku-Linux kernel: Segment Routing with IPv6
Nis 18 20:47:24 utku-Linux kernel: NET: Registered protocol family 17
Nis 18 20:47:24 utku-Linux kernel: Key type dns_resolver registered
Nis 18 20:47:24 utku-Linux kernel: RAS: Correctable Errors collector initialized.
Nis 18 20:47:24 utku-Linux kernel: microcode: CPU0: patch_level=0x0600611a
Nis 18 20:47:24 utku-Linux kernel: microcode: CPU1: patch_level=0x0600611a
Nis 18 20:47:24 utku-Linux kernel: microcode: CPU2: patch_level=0x0600611a
Nis 18 20:47:24 utku-Linux kernel: microcode: CPU3: patch_level=0x0600611a
Nis 18 20:47:24 utku-Linux kernel: microcode: Microcode Update Driver: v2.2.
Nis 18 20:47:24 utku-Linux kernel: sched_clock: Marking stable (1062678590, 0)->(1143505452, -80826862)
Nis 18 20:47:24 utku-Linux kernel: registered taskstats version 1
Nis 18 20:47:24 utku-Linux kernel: Loading compiled-in X.509 certificates
Nis 18 20:47:24 utku-Linux kernel: input: AT Translated Set 2 keyboard as /devices/platform/i8042/serio0/input/input4
Nis 18 20:47:24 utku-Linux kernel: Loaded X.509 cert 'Build time autogenerated kernel key: 0bd5f5064defceb9e644d2aef9fbe1c52170b625'
Nis 18 20:47:24 utku-Linux kernel: zswap: loaded using pool lzo/zbud
Nis 18 20:47:24 utku-Linux kernel: Key type big_key registered
Nis 18 20:47:24 utku-Linux kernel: Key type trusted registered
Nis 18 20:47:24 utku-Linux kernel: Key type encrypted registered
Nis 18 20:47:24 utku-Linux kernel: AppArmor: AppArmor sha1 policy hashing enabled
Nis 18 20:47:24 utku-Linux kernel: ima: No TPM chip found, activating TPM-bypass! (rc=-19)
Nis 18 20:47:24 utku-Linux kernel: ima: Allocated hash algorithm: sha1
Nis 18 20:47:24 utku-Linux kernel: evm: HMAC attrs: 0x1
Nis 18 20:47:24 utku-Linux kernel:   Magic number: 15:379:795
Nis 18 20:47:24 utku-Linux kernel: platform MSFT0101:00: hash matches
Nis 18 20:47:24 utku-Linux kernel: acpi MSFT0101:00: hash matches
Nis 18 20:47:24 utku-Linux kernel: rtc_cmos 00:01: setting system clock to 2019-04-18 17:47:12 UTC (1555609632)
Nis 18 20:47:24 utku-Linux kernel: acpi_cpufreq: overriding BIOS provided _PSD data
Nis 18 20:47:24 utku-Linux kernel: ACPI: Battery Slot [BAT1] (battery present)
Nis 18 20:47:24 utku-Linux kernel: usb 1-1: new high-speed USB device number 2 using ehci-pci
Nis 18 20:47:24 utku-Linux kernel: Freeing unused kernel image memory: 2432K
Nis 18 20:47:24 utku-Linux kernel: Write protecting the kernel read-only data: 20480k
Nis 18 20:47:24 utku-Linux kernel: Freeing unused kernel image memory: 2008K
Nis 18 20:47:24 utku-Linux kernel: Freeing unused kernel image memory: 1804K
Nis 18 20:47:24 utku-Linux kernel: x86/mm: Checked W+X mappings: passed, no W+X pages found.
Nis 18 20:47:24 utku-Linux kernel: usb 1-1: New USB device found, idVendor=0438, idProduct=7900, bcdDevice= 0.18
Nis 18 20:47:24 utku-Linux kernel: usb 1-1: New USB device strings: Mfr=0, Product=0, SerialNumber=0
Nis 18 20:47:24 utku-Linux kernel: hub 1-1:1.0: USB hub found
Nis 18 20:47:24 utku-Linux kernel: hub 1-1:1.0: 4 ports detected
Nis 18 20:47:24 utku-Linux kernel: hidraw: raw HID events driver (C) Jiri Kosina
Nis 18 20:47:24 utku-Linux kernel: i2c_hid i2c-ELAN0501:00: i2c-ELAN0501:00 supply vdd not found, using dummy regulator
Nis 18 20:47:24 utku-Linux kernel: ahci 0000:00:11.0: version 3.0
Nis 18 20:47:24 utku-Linux kernel: ahci 0000:00:11.0: AHCI 0001.0300 32 slots 1 ports 6 Gbps 0x1 impl SATA mode
Nis 18 20:47:24 utku-Linux kernel: ahci 0000:00:11.0: flags: 64bit ncq sntf ilck pm led clo pmp fbs pio slum part 
Nis 18 20:47:24 utku-Linux kernel: r8169 Gigabit Ethernet driver 2.3LK-NAPI loaded
Nis 18 20:47:24 utku-Linux kernel: r8169 0000:01:00.1: can't disable ASPM; OS doesn't have ASPM control
Nis 18 20:47:24 utku-Linux kernel: scsi host0: ahci
Nis 18 20:47:24 utku-Linux kernel: ata1: SATA max UDMA/133 abar m1024@0xd156c000 port 0xd156c100 irq 19
Nis 18 20:47:24 utku-Linux kernel: piix4_smbus 0000:00:14.0: SMBus Host Controller at 0xb00, revision 0
Nis 18 20:47:24 utku-Linux kernel: piix4_smbus 0000:00:14.0: Using register 0x02 for SMBus port selection
Nis 18 20:47:24 utku-Linux kernel: random: fast init done
Nis 18 20:47:24 utku-Linux kernel: r8169 0000:01:00.1 eth0: RTL8411 at 0x        (ptrval), 98:29:a6:3e:87:c2, XID 1c800800 IRQ 39
Nis 18 20:47:24 utku-Linux kernel: r8169 0000:01:00.1 eth0: jumbo features [frames: 9200 bytes, tx checksumming: ko]
Nis 18 20:47:24 utku-Linux kernel: r8169 0000:01:00.1 enp1s0f1: renamed from eth0
Nis 18 20:47:24 utku-Linux kernel: input: ELAN0501:00 04F3:3060 as /devices/platform/AMD0010:03/i2c-0/i2c-ELAN0501:00/0018:04F3:3060.0001/input/input5
Nis 18 20:47:24 utku-Linux kernel: hid-generic 0018:04F3:3060.0001: input,hidraw0: I2C HID v1.00 Mouse [ELAN0501:00 04F3:3060] on i2c-ELAN0501:00
Nis 18 20:47:24 utku-Linux kernel: usb 1-1.1: new low-speed USB device number 3 using ehci-pci
Nis 18 20:47:24 utku-Linux kernel: usb 1-1.1: New USB device found, idVendor=0000, idProduct=3825, bcdDevice= 1.00
Nis 18 20:47:24 utku-Linux kernel: usb 1-1.1: New USB device strings: Mfr=0, Product=1, SerialNumber=0
Nis 18 20:47:24 utku-Linux kernel: usb 1-1.1: Product:  USB OPTICAL MOUSE
Nis 18 20:47:24 utku-Linux kernel: input:  USB OPTICAL MOUSE as /devices/pci0000:00/0000:00:12.0/usb1/1-1/1-1.1/1-1.1:1.0/0003:0000:3825.0002/input/input6
Nis 18 20:47:24 utku-Linux kernel: hid-generic 0003:0000:3825.0002: input,hidraw1: USB HID v1.11 Mouse [ USB OPTICAL MOUSE] on usb-0000:00:12.0-1.1/input0
Nis 18 20:47:24 utku-Linux kernel: usbcore: registered new interface driver usbhid
Nis 18 20:47:24 utku-Linux kernel: usbhid: USB HID core driver
Nis 18 20:47:24 utku-Linux kernel: usb 1-1.3: new full-speed USB device number 4 using ehci-pci
Nis 18 20:47:24 utku-Linux kernel: tsc: Refined TSC clocksource calibration: 2495.316 MHz
Nis 18 20:47:24 utku-Linux kernel: clocksource: tsc: mask: 0xffffffffffffffff max_cycles: 0x23f7f0c3500, max_idle_ns: 440795233980 ns
Nis 18 20:47:24 utku-Linux kernel: clocksource: Switched to clocksource tsc
Nis 18 20:47:24 utku-Linux kernel: ata1: SATA link up 6.0 Gbps (SStatus 133 SControl 300)
Nis 18 20:47:24 utku-Linux kernel: ata1.00: ATA-10: WDC WD10SPZX-21Z10T0, 02.01A02, max UDMA/133
Nis 18 20:47:24 utku-Linux kernel: ata1.00: 1953525168 sectors, multi 16: LBA48 NCQ (depth 31/32), AA
Nis 18 20:47:24 utku-Linux kernel: ata1.00: configured for UDMA/133
Nis 18 20:47:24 utku-Linux kernel: scsi 0:0:0:0: Direct-Access     ATA      WDC WD10SPZX-21Z 1A02 PQ: 0 ANSI: 5
Nis 18 20:47:24 utku-Linux kernel: sd 0:0:0:0: Attached scsi generic sg0 type 0
Nis 18 20:47:24 utku-Linux kernel: sd 0:0:0:0: [sda] 1953525168 512-byte logical blocks: (1.00 TB/932 GiB)
Nis 18 20:47:24 utku-Linux kernel: sd 0:0:0:0: [sda] 4096-byte physical blocks
Nis 18 20:47:24 utku-Linux kernel: sd 0:0:0:0: [sda] Write Protect is off
Nis 18 20:47:24 utku-Linux kernel: sd 0:0:0:0: [sda] Mode Sense: 00 3a 00 00
Nis 18 20:47:24 utku-Linux kernel: sd 0:0:0:0: [sda] Write cache: enabled, read cache: enabled, doesn't support DPO or FUA
Nis 18 20:47:24 utku-Linux kernel: usb 1-1.3: New USB device found, idVendor=8087, idProduct=0aa7, bcdDevice= 0.01
Nis 18 20:47:24 utku-Linux kernel: usb 1-1.3: New USB device strings: Mfr=0, Product=0, SerialNumber=0
Nis 18 20:47:24 utku-Linux kernel: usb 1-1.4: new high-speed USB device number 5 using ehci-pci
Nis 18 20:47:24 utku-Linux kernel:  sda: sda1 sda2 sda3
Nis 18 20:47:24 utku-Linux kernel: sd 0:0:0:0: [sda] Attached SCSI disk
Nis 18 20:47:24 utku-Linux kernel: usb 1-1.4: New USB device found, idVendor=0408, idProduct=a060, bcdDevice= 0.01
Nis 18 20:47:24 utku-Linux kernel: usb 1-1.4: New USB device strings: Mfr=3, Product=1, SerialNumber=2
Nis 18 20:47:24 utku-Linux kernel: usb 1-1.4: Product: HD WebCam
Nis 18 20:47:24 utku-Linux kernel: usb 1-1.4: Manufacturer: Generic
Nis 18 20:47:24 utku-Linux kernel: usb 1-1.4: SerialNumber: 200901010001
Nis 18 20:47:24 utku-Linux kernel: EXT4-fs (sda2): mounted filesystem with ordered data mode. Opts: (null)
Nis 18 20:47:24 utku-Linux kernel: random: crng init done
Nis 18 20:47:24 utku-Linux systemd[1]: systemd 239 running in system mode. (+PAM +AUDIT +SELINUX +IMA +APPARMOR +SMACK +SYSVINIT +UTMP +LIBCRYPTSETUP +GCRYPT +GNUTLS +ACL +XZ +LZ4 +SECCOMP +BLKID +ELFUTILS +KMOD -IDN2 +IDN -PCRE2 default-hierarchy=hybrid)
Nis 18 20:47:24 utku-Linux systemd[1]: Detected architecture x86-64.
Nis 18 20:47:24 utku-Linux systemd[1]: Set hostname to <utku-Linux>.
Nis 18 20:47:24 utku-Linux systemd[1]: Started Forward Password Requests to Wall Directory Watch.
Nis 18 20:47:24 utku-Linux systemd[1]: Listening on LVM2 poll daemon socket.
Nis 18 20:47:24 utku-Linux systemd[1]: Created slice User and Session Slice.
Nis 18 20:47:24 utku-Linux systemd[1]: Reached target Remote File Systems.
Nis 18 20:47:24 utku-Linux systemd[1]: Reached target User and Group Name Lookups.
Nis 18 20:47:24 utku-Linux systemd[1]: Listening on Journal Socket.
Nis 18 20:47:24 utku-Linux systemd[1]: Mounting Kernel Debug File System...
Nis 18 20:47:24 utku-Linux kernel: EXT4-fs (sda2): re-mounted. Opts: errors=remount-ro
Nis 18 20:47:24 utku-Linux systemd[1]: Started Remount Root and Kernel File Systems.
Nis 18 20:47:24 utku-Linux systemd[1]: Starting Create System Users...
Nis 18 20:47:24 utku-Linux systemd[1]: Starting Load/Save Random Seed...
Nis 18 20:47:24 utku-Linux systemd[1]: ureadahead.service: Main process exited, code=exited, status=5/NOTINSTALLED
Nis 18 20:47:24 utku-Linux systemd[1]: ureadahead.service: Failed with result 'exit-code'.
Nis 18 20:47:24 utku-Linux systemd-journald[275]: Journal started
Nis 18 20:47:24 utku-Linux systemd-journald[275]: Runtime journal (/run/log/journal/b3c1aeafc1694be593bd5072a70b11b7) is 8.0M, max 69.9M, 61.9M free.
Nis 18 20:47:23 utku-Linux systemd-modules-load[267]: Failed to find module 'ashmem_linux'
Nis 18 20:47:24 utku-Linux systemd[1]: Started Journal Service.
Nis 18 20:47:23 utku-Linux systemd-modules-load[267]: Failed to find module 'binder_linux'
Nis 18 20:47:24 utku-Linux ureadahead[273]: ureadahead: Error while tracing: Byle bir dosya ya da dizin yok
Nis 18 20:47:24 utku-Linux ureadahead[273]: Counted 4 CPUs
Nis 18 20:47:24 utku-Linux systemd[1]: Starting Flush Journal to Persistent Storage...
Nis 18 20:47:24 utku-Linux systemd[1]: Started Load/Save Random Seed.
Nis 18 20:47:24 utku-Linux systemd-journald[275]: Time spent on flushing to /var is 24.434017s for 766 entries.
Nis 18 20:47:24 utku-Linux systemd-journald[275]: System journal (/var/log/journal/b3c1aeafc1694be593bd5072a70b11b7) is 4.1G, max 4.0G, 0B free.
Nis 18 20:47:54 utku-Linux kernel: lp: driver loaded but no devices found
Nis 18 20:47:54 utku-Linux kernel: ppdev: user-space parallel port driver
Nis 18 20:47:54 utku-Linux kernel: input: Acer Wireless Radio Control as /devices/LNXSYSTM:00/10251229:00/input/input7
Nis 18 20:47:54 utku-Linux kernel: shpchp: Standard Hot Plug PCI Controller Driver version: 0.4
Nis 18 20:47:54 utku-Linux kernel: ACPI: Video Device [VGA] (multi-head: yes  rom: no  post: no)
Nis 18 20:47:54 utku-Linux kernel: acpi device:00: registered as cooling_device4
Nis 18 20:47:54 utku-Linux kernel: input: Video Bus as /devices/LNXSYSTM:00/LNXSYBUS:00/PNP0A08:00/LNXVIDEO:00/input/input8
Nis 18 20:47:54 utku-Linux kernel: ACPI: Video Device [VGA2] (multi-head: yes  rom: no  post: no)
Nis 18 20:47:54 utku-Linux kernel: acpi device:0a: registered as cooling_device5
Nis 18 20:47:54 utku-Linux kernel: input: Video Bus as /devices/LNXSYSTM:00/LNXSYBUS:00/PNP0A08:00/device:09/LNXVIDEO:02/input/input9
Nis 18 20:47:54 utku-Linux kernel: input: ELAN0501:00 04F3:3060 Touchpad as /devices/platform/AMD0010:03/i2c-0/i2c-ELAN0501:00/0018:04F3:3060.0001/input/input12
Nis 18 20:47:54 utku-Linux kernel: hid-multitouch 0018:04F3:3060.0001: input,hidraw0: I2C HID v1.00 Mouse [ELAN0501:00 04F3:3060] on i2c-ELAN0501:00
Nis 18 20:47:54 utku-Linux kernel: cfg80211: Loading compiled-in X.509 certificates for regulatory database
Nis 18 20:47:54 utku-Linux kernel: cfg80211: Loaded X.509 cert 'sforshee: 00b28ddf47aef9cea7'
Nis 18 20:47:54 utku-Linux kernel: cryptd: max_cpu_qlen set to 1000
Nis 18 20:47:54 utku-Linux kernel: Intel(R) Wireless WiFi driver for Linux
Nis 18 20:47:54 utku-Linux kernel: Copyright(c) 2003- 2015 Intel Corporation
Nis 18 20:47:54 utku-Linux kernel: AVX2 version of gcm_enc/dec engaged.
Nis 18 20:47:54 utku-Linux kernel: AES CTR mode by8 optimization enabled
Nis 18 20:47:54 utku-Linux kernel: iwlwifi 0000:02:00.0: loaded firmware version 29.1044073957.0 op_mode iwlmvm
Nis 18 20:47:54 utku-Linux kernel: [drm:amdgpu_init [amdgpu]] *ERROR* VGACON disables amdgpu kernel modesetting.
Nis 18 20:47:54 utku-Linux kernel: [drm:amdgpu_init [amdgpu]] *ERROR* VGACON disables amdgpu kernel modesetting.
Nis 18 20:47:54 utku-Linux kernel: Bluetooth: Core ver 2.22
Nis 18 20:47:54 utku-Linux kernel: NET: Registered protocol family 31
Nis 18 20:47:54 utku-Linux kernel: Bluetooth: HCI device and connection manager initialized
Nis 18 20:47:54 utku-Linux kernel: Bluetooth: HCI socket layer initialized
Nis 18 20:47:54 utku-Linux kernel: Bluetooth: L2CAP socket layer initialized
Nis 18 20:47:54 utku-Linux kernel: Bluetooth: SCO socket layer initialized
Nis 18 20:47:54 utku-Linux kernel: iwlwifi 0000:02:00.0: Detected Intel(R) Dual Band Wireless AC 3168, REV=0x220
Nis 18 20:47:54 utku-Linux kernel: iwlwifi 0000:02:00.0: base HW address: 90:61:ae:30:14:39
Nis 18 20:47:54 utku-Linux kernel: usbcore: registered new interface driver btusb
Nis 18 20:47:54 utku-Linux kernel: Bluetooth: hci0: read Intel version: 370810225019140f00
Nis 18 20:47:54 utku-Linux kernel: media: Linux media interface: v0.10
Nis 18 20:47:54 utku-Linux kernel: Linux video capture interface: v2.00
Nis 18 20:47:54 utku-Linux kernel: Bluetooth: hci0: Intel Bluetooth firmware file: intel/ibt-hw-37.8.10-fw-22.50.19.14.f.bseq
Nis 18 20:47:54 utku-Linux kernel: ieee80211 phy0: Selected rate control algorithm 'iwl-mvm-rs'
Nis 18 20:47:54 utku-Linux kernel: thermal thermal_zone0: failed to read out thermal zone (-61)
Nis 18 20:47:54 utku-Linux kernel: iwlwifi 0000:02:00.0 wlp2s0: renamed from wlan0
Nis 18 20:47:54 utku-Linux kernel: Bluetooth: hci0: Intel firmware patch completed and activated
Nis 18 20:47:54 utku-Linux kernel: kvm: Nested Virtualization enabled
Nis 18 20:47:54 utku-Linux kernel: kvm: Nested Paging enabled
Nis 18 20:47:54 utku-Linux kernel: SVM: Virtual GIF supported
Nis 18 20:47:54 utku-Linux kernel: acer_wmi: Acer Laptop ACPI-WMI Extras
Nis 18 20:47:54 utku-Linux kernel: acer_wmi: Function bitmap for Communication Button: 0x801
Nis 18 20:47:54 utku-Linux kernel: input: Acer WMI hotkeys as /devices/virtual/input/input13
Nis 18 20:47:54 utku-Linux kernel: uvcvideo: Found UVC 1.00 device HD WebCam (0408:a060)
Nis 18 20:47:54 utku-Linux kernel: MCE: In-kernel MCE decoding enabled.
Nis 18 20:47:54 utku-Linux kernel: uvcvideo 1-1.4:1.0: Entity type for entity Extension 4 was not initialized!
Nis 18 20:47:54 utku-Linux kernel: uvcvideo 1-1.4:1.0: Entity type for entity Processing 2 was not initialized!
Nis 18 20:47:54 utku-Linux kernel: uvcvideo 1-1.4:1.0: Entity type for entity Camera 1 was not initialized!
Nis 18 20:47:54 utku-Linux kernel: input: HD WebCam: HD WebCam as /devices/pci0000:00/0000:00:12.0/usb1/1-1/1-1.4/1-1.4:1.0/input/input14
Nis 18 20:47:54 utku-Linux kernel: usbcore: registered new interface driver uvcvideo
Nis 18 20:47:54 utku-Linux kernel: USB Video Class driver (1.1.1)
Nis 18 20:47:54 utku-Linux kernel: EDAC amd64: Node 0: DRAM ECC disabled.
Nis 18 20:47:54 utku-Linux kernel: EDAC amd64: ECC disabled in the BIOS or no ECC capability, module will not load.
                                    Either enable ECC checking or force module loading by setting 'ecc_enable_override'.
                                    (Note that use of the override may cause unknown side effects.)
Nis 18 20:47:54 utku-Linux kernel: EDAC amd64: Node 0: DRAM ECC disabled.
Nis 18 20:47:54 utku-Linux kernel: EDAC amd64: ECC disabled in the BIOS or no ECC capability, module will not load.
                                    Either enable ECC checking or force module loading by setting 'ecc_enable_override'.
                                    (Note that use of the override may cause unknown side effects.)
Nis 18 20:47:54 utku-Linux kernel: snd_hda_intel 0000:00:01.1: Force to non-snoop mode
Nis 18 20:47:54 utku-Linux kernel: iommu ivhd0: AMD-Vi: Event logged [
Nis 18 20:47:54 utku-Linux kernel: iommu ivhd0: INVALID_DEVICE_REQUEST device=00:00.1 address=0x000000fdf8250160 flags=0x0a00]
Nis 18 20:47:55 utku-Linux kernel: input: HDA ATI HDMI HDMI/DP,pcm=3 as /devices/pci0000:00/0000:00:01.1/sound/card0/input15
Nis 18 20:47:55 utku-Linux kernel: snd_hda_intel 0000:00:09.2: azx_get_response timeout, switching to polling mode: last cmd=0x000f0001
Nis 18 20:47:55 utku-Linux kernel: snd_hda_codec_realtek hdaudioC1D0: autoconfig for ALC255: line_outs=1 (0x14/0x0/0x0/0x0/0x0) type:speaker
Nis 18 20:47:55 utku-Linux kernel: snd_hda_codec_realtek hdaudioC1D0:    speaker_outs=0 (0x0/0x0/0x0/0x0/0x0)
Nis 18 20:47:55 utku-Linux kernel: snd_hda_codec_realtek hdaudioC1D0:    hp_outs=1 (0x21/0x0/0x0/0x0/0x0)
Nis 18 20:47:55 utku-Linux kernel: snd_hda_codec_realtek hdaudioC1D0:    mono: mono_out=0x0
Nis 18 20:47:55 utku-Linux kernel: snd_hda_codec_realtek hdaudioC1D0:    inputs:
Nis 18 20:47:55 utku-Linux kernel: snd_hda_codec_realtek hdaudioC1D0:      Headset Mic=0x19
Nis 18 20:47:55 utku-Linux kernel: snd_hda_codec_realtek hdaudioC1D0:      Internal Mic=0x12
Nis 18 20:47:55 utku-Linux kernel: dcdbas dcdbas: Dell Systems Management Base Driver (version 5.6.0-3.2)
Nis 18 20:47:55 utku-Linux kernel: dell_smbios: Unable to run on non-Dell system
Nis 18 20:47:55 utku-Linux kernel: snd_hda_codec_realtek hdaudioC1D0: Failed to find dell wmi symbol dell_micmute_led_set
Nis 18 20:47:55 utku-Linux kernel: input: HD-Audio Generic Front Headphone as /devices/pci0000:00/0000:00:09.2/sound/card1/input16
Nis 18 20:47:55 utku-Linux kernel: EXT4-fs (sda3): mounted filesystem with ordered data mode. Opts: (null)
Nis 18 20:47:55 utku-Linux kernel: EXT4-fs (sda1): mounted filesystem with ordered data mode. Opts: (null)
Nis 18 20:47:55 utku-Linux kernel: Adding 4194292k swap on /home/swap.  Priority:-2 extents:9 across:6717428k FS
Nis 18 20:47:55 utku-Linux kernel: audit: type=1400 audit(1555609671.175:2): apparmor="STATUS" operation="profile_load" profile="unconfined" name="libreoffice-oopslash" pid=804 comm="apparmor_parser"
Nis 18 20:47:55 utku-Linux kernel: audit: type=1400 audit(1555609671.231:3): apparmor="STATUS" operation="profile_load" profile="unconfined" name="/usr/bin/man" pid=802 comm="apparmor_parser"
Nis 18 20:47:55 utku-Linux kernel: audit: type=1400 audit(1555609671.231:4): apparmor="STATUS" operation="profile_load" profile="unconfined" name="man_filter" pid=802 comm="apparmor_parser"
Nis 18 20:47:55 utku-Linux kernel: audit: type=1400 audit(1555609671.231:5): apparmor="STATUS" operation="profile_load" profile="unconfined" name="man_groff" pid=802 comm="apparmor_parser"
Nis 18 20:47:55 utku-Linux kernel: audit: type=1400 audit(1555609671.375:6): apparmor="STATUS" operation="profile_load" profile="unconfined" name="libreoffice-senddoc" pid=806 comm="apparmor_parser"
Nis 18 20:47:55 utku-Linux kernel: audit: type=1400 audit(1555609671.383:7): apparmor="STATUS" operation="profile_load" profile="unconfined" name="/usr/lib/lightdm/lightdm-guest-session" pid=798 comm="apparmor_parser"
Nis 18 20:47:55 utku-Linux kernel: audit: type=1400 audit(1555609671.383:8): apparmor="STATUS" operation="profile_load" profile="unconfined" name="/usr/lib/lightdm/lightdm-guest-session//chromium" pid=798 comm="apparmor_parser"
Nis 18 20:47:55 utku-Linux kernel: audit: type=1400 audit(1555609671.391:9): apparmor="STATUS" operation="profile_load" profile="unconfined" name="/sbin/dhclient" pid=797 comm="apparmor_parser"
Nis 18 20:47:55 utku-Linux kernel: audit: type=1400 audit(1555609671.391:10): apparmor="STATUS" operation="profile_load" profile="unconfined" name="/usr/lib/NetworkManager/nm-dhcp-client.action" pid=797 comm="apparmor_parser"
Nis 18 20:47:55 utku-Linux kernel: audit: type=1400 audit(1555609671.391:11): apparmor="STATUS" operation="profile_load" profile="unconfined" name="/usr/lib/NetworkManager/nm-dhcp-helper" pid=797 comm="apparmor_parser"
Nis 18 20:47:51 utku-Linux audit[804]: AVC apparmor="STATUS" operation="profile_load" profile="unconfined" name="libreoffice-oopslash" pid=804 comm="apparmor_parser"
Nis 18 20:47:51 utku-Linux audit[802]: AVC apparmor="STATUS" operation="profile_load" profile="unconfined" name="/usr/bin/man" pid=802 comm="apparmor_parser"
Nis 18 20:47:51 utku-Linux audit[802]: AVC apparmor="STATUS" operation="profile_load" profile="unconfined" name="man_filter" pid=802 comm="apparmor_parser"
Nis 18 20:47:51 utku-Linux audit[802]: AVC apparmor="STATUS" operation="profile_load" profile="unconfined" name="man_groff" pid=802 comm="apparmor_parser"
Nis 18 20:47:51 utku-Linux audit[806]: AVC apparmor="STATUS" operation="profile_load" profile="unconfined" name="libreoffice-senddoc" pid=806 comm="apparmor_parser"
Nis 18 20:47:51 utku-Linux audit[798]: AVC apparmor="STATUS" operation="profile_load" profile="unconfined" name="/usr/lib/lightdm/lightdm-guest-session" pid=798 comm="apparmor_parser"
Nis 18 20:47:51 utku-Linux audit[798]: AVC apparmor="STATUS" operation="profile_load" profile="unconfined" name="/usr/lib/lightdm/lightdm-guest-session//chromium" pid=798 comm="apparmor_parser"
Nis 18 20:47:51 utku-Linux audit[797]: AVC apparmor="STATUS" operation="profile_load" profile="unconfined" name="/sbin/dhclient" pid=797 comm="apparmor_parser"
Nis 18 20:47:51 utku-Linux audit[797]: AVC apparmor="STATUS" operation="profile_load" profile="unconfined" name="/usr/lib/NetworkManager/nm-dhcp-client.action" pid=797 comm="apparmor_parser"
Nis 18 20:47:51 utku-Linux audit[797]: AVC apparmor="STATUS" operation="profile_load" profile="unconfined" name="/usr/lib/NetworkManager/nm-dhcp-helper" pid=797 comm="apparmor_parser"
Nis 18 20:47:51 utku-Linux audit[797]: AVC apparmor="STATUS" operation="profile_load" profile="unconfined" name="/usr/lib/connman/scripts/dhclient-script" pid=797 comm="apparmor_parser"
Nis 18 20:47:51 utku-Linux audit[810]: AVC apparmor="STATUS" operation="profile_load" profile="unconfined" name="libreoffice-xpdfimport" pid=810 comm="apparmor_parser"
Nis 18 20:47:51 utku-Linux audit[814]: AVC apparmor="STATUS" operation="profile_load" profile="unconfined" name="/usr/sbin/cups-browsed" pid=814 comm="apparmor_parser"
Nis 18 20:47:51 utku-Linux audit[818]: AVC apparmor="STATUS" operation="profile_load" profile="unconfined" name="/usr/sbin/ippusbxd" pid=818 comm="apparmor_parser"
Nis 18 20:47:51 utku-Linux audit[812]: AVC apparmor="STATUS" operation="profile_load" profile="unconfined" name="/usr/lib/snapd/snap-confine" pid=812 comm="apparmor_parser"
Nis 18 20:47:51 utku-Linux audit[812]: AVC apparmor="STATUS" operation="profile_load" profile="unconfined" name="/usr/lib/snapd/snap-confine//mount-namespace-capture-helper" pid=812 comm="apparmor_parser"
Nis 18 20:47:51 utku-Linux audit[822]: AVC apparmor="STATUS" operation="profile_load" profile="unconfined" name="/usr/sbin/tcpdump" pid=822 comm="apparmor_parser"
Nis 18 20:47:51 utku-Linux audit[816]: AVC apparmor="STATUS" operation="profile_load" profile="unconfined" name="/usr/lib/cups/backend/cups-pdf" pid=816 comm="apparmor_parser"
Nis 18 20:47:51 utku-Linux audit[816]: AVC apparmor="STATUS" operation="profile_load" profile="unconfined" name="/usr/sbin/cupsd" pid=816 comm="apparmor_parser"
Nis 18 20:47:51 utku-Linux audit[816]: AVC apparmor="STATUS" operation="profile_load" profile="unconfined" name="/usr/sbin/cupsd//third_party" pid=816 comm="apparmor_parser"
Nis 18 20:47:35 utku-Linux mtp-probe[370]: checking bus 1, device 3: "/sys/devices/pci0000:00/0000:00:12.0/usb1/1-1/1-1.1"
Nis 18 20:47:24 utku-Linux systemd[1]: Started LVM2 metadata daemon.
Nis 18 20:47:35 utku-Linux mtp-probe[370]: bus: 1, device: 3 was not an MTP device
Nis 18 20:47:24 utku-Linux systemd-modules-load[267]: Inserted module 'lp'
Nis 18 20:47:35 utku-Linux mtp-probe[383]: checking bus 1, device 5: "/sys/devices/pci0000:00/0000:00:12.0/usb1/1-1/1-1.4"
Nis 18 20:47:24 utku-Linux systemd[1]: Started Set the console keyboard layout.
Nis 18 20:47:35 utku-Linux mtp-probe[383]: bus: 1, device: 5 was not an MTP device
Nis 18 20:47:25 utku-Linux systemd-modules-load[267]: Inserted module 'ppdev'
Nis 18 20:47:25 utku-Linux systemd-modules-load[267]: Inserted module 'parport_pc'
Nis 18 20:47:25 utku-Linux systemd[1]: Started Create System Users.
Nis 18 20:47:25 utku-Linux systemd[1]: Starting Create Static Device Nodes in /dev...
Nis 18 20:47:25 utku-Linux systemd[1]: Started Monitoring of LVM2 mirrors, snapshots etc. using dmeventd or progress polling.
Nis 18 20:47:25 utku-Linux systemd-modules-load[267]: Inserted module 'lm92'
Nis 18 20:47:25 utku-Linux systemd[1]: systemd-modules-load.service: Main process exited, code=exited, status=1/FAILURE
Nis 18 20:47:25 utku-Linux systemd[1]: systemd-modules-load.service: Failed with result 'exit-code'.
Nis 18 20:47:25 utku-Linux systemd[1]: Failed to start Load Kernel Modules.
Nis 18 20:47:25 utku-Linux systemd[1]: Starting Apply Kernel Variables...
Nis 18 20:47:25 utku-Linux systemd[1]: Mounting FUSE Control File System...
Nis 18 20:47:25 utku-Linux systemd[1]: Mounting Kernel Configuration File System...
Nis 18 20:47:25 utku-Linux systemd[1]: Mounted FUSE Control File System.
Nis 18 20:47:25 utku-Linux systemd[1]: Mounted Kernel Configuration File System.
Nis 18 20:47:26 utku-Linux systemd[1]: Started Apply Kernel Variables.
Nis 18 20:47:26 utku-Linux systemd-tmpfiles[297]: [/usr/lib/tmpfiles.d/speech-dispatcher.conf:1] Line references path below legacy directory /var/run/, updating /var/run/speech-dispatcher  /run/speech-dispatcher; please update the tmpfiles.d/ drop-in file accordingly.
Nis 18 20:47:26 utku-Linux systemd-tmpfiles[297]: [/usr/lib/tmpfiles.d/speech-dispatcher.conf:2] Line references path below legacy directory /var/run/, updating /var/run/speech-dispatcher/.cache  /run/speech-dispatcher/.cache; please update the tmpfiles.d/ drop-in file accordingly.
Nis 18 20:47:26 utku-Linux systemd-tmpfiles[297]: [/usr/lib/tmpfiles.d/speech-dispatcher.conf:3] Line references path below legacy directory /var/run/, updating /var/run/speech-dispatcher/.speech-dispatcher  /run/speech-dispatcher/.speech-dispatcher; please update the tmpfiles.d/ drop-in file accordingly.
Nis 18 20:47:26 utku-Linux systemd-tmpfiles[297]: [/usr/lib/tmpfiles.d/speech-dispatcher.conf:4] Line references path below legacy directory /var/run/, updating /var/run/speech-dispatcher/.cache/speech-dispatcher  /run/speech-dispatcher/.cache/speech-dispatcher; please update the tmpfiles.d/ drop-in file accordingly.
Nis 18 20:47:26 utku-Linux systemd-tmpfiles[297]: [/usr/lib/tmpfiles.d/speech-dispatcher.conf:5] Line references path below legacy directory /var/run/, updating /var/run/speech-dispatcher/log  /run/speech-dispatcher/log; please update the tmpfiles.d/ drop-in file accordingly.
Nis 18 20:47:26 utku-Linux systemd-tmpfiles[297]: [/usr/lib/tmpfiles.d/spice-vdagentd.conf:2] Line references path below legacy directory /var/run/, updating /var/run/spice-vdagentd  /run/spice-vdagentd; please update the tmpfiles.d/ drop-in file accordingly.
Nis 18 20:47:56 utku-Linux systemd-fsck[583]: /dev/sda1: clean, 1862184/44253184 files, 166933105/177008640 blocks
Nis 18 20:47:26 utku-Linux systemd[1]: Started Create Static Device Nodes in /dev.
Nis 18 20:47:26 utku-Linux systemd[1]: Starting udev Kernel Device Manager...
Nis 18 20:47:26 utku-Linux systemd[1]: Reached target Local File Systems (Pre).
Nis 18 20:47:26 utku-Linux systemd[1]: Mounting Mount unit for anbox, revision 158...
Nis 18 20:47:26 utku-Linux systemd[1]: Mounting Mount unit for open-syobon-action, revision 57...
Nis 18 20:47:56 utku-Linux apparmor[635]:  * Starting AppArmor profiles
Nis 18 20:47:26 utku-Linux systemd[1]: Mounting Mount unit for core18, revision 782...
Nis 18 20:47:57 utku-Linux apparmor[635]: Skipping profile in /etc/apparmor.d/disable: usr.bin.firefox
Nis 18 20:47:26 utku-Linux systemd[1]: Mounting Mount unit for core, revision 6673...
Nis 18 20:47:57 utku-Linux apparmor[635]: Skipping profile in /etc/apparmor.d/disable: usr.sbin.rsyslogd
Nis 18 20:47:27 utku-Linux systemd[1]: Mounting Mount unit for core, revision 6531...
Nis 18 20:47:27 utku-Linux systemd[1]: Mounting Mount unit for core18, revision 941...
Nis 18 20:47:27 utku-Linux systemd[1]: Mounted Mount unit for core18, revision 782.
Nis 18 20:47:27 utku-Linux systemd[1]: Mounted Mount unit for open-syobon-action, revision 57.
Nis 18 20:47:27 utku-Linux systemd[1]: Mounted Mount unit for anbox, revision 158.
Nis 18 20:47:28 utku-Linux systemd[1]: Mounted Mount unit for core18, revision 941.
Nis 18 20:47:28 utku-Linux systemd[1]: Mounted Mount unit for core, revision 6673.
Nis 18 20:47:28 utku-Linux systemd-udevd[302]: invalid key/value pair in file /etc/udev/rules.d/51-android.rules on line 1, starting at character 79 (',')
Nis 18 20:47:28 utku-Linux systemd-udevd[302]: /lib/udev/rules.d/60-anbox-modules-dkms.rules:1: NAME="%k" is ignored, because it breaks kernel supplied names; please remove
Nis 18 20:47:28 utku-Linux systemd-udevd[302]: /lib/udev/rules.d/60-anbox-modules-dkms.rules:2: NAME="%k" is ignored, because it breaks kernel supplied names; please remove
Nis 18 20:47:29 utku-Linux systemd[1]: Mounted Mount unit for core, revision 6531.
Nis 18 20:47:30 utku-Linux systemd[1]: Started udev Kernel Device Manager.
Nis 18 20:47:30 utku-Linux systemd[1]: Starting Show Plymouth Boot Screen...
Nis 18 20:47:31 utku-Linux systemd[1]: Started Show Plymouth Boot Screen.
Nis 18 20:47:31 utku-Linux systemd[1]: Started Forward Password Requests to Plymouth Directory Watch.
Nis 18 20:47:31 utku-Linux systemd[1]: Reached target Local Encrypted Volumes.
Nis 18 20:47:32 utku-Linux systemd-udevd[322]: link_config: autonegotiation is unset or enabled, the speed and duplex are not writable.
Nis 18 20:47:34 utku-Linux systemd-udevd[323]: link_config: autonegotiation is unset or enabled, the speed and duplex are not writable.
Nis 18 20:47:35 utku-Linux systemd[1]: Listening on Load/Save RF Kill Switch Status /dev/rfkill Watch.
Nis 18 20:47:35 utku-Linux systemd[1]: Starting Load/Save RF Kill Switch Status...
Nis 18 20:47:35 utku-Linux systemd[1]: Created slice system-systemd\x2dbacklight.slice.
Nis 18 20:47:35 utku-Linux systemd[1]: Starting Load/Save Screen Backlight Brightness of backlight:acpi_video1...
Nis 18 20:47:35 utku-Linux systemd[1]: Starting Load/Save Screen Backlight Brightness of backlight:acpi_video0...
Nis 18 20:47:35 utku-Linux systemd-udevd[332]: link_config: autonegotiation is unset or enabled, the speed and duplex are not writable.
Nis 18 20:47:36 utku-Linux systemd[1]: Started Load/Save Screen Backlight Brightness of backlight:acpi_video0.
Nis 18 20:47:36 utku-Linux systemd[1]: Started Load/Save Screen Backlight Brightness of backlight:acpi_video1.
Nis 18 20:47:38 utku-Linux systemd[1]: Received SIGRTMIN+20 from PID 333 (plymouthd).
Nis 18 20:47:38 utku-Linux systemd[1]: Starting Load Kernel Modules...
Nis 18 20:47:38 utku-Linux systemd-modules-load[501]: Failed to find module 'ashmem_linux'
Nis 18 20:47:38 utku-Linux systemd-modules-load[501]: Failed to find module 'binder_linux'
Nis 18 20:47:38 utku-Linux systemd[1]: systemd-modules-load.service: Main process exited, code=exited, status=1/FAILURE
Nis 18 20:47:38 utku-Linux systemd[1]: systemd-modules-load.service: Failed with result 'exit-code'.
Nis 18 20:47:38 utku-Linux systemd[1]: Failed to start Load Kernel Modules.
Nis 18 20:47:39 utku-Linux systemd[1]: Started Load/Save RF Kill Switch Status.
Nis 18 20:47:39 utku-Linux systemd[1]: Starting Load Kernel Modules...
Nis 18 20:47:39 utku-Linux systemd-modules-load[507]: Failed to find module 'ashmem_linux'
Nis 18 20:47:39 utku-Linux systemd-modules-load[507]: Failed to find module 'binder_linux'
Nis 18 20:47:39 utku-Linux systemd[1]: systemd-modules-load.service: Main process exited, code=exited, status=1/FAILURE
Nis 18 20:47:39 utku-Linux systemd[1]: systemd-modules-load.service: Failed with result 'exit-code'.
Nis 18 20:47:39 utku-Linux systemd[1]: Failed to start Load Kernel Modules.
Nis 18 20:47:42 utku-Linux systemd[1]: Starting Load Kernel Modules...
Nis 18 20:47:42 utku-Linux systemd-modules-load[533]: Failed to find module 'ashmem_linux'
Nis 18 20:47:42 utku-Linux systemd-modules-load[533]: Failed to find module 'binder_linux'
Nis 18 20:47:42 utku-Linux systemd[1]: systemd-modules-load.service: Main process exited, code=exited, status=1/FAILURE
Nis 18 20:47:42 utku-Linux systemd[1]: systemd-modules-load.service: Failed with result 'exit-code'.
Nis 18 20:47:42 utku-Linux systemd[1]: Failed to start Load Kernel Modules.
Nis 18 20:47:44 utku-Linux systemd[1]: Found device WDC_WD10SPZX-21Z10T0 3.
Nis 18 20:47:44 utku-Linux systemd[1]: Mounting /mnt/sda3...
Nis 18 20:47:45 utku-Linux systemd[1]: Found device WDC_WD10SPZX-21Z10T0 1.
Nis 18 20:47:45 utku-Linux systemd[1]: Starting File System Check on /dev/disk/by-uuid/63450211-8dcb-4c6e-8bc6-01e4eafa6707...
Nis 18 20:47:45 utku-Linux systemd[1]: Mounted /mnt/sda3.
Nis 18 20:47:45 utku-Linux systemd[1]: Started File System Check Daemon to report status.
Nis 18 20:47:46 utku-Linux systemd[1]: Started File System Check on /dev/disk/by-uuid/63450211-8dcb-4c6e-8bc6-01e4eafa6707.
Nis 18 20:47:46 utku-Linux systemd[1]: Mounting /home...
Nis 18 20:47:46 utku-Linux systemd[1]: Mounted /home.
Nis 18 20:47:46 utku-Linux systemd[1]: Activating swap /home/swap...
Nis 18 20:47:46 utku-Linux systemd[1]: Reached target Local File Systems.
Nis 18 20:47:46 utku-Linux systemd[1]: Starting QEMU KVM preparation - module, ksm, hugepages...
Nis 18 20:47:46 utku-Linux systemd[1]: Starting Set console font and keymap...
Nis 18 20:47:46 utku-Linux systemd[1]: Starting AppArmor initialization...
Nis 18 20:47:46 utku-Linux systemd[1]: Starting GRUB failed boot detection...
Nis 18 20:47:46 utku-Linux systemd[1]: Starting Tell Plymouth To Write Out Runtime Data...
Nis 18 20:47:46 utku-Linux systemd[1]: Starting Enable support for additional executable binary formats...
Nis 18 20:47:47 utku-Linux systemd[1]: Started Set console font and keymap.
Nis 18 20:47:47 utku-Linux systemd[1]: Started Tell Plymouth To Write Out Runtime Data.
Nis 18 20:47:47 utku-Linux systemd[1]: Activated swap /home/swap.
Nis 18 20:47:47 utku-Linux systemd[1]: Reached target Swap.
Nis 18 20:47:47 utku-Linux systemd[1]: proc-sys-fs-binfmt_misc.automount: Got automount request for /proc/sys/fs/binfmt_misc, triggered by 641 (update-binfmts)
Nis 18 20:47:47 utku-Linux systemd[1]: Mounting Arbitrary Executable File Formats File System...
Nis 18 20:47:47 utku-Linux systemd[1]: Started QEMU KVM preparation - module, ksm, hugepages.
Nis 18 20:47:48 utku-Linux systemd[1]: Mounted Arbitrary Executable File Formats File System.
Nis 18 20:47:49 utku-Linux systemd[1]: Started GRUB failed boot detection.
Nis 18 20:47:49 utku-Linux systemd[1]: Started Enable support for additional executable binary formats.
Nis 18 20:47:53 utku-Linux systemd[1]: Started Flush Journal to Persistent Storage.
Nis 18 20:47:53 utku-Linux systemd[1]: Starting Create Volatile Files and Directories...
Nis 18 20:47:53 utku-Linux systemd-tmpfiles[823]: [/usr/lib/tmpfiles.d/speech-dispatcher.conf:1] Line references path below legacy directory /var/run/, updating /var/run/speech-dispatcher  /run/speech-dispatcher; please update the tmpfiles.d/ drop-in file accordingly.
Nis 18 20:47:53 utku-Linux systemd-tmpfiles[823]: [/usr/lib/tmpfiles.d/speech-dispatcher.conf:2] Line references path below legacy directory /var/run/, updating /var/run/speech-dispatcher/.cache  /run/speech-dispatcher/.cache; please update the tmpfiles.d/ drop-in file accordingly.
Nis 18 20:47:53 utku-Linux systemd-tmpfiles[823]: [/usr/lib/tmpfiles.d/speech-dispatcher.conf:3] Line references path below legacy directory /var/run/, updating /var/run/speech-dispatcher/.speech-dispatcher  /run/speech-dispatcher/.speech-dispatcher; please update the tmpfiles.d/ drop-in file accordingly.
Nis 18 20:47:53 utku-Linux systemd-tmpfiles[823]: [/usr/lib/tmpfiles.d/speech-dispatcher.conf:4] Line references path below legacy directory /var/run/, updating /var/run/speech-dispatcher/.cache/speech-dispatcher  /run/speech-dispatcher/.cache/speech-dispatcher; please update the tmpfiles.d/ drop-in file accordingly.
Nis 18 20:47:53 utku-Linux systemd-tmpfiles[823]: [/usr/lib/tmpfiles.d/speech-dispatcher.conf:5] Line references path below legacy directory /var/run/, updating /var/run/speech-dispatcher/log  /run/speech-dispatcher/log; please update the tmpfiles.d/ drop-in file accordingly.
Nis 18 20:47:53 utku-Linux systemd-tmpfiles[823]: [/usr/lib/tmpfiles.d/spice-vdagentd.conf:2] Line references path below legacy directory /var/run/, updating /var/run/spice-vdagentd  /run/spice-vdagentd; please update the tmpfiles.d/ drop-in file accordingly.
Nis 18 20:47:58 utku-Linux systemd[1]: Started Create Volatile Files and Directories.
Nis 18 20:47:58 utku-Linux systemd[1]: Starting Network Name Resolution...
Nis 18 20:47:58 utku-Linux systemd[1]: Starting Update UTMP about System Boot/Shutdown...
Nis 18 20:47:58 utku-Linux systemd[1]: Starting Network Time Synchronization...
Nis 18 20:47:58 utku-Linux systemd[1]: Started Update UTMP about System Boot/Shutdown.
Nis 18 20:47:59 utku-Linux systemd[1]: Started Network Time Synchronization.
Nis 18 20:47:59 utku-Linux systemd[1]: Reached target System Time Synchronized.
Nis 18 20:47:59 utku-Linux systemd-resolved[850]: Positive Trust Anchors:
Nis 18 20:47:59 utku-Linux systemd-resolved[850]: . IN DS 19036 8 2 49aac11d7b6f6446702e54a1607371607a1a41855200fd2ce1cdde32f24e8fb5
Nis 18 20:47:59 utku-Linux systemd-resolved[850]: . IN DS 20326 8 2 e06d44b80b8f1d39a95c0b0d7c65d08458e880409bbc683457104237c7f8ec8d
Nis 18 20:47:59 utku-Linux systemd-resolved[850]: Negative trust anchors: 10.in-addr.arpa 16.172.in-addr.arpa 17.172.in-addr.arpa 18.172.in-addr.arpa 19.172.in-addr.arpa 20.172.in-addr.arpa 21.172.in-addr.arpa 22.172.in-addr.arpa 23.172.in-addr.arpa 24.172.in-addr.arpa 25.172.in-addr.arpa 26.172.in-addr.arpa 27.172.in-addr.arpa 28.172.in-addr.arpa 29.172.in-addr.arpa 30.172.in-addr.arpa 31.172.in-addr.arpa 168.192.in-addr.arpa d.f.ip6.arpa corp home internal intranet lan local private test
Nis 18 20:47:59 utku-Linux systemd-resolved[850]: Using system hostname 'utku-Linux'.
Nis 18 20:47:59 utku-Linux systemd[1]: Started Network Name Resolution.
Nis 18 20:47:59 utku-Linux systemd[1]: Reached target Host and Network Name Lookups.
Nis 18 20:48:00 utku-Linux audit[808]: AVC apparmor="STATUS" operation="profile_load" profile="unconfined" name="libreoffice-soffice" pid=808 comm="apparmor_parser"
Nis 18 20:48:00 utku-Linux audit[808]: AVC apparmor="STATUS" operation="profile_load" profile="unconfined" name="libreoffice-soffice//gpg" pid=808 comm="apparmor_parser"
Nis 18 20:48:00 utku-Linux kernel: kauditd_printk_skb: 10 callbacks suppressed
Nis 18 20:48:01 utku-Linux kernel: audit: type=1400 audit(1555609680.955:22): apparmor="STATUS" operation="profile_load" profile="unconfined" name="libreoffice-soffice" pid=808 comm="apparmor_parser"
Nis 18 20:48:01 utku-Linux kernel: audit: type=1400 audit(1555609680.955:23): apparmor="STATUS" operation="profile_load" profile="unconfined" name="libreoffice-soffice//gpg" pid=808 comm="apparmor_parser"
Nis 18 20:48:01 utku-Linux kernel: audit: type=1400 audit(1555609681.219:24): apparmor="STATUS" operation="profile_load" profile="unconfined" name="snap.anbox.android-settings" pid=925 comm="apparmor_parser"
Nis 18 20:48:01 utku-Linux kernel: audit: type=1400 audit(1555609681.219:25): apparmor="STATUS" operation="profile_load" profile="unconfined" name="snap.anbox.collect-bug-info" pid=927 comm="apparmor_parser"
Nis 18 20:48:01 utku-Linux kernel: audit: type=1400 audit(1555609681.219:26): apparmor="STATUS" operation="profile_load" profile="unconfined" name="snap.anbox.appmgr" pid=926 comm="apparmor_parser"
Nis 18 20:48:01 utku-Linux audit[925]: AVC apparmor="STATUS" operation="profile_load" profile="unconfined" name="snap.anbox.android-settings" pid=925 comm="apparmor_parser"
Nis 18 20:48:01 utku-Linux audit[927]: AVC apparmor="STATUS" operation="profile_load" profile="unconfined" name="snap.anbox.collect-bug-info" pid=927 comm="apparmor_parser"
Nis 18 20:48:01 utku-Linux audit[926]: AVC apparmor="STATUS" operation="profile_load" profile="unconfined" name="snap.anbox.appmgr" pid=926 comm="apparmor_parser"
Nis 18 20:48:01 utku-Linux audit[931]: AVC apparmor="STATUS" operation="profile_load" profile="unconfined" name="snap.anbox.container-manager" pid=931 comm="apparmor_parser"
Nis 18 20:48:01 utku-Linux kernel: audit: type=1400 audit(1555609681.439:27): apparmor="STATUS" operation="profile_load" profile="unconfined" name="snap.anbox.container-manager" pid=931 comm="apparmor_parser"
Nis 18 20:48:01 utku-Linux kernel: audit: type=1400 audit(1555609681.439:28): apparmor="STATUS" operation="profile_load" profile="unconfined" name="snap.anbox.anbox" pid=934 comm="apparmor_parser"
Nis 18 20:48:01 utku-Linux kernel: audit: type=1400 audit(1555609681.439:29): apparmor="STATUS" operation="profile_load" profile="unconfined" name="snap.anbox.hook.configure" pid=932 comm="apparmor_parser"
Nis 18 20:48:01 utku-Linux kernel: audit: type=1400 audit(1555609681.443:30): apparmor="STATUS" operation="profile_load" profile="unconfined" name="snap.anbox.hook.install" pid=933 comm="apparmor_parser"
Nis 18 20:48:01 utku-Linux kernel: audit: type=1400 audit(1555609681.459:31): apparmor="STATUS" operation="profile_load" profile="unconfined" name="snap.anbox.shell" pid=938 comm="apparmor_parser"
Nis 18 20:48:01 utku-Linux audit[934]: AVC apparmor="STATUS" operation="profile_load" profile="unconfined" name="snap.anbox.anbox" pid=934 comm="apparmor_parser"
Nis 18 20:48:01 utku-Linux audit[932]: AVC apparmor="STATUS" operation="profile_load" profile="unconfined" name="snap.anbox.hook.configure" pid=932 comm="apparmor_parser"
Nis 18 20:48:01 utku-Linux audit[933]: AVC apparmor="STATUS" operation="profile_load" profile="unconfined" name="snap.anbox.hook.install" pid=933 comm="apparmor_parser"
Nis 18 20:48:01 utku-Linux audit[938]: AVC apparmor="STATUS" operation="profile_load" profile="unconfined" name="snap.anbox.shell" pid=938 comm="apparmor_parser"
Nis 18 20:48:01 utku-Linux audit[941]: AVC apparmor="STATUS" operation="profile_load" profile="unconfined" name="snap.core.hook.configure" pid=941 comm="apparmor_parser"
Nis 18 20:48:01 utku-Linux audit[942]: AVC apparmor="STATUS" operation="profile_load" profile="unconfined" name="snap.open-syobon-action.open-syobon-action" pid=942 comm="apparmor_parser"
